Archive member included to satisfy reference by file (symbol)

app/libapp.a(main.c.obj)      (--whole-archive)
zephyr/libzephyr.a(cbprintf_packaged.c.obj)
                              (--whole-archive)
zephyr/libzephyr.a(dec.c.obj)
                              (--whole-archive)
zephyr/libzephyr.a(hex.c.obj)
                              (--whole-archive)
zephyr/libzephyr.a(printk.c.obj)
                              (--whole-archive)
zephyr/libzephyr.a(rb.c.obj)  (--whole-archive)
zephyr/libzephyr.a(sem.c.obj)
                              (--whole-archive)
zephyr/libzephyr.a(thread_entry.c.obj)
                              (--whole-archive)
zephyr/libzephyr.a(timeutil.c.obj)
                              (--whole-archive)
zephyr/libzephyr.a(heap.c.obj)
                              (--whole-archive)
zephyr/libzephyr.a(heap-validate.c.obj)
                              (--whole-archive)
zephyr/libzephyr.a(bitarray.c.obj)
                              (--whole-archive)
zephyr/libzephyr.a(multi_heap.c.obj)
                              (--whole-archive)
zephyr/libzephyr.a(onoff.c.obj)
                              (--whole-archive)
zephyr/libzephyr.a(notify.c.obj)
                              (--whole-archive)
zephyr/libzephyr.a(cbprintf_complete.c.obj)
                              (--whole-archive)
zephyr/libzephyr.a(assert.c.obj)
                              (--whole-archive)
zephyr/libzephyr.a(reboot.c.obj)
                              (--whole-archive)
zephyr/libzephyr.a(configs.c.obj)
                              (--whole-archive)
zephyr/libzephyr.a(mem_attr.c.obj)
                              (--whole-archive)
zephyr/libzephyr.a(tracing_none.c.obj)
                              (--whole-archive)
zephyr/libzephyr.a(nrf_cc3xx_platform_abort_zephyr.c.obj)
                              (--whole-archive)
zephyr/libzephyr.a(nrf_cc3xx_platform_mutex_zephyr.c.obj)
                              (--whole-archive)
zephyr/arch/common/libarch__common.a(sw_isr_common.c.obj)
                              (--whole-archive)
zephyr/arch/arch/arm/core/libarch__arm__core.a(fatal.c.obj)
                              (--whole-archive)
zephyr/arch/arch/arm/core/libarch__arm__core.a(nmi.c.obj)
                              (--whole-archive)
zephyr/arch/arch/arm/core/libarch__arm__core.a(nmi_on_reset.S.obj)
                              (--whole-archive)
zephyr/arch/arch/arm/core/libarch__arm__core.a(tls.c.obj)
                              (--whole-archive)
zephyr/arch/arch/arm/core/cortex_m/libarch__arm__core__cortex_m.a(exc_exit.S.obj)
                              (--whole-archive)
zephyr/arch/arch/arm/core/cortex_m/libarch__arm__core__cortex_m.a(fault.c.obj)
                              (--whole-archive)
zephyr/arch/arch/arm/core/cortex_m/libarch__arm__core__cortex_m.a(fault_s.S.obj)
                              (--whole-archive)
zephyr/arch/arch/arm/core/cortex_m/libarch__arm__core__cortex_m.a(fpu.c.obj)
                              (--whole-archive)
zephyr/arch/arch/arm/core/cortex_m/libarch__arm__core__cortex_m.a(reset.S.obj)
                              (--whole-archive)
zephyr/arch/arch/arm/core/cortex_m/libarch__arm__core__cortex_m.a(scb.c.obj)
                              (--whole-archive)
zephyr/arch/arch/arm/core/cortex_m/libarch__arm__core__cortex_m.a(thread_abort.c.obj)
                              (--whole-archive)
zephyr/arch/arch/arm/core/cortex_m/libarch__arm__core__cortex_m.a(vector_table.S.obj)
                              (--whole-archive)
zephyr/arch/arch/arm/core/cortex_m/libarch__arm__core__cortex_m.a(swap.c.obj)
                              (--whole-archive)
zephyr/arch/arch/arm/core/cortex_m/libarch__arm__core__cortex_m.a(swap_helper.S.obj)
                              (--whole-archive)
zephyr/arch/arch/arm/core/cortex_m/libarch__arm__core__cortex_m.a(irq_manage.c.obj)
                              (--whole-archive)
zephyr/arch/arch/arm/core/cortex_m/libarch__arm__core__cortex_m.a(prep_c.c.obj)
                              (--whole-archive)
zephyr/arch/arch/arm/core/cortex_m/libarch__arm__core__cortex_m.a(thread.c.obj)
                              (--whole-archive)
zephyr/arch/arch/arm/core/cortex_m/libarch__arm__core__cortex_m.a(cpu_idle.S.obj)
                              (--whole-archive)
zephyr/arch/arch/arm/core/cortex_m/libarch__arm__core__cortex_m.a(irq_init.c.obj)
                              (--whole-archive)
zephyr/arch/arch/arm/core/cortex_m/libarch__arm__core__cortex_m.a(isr_wrapper.S.obj)
                              (--whole-archive)
zephyr/arch/arch/arm/core/cortex_m/libarch__arm__core__cortex_m.a(__aeabi_read_tp.S.obj)
                              (--whole-archive)
zephyr/arch/arch/arm/core/mpu/libarch__arm__core__mpu.a(arm_core_mpu.c.obj)
                              (--whole-archive)
zephyr/arch/arch/arm/core/mpu/libarch__arm__core__mpu.a(arm_mpu.c.obj)
                              (--whole-archive)
[...]
Memory Configuration

Name             Origin             Length             Attributes
FLASH            0x0000000000000000 0x0000000000100000 xr
RAM              0x0000000020000000 0x0000000000040000 xw
IDT_LIST         0x00000000ffff7fff 0x0000000000008000 xw
*default*        0x0000000000000000 0xffffffffffffffff

Linker script and memory map

                0x00000000000069cc                vfprintf = __d_vfprintf
                0x0000000000000000                vfscanf = __d_vfscanf
LOAD zephyr/CMakeFiles/zephyr_pre0.dir/misc/empty_file.c.obj
LOAD zephyr/CMakeFiles/offsets.dir/./arch/arm/core/offsets/offsets.c.obj
LOAD app/libapp.a
LOAD zephyr/libzephyr.a
LOAD zephyr/arch/common/libarch__common.a
LOAD zephyr/arch/arch/arm/core/libarch__arm__core.a
LOAD zephyr/arch/arch/arm/core/cortex_m/libarch__arm__core__cortex_m.a
LOAD zephyr/arch/arch/arm/core/mpu/libarch__arm__core__mpu.a
LOAD zephyr/lib/libc/picolibc/liblib__libc__picolibc.a
LOAD zephyr/lib/libc/common/liblib__libc__common.a
LOAD zephyr/soc/soc/arm/nordic_nrf/libsoc__arm__nordic_nrf.a
LOAD zephyr/drivers/clock_control/libdrivers__clock_control.a
LOAD zephyr/drivers/console/libdrivers__console.a
LOAD zephyr/drivers/gpio/libdrivers__gpio.a
LOAD zephyr/drivers/i2c/libdrivers__i2c.a
LOAD zephyr/drivers/pinctrl/libdrivers__pinctrl.a
LOAD zephyr/drivers/sensor/bma280/libdrivers__sensor__bma280.a
LOAD zephyr/drivers/sensor/nrf5/libdrivers__sensor__nrf5.a
LOAD zephyr/drivers/serial/libdrivers__serial.a
LOAD zephyr/drivers/timer/libdrivers__timer.a
LOAD modules/nrf/lib/fatal_error/lib..__nrf__lib__fatal_error.a
LOAD modules/nrf/drivers/hw_cc3xx/lib..__nrf__drivers__hw_cc3xx.a
LOAD modules/hal_nordic/nrfx/libmodules__hal_nordic__nrfx.a
LOAD modules/segger/libmodules__segger.a
LOAD zephyr/kernel/libkernel.a
LOAD c:/ncs/toolchains/cf2149caf2/opt/zephyr-sdk/arm-zephyr-eabi/bin/../lib/gcc/arm-zephyr-eabi/12.2.0/thumb/v7e-m/nofp\libgcc.a
LOAD zephyr/arch/common/libisr_tables.a
LOAD C:/ncs/v2.6.1/nrfxlib/crypto/nrf_cc310_platform/lib/cortex-m4/soft-float/no-interrupts/libnrf_cc310_platform_0.9.19.a
LOAD c:\ncs\toolchains\cf2149caf2\opt\zephyr-sdk\arm-zephyr-eabi\bin\../lib/gcc/../../picolibc/arm-zephyr-eabi/lib/thumb/v7e-m/nofp\libc.a
LOAD c:/ncs/toolchains/cf2149caf2/opt/zephyr-sdk/arm-zephyr-eabi/bin/../lib/gcc/arm-zephyr-eabi/12.2.0/thumb/v7e-m/nofp\libgcc.a
                0x0000000000000020                _region_min_align = 0x20

.rel.plt        0x0000000000000000        0x0
 *(SORT_BY_ALIGNMENT(.rel.plt))
                [!provide]                        PROVIDE (__rel_iplt_start = .)
 *(SORT_BY_ALIGNMENT(.rel.iplt))
 .rel.iplt      0x0000000000000000        0x0 app/libapp.a(main.c.obj)
                [!provide]                        PROVIDE (__rel_iplt_end = .)

.rela.plt       0x0000000000000000        0x0
 *(SORT_BY_ALIGNMENT(.rela.plt))
                [!provide]                        PROVIDE (__rela_iplt_start = .)
 *(SORT_BY_ALIGNMENT(.rela.iplt))
                [!provide]                        PROVIDE (__rela_iplt_end = .)

.rel.dyn
 *(SORT_BY_ALIGNMENT(.rel.*))

.rela.dyn
 *(SORT_BY_ALIGNMENT(.rela.*))

/DISCARD/
 *(SORT_BY_ALIGNMENT(.plt))

/DISCARD/
 *(SORT_BY_ALIGNMENT(.iplt))
                0x0000000000000000                __rom_region_start = 0x0

rom_start       0x0000000000000000      0x100
                0x0000000000000000                __rom_start_address = .
 FILL mask 0x00
                0x0000000000000000                . = (. + (0x0 - (. - __rom_start_address)))
                0x0000000000000000                . = ALIGN (0x4)
                0x0000000000000000                . = ALIGN (0x80)
                0x0000000000000000                . = ALIGN (0x100)
                0x0000000000000000                _vector_start = .
 *(SORT_BY_ALIGNMENT(.exc_vector_table))
 *(SORT_BY_ALIGNMENT(.exc_vector_table.*))
 .exc_vector_table._vector_table_section
                0x0000000000000000       0x40 zephyr/arch/arch/arm/core/cortex_m/libarch__arm__core__cortex_m.a(vector_table.S.obj)
                0x0000000000000000                _vector_table
 *(SORT_BY_ALIGNMENT(.vectors))
                0x0000000000000100                _vector_end = .
                0x0000000000000040                . = ALIGN (0x4)
 *(SORT_BY_ALIGNMENT(.gnu.linkonce.irq_vector_table*))
 .gnu.linkonce.irq_vector_table
                0x0000000000000040       0xc0 zephyr/arch/common/libisr_tables.a(isr_tables.c.obj)
                0x0000000000000040                _irq_vector_table
                0x0000000000000100                _vector_end = .

text            0x0000000000000100     0x9040
                0x0000000000000100                __text_region_start = .
 *(SORT_BY_ALIGNMENT(.text))
 .text          0x0000000000000100      0x378 c:/ncs/toolchains/cf2149caf2/opt/zephyr-sdk/arm-zephyr-eabi/bin/../lib/gcc/arm-zephyr-eabi/12.2.0/thumb/v7e-m/nofp\libgcc.a(_arm_addsubdf3.o)
                0x0000000000000100                __aeabi_drsub
                0x0000000000000108                __aeabi_dsub
                0x0000000000000108                __subdf3
                0x000000000000010c                __aeabi_dadd
                0x000000000000010c                __adddf3
                0x0000000000000384                __floatunsidf
                0x0000000000000384                __aeabi_ui2d
                0x00000000000003a4                __floatsidf
                0x00000000000003a4                __aeabi_i2d
                0x00000000000003c8                __aeabi_f2d
                0x00000000000003c8                __extendsfdf2
                0x000000000000040c                __floatundidf
                0x000000000000040c                __aeabi_ul2d
                0x000000000000041c                __floatdidf
                0x000000000000041c                __aeabi_l2d
 .text          0x0000000000000478      0x424 c:/ncs/toolchains/cf2149caf2/opt/zephyr-sdk/arm-zephyr-eabi/bin/../lib/gcc/arm-zephyr-eabi/12.2.0/thumb/v7e-m/nofp\libgcc.a(_arm_muldivdf3.o)
                0x0000000000000478                __aeabi_dmul
                0x0000000000000478                __muldf3
                0x00000000000006cc                __divdf3
                0x00000000000006cc                __aeabi_ddiv
 .text          0x000000000000089c       0x40 c:/ncs/toolchains/cf2149caf2/opt/zephyr-sdk/arm-zephyr-eabi/bin/../lib/gcc/arm-zephyr-eabi/12.2.0/thumb/v7e-m/nofp\libgcc.a(_arm_fixunsdfsi.o)
                0x000000000000089c                __aeabi_d2uiz
                0x000000000000089c                __fixunsdfsi
 .text          0x00000000000008dc      0x21c c:/ncs/toolchains/cf2149caf2/opt/zephyr-sdk/arm-zephyr-eabi/bin/../lib/gcc/arm-zephyr-eabi/12.2.0/thumb/v7e-m/nofp\libgcc.a(_arm_addsubsf3.o)
                0x00000000000008dc                __aeabi_frsub
                0x00000000000008e4                __subsf3
                0x00000000000008e4                __aeabi_fsub
                0x00000000000008e8                __aeabi_fadd
                0x00000000000008e8                __addsf3
                0x0000000000000a48                __aeabi_ui2f
                0x0000000000000a48                __floatunsisf
                0x0000000000000a50                __aeabi_i2f
                0x0000000000000a50                __floatsisf
                0x0000000000000a6c                __aeabi_ul2f
                0x0000000000000a6c                __floatundisf
                0x0000000000000a7c                __aeabi_l2f
                0x0000000000000a7c                __floatdisf
 .text          0x0000000000000af8      0x2a0 c:/ncs/toolchains/cf2149caf2/opt/zephyr-sdk/arm-zephyr-eabi/bin/../lib/gcc/arm-zephyr-eabi/12.2.0/thumb/v7e-m/nofp\libgcc.a(_arm_muldivsf3.o)
                0x0000000000000af8                __mulsf3
                0x0000000000000af8                __aeabi_fmul
                0x0000000000000c60                __aeabi_fdiv
                0x0000000000000c60                __divsf3
 .text          0x0000000000000d98       0xa0 c:/ncs/toolchains/cf2149caf2/opt/zephyr-sdk/arm-zephyr-eabi/bin/../lib/gcc/arm-zephyr-eabi/12.2.0/thumb/v7e-m/nofp\libgcc.a(_aeabi_ldivmod.o)
                0x0000000000000d98                __aeabi_ldivmod
 .text          0x0000000000000e38       0x30 c:/ncs/toolchains/cf2149caf2/opt/zephyr-sdk/arm-zephyr-eabi/bin/../lib/gcc/arm-zephyr-eabi/12.2.0/thumb/v7e-m/nofp\libgcc.a(_aeabi_uldivmod.o)
                0x0000000000000e38                __aeabi_uldivmod
 .text          0x0000000000000e68        0x4 c:/ncs/toolchains/cf2149caf2/opt/zephyr-sdk/arm-zephyr-eabi/bin/../lib/gcc/arm-zephyr-eabi/12.2.0/thumb/v7e-m/nofp\libgcc.a(_dvmd_tls.o)
                0x0000000000000e68                __aeabi_idiv0
                0x0000000000000e68                __aeabi_ldiv0
 .text          0x0000000000000e6c      0x2a0 c:/ncs/toolchains/cf2149caf2/opt/zephyr-sdk/arm-zephyr-eabi/bin/../lib/gcc/arm-zephyr-eabi/12.2.0/thumb/v7e-m/nofp\libgcc.a(_udivmoddi4.o)
                0x0000000000000e6c                __udivmoddi4
 *(SORT_BY_ALIGNMENT(.text.*))
 *fill*         0x000000000000110c        0x4 
 .text.bma280_attr_set
                0x0000000000001110       0x8c zephyr/drivers/sensor/bma280/libdrivers__sensor__bma280.a(bma280_trigger.c.obj)
                0x0000000000001110                bma280_attr_set
 .text.BME280_comp_temperature
                0x000000000000119c       0x94 app/libapp.a(main.c.obj)
                0x000000000000119c                BME280_comp_temperature
 .text.BME280_comp_Press
                0x0000000000001230      0x1a0 app/libapp.a(main.c.obj)
                0x0000000000001230                BME280_comp_Press
 .text.BME280_comp_Humidity
                0x00000000000013d0       0xb8 app/libapp.a(main.c.obj)
                0x00000000000013d0                BME280_comp_Humidity
 .text.IsCCS811Ready
                0x0000000000001488       0x4c app/libapp.a(main.c.obj)
                0x0000000000001488                IsCCS811Ready
 .text.BME280_RRegister
                0x00000000000014d4       0x34 app/libapp.a(main.c.obj)
                0x00000000000014d4                BME280_RRegister
 .text.BME280_SetStandbyTime
                0x0000000000001508       0x3c app/libapp.a(main.c.obj)
                0x0000000000001508                BME280_SetStandbyTime
 .text.BME280_SetFilter
                0x0000000000001544       0x3c app/libapp.a(main.c.obj)
                0x0000000000001544                BME280_SetFilter
 .text.BME280_CheckSampleValue
                0x0000000000001580       0x10 app/libapp.a(main.c.obj)
                0x0000000000001580                BME280_CheckSampleValue
 .text.BME280_SetMode
                0x0000000000001590       0x38 app/libapp.a(main.c.obj)
                0x0000000000001590                BME280_SetMode
 .text.BME280_SetPressureOverSample
                0x00000000000015c8       0x5c app/libapp.a(main.c.obj)
                0x00000000000015c8                BME280_SetPressureOverSample
 .text.BME280_SetHumidityOverSample
                0x0000000000001624       0x44 app/libapp.a(main.c.obj)
                0x0000000000001624                BME280_SetHumidityOverSample
 .text.BME280_SetTempOverSample
                0x0000000000001668       0x48 app/libapp.a(main.c.obj)
                0x0000000000001668                BME280_SetTempOverSample
 .text.BME280_Calibration
                0x00000000000016b0      0x1b0 app/libapp.a(main.c.obj)
                0x00000000000016b0                BME280_Calibration
 .text.VCNL4040_ReadCommand
                0x0000000000001860       0x2c app/libapp.a(main.c.obj)
                0x0000000000001860                VCNL4040_ReadCommand
 .text.IsVNCL4040Ready
                0x000000000000188c       0x48 app/libapp.a(main.c.obj)
                0x000000000000188c                IsVNCL4040Ready
 .text.writeCommand
                0x00000000000018d4       0x2c app/libapp.a(main.c.obj)
                0x00000000000018d4                writeCommand
 .text.ResetCCS811
                0x0000000000001900       0x30 app/libapp.a(main.c.obj)
                0x0000000000001900                ResetCCS811
 .text.CCS811_CheckForStatusError
                0x0000000000001930       0x40 app/libapp.a(main.c.obj)
                0x0000000000001930                CCS811_CheckForStatusError
 .text.CCS811_CheckAppValid
                0x0000000000001970       0x40 app/libapp.a(main.c.obj)
                0x0000000000001970                CCS811_CheckAppValid
 .text.CCS811_WDataToStartApp
                0x00000000000019b0       0x30 app/libapp.a(main.c.obj)
                0x00000000000019b0                CCS811_WDataToStartApp
 .text.CCS811_SetDriveMode
                0x00000000000019e0       0x44 app/libapp.a(main.c.obj)
                0x00000000000019e0                CCS811_SetDriveMode
 .text.CCS811_ReadAlgorithmResults
                0x0000000000001a24       0x5c app/libapp.a(main.c.obj)
                0x0000000000001a24                CCS811_ReadAlgorithmResults
 .text.CCS811_DataAvailable
                0x0000000000001a80       0x34 app/libapp.a(main.c.obj)
                0x0000000000001a80                CCS811_DataAvailable
 .text.Ctrl_SensorBME280
                0x0000000000001ab4      0x118 app/libapp.a(main.c.obj)
                0x0000000000001ab4                Ctrl_SensorBME280
 .text.Ctrl_SensorCCS811
                0x0000000000001bcc       0x60 app/libapp.a(main.c.obj)
                0x0000000000001bcc                Ctrl_SensorCCS811
 .text.Ctrl_SensorVCNL4040
                0x0000000000001c2c       0x48 app/libapp.a(main.c.obj)
                0x0000000000001c2c                Ctrl_SensorVCNL4040
 .text.main     0x0000000000001c74       0xe4 app/libapp.a(main.c.obj)
                0x0000000000001c74                main
 .text.char_out
                0x0000000000001d58        0xc zephyr/libzephyr.a(printk.c.obj)
 .text.__printk_hook_install
                0x0000000000001d64        0xc zephyr/libzephyr.a(printk.c.obj)
                0x0000000000001d64                __printk_hook_install
 .text.vprintk  0x0000000000001d70       0x30 zephyr/libzephyr.a(printk.c.obj)
                0x0000000000001d70                vprintk
 .text.z_thread_entry
                0x0000000000001da0       0x34 zephyr/libzephyr.a(thread_entry.c.obj)
                0x0000000000001da0                z_thread_entry
 .text.process_event
                0x0000000000001dd4      0x21c zephyr/libzephyr.a(onoff.c.obj)
 .text.sys_reboot
                0x0000000000001ff0       0x30 zephyr/libzephyr.a(reboot.c.obj)
                0x0000000000001ff0                sys_reboot
 .text.mem_attr_get_regions
                0x0000000000002020        0xc zephyr/libzephyr.a(mem_attr.c.obj)
                0x0000000000002020                mem_attr_get_regions
 .text.nrf_cc3xx_platform_abort_init
                0x000000000000202c        0xc zephyr/libzephyr.a(nrf_cc3xx_platform_abort_zephyr.c.obj)
                0x000000000000202c                nrf_cc3xx_platform_abort_init
 .text.mutex_free_platform
                0x0000000000002038       0x54 zephyr/libzephyr.a(nrf_cc3xx_platform_mutex_zephyr.c.obj)
 .text.mutex_lock_platform
                0x000000000000208c       0x60 zephyr/libzephyr.a(nrf_cc3xx_platform_mutex_zephyr.c.obj)
 .text.mutex_unlock_platform
                0x00000000000020ec       0x58 zephyr/libzephyr.a(nrf_cc3xx_platform_mutex_zephyr.c.obj)
 .text.mutex_init_platform
                0x0000000000002144       0x94 zephyr/libzephyr.a(nrf_cc3xx_platform_mutex_zephyr.c.obj)
 .text.nrf_cc3xx_platform_mutex_init
                0x00000000000021d8       0x2c zephyr/libzephyr.a(nrf_cc3xx_platform_mutex_zephyr.c.obj)
                0x00000000000021d8                nrf_cc3xx_platform_mutex_init
 .text.z_SysNmiOnReset
                0x0000000000002204        0x8 zephyr/arch/arch/arm/core/libarch__arm__core.a(nmi_on_reset.S.obj)
                0x0000000000002204                z_SysNmiOnReset
 .text.arch_tls_stack_setup
                0x000000000000220c       0x5c zephyr/arch/arch/arm/core/libarch__arm__core.a(tls.c.obj)
                0x000000000000220c                arch_tls_stack_setup
 .text._HandlerModeExit
                0x0000000000002268       0x1c zephyr/arch/arch/arm/core/cortex_m/libarch__arm__core__cortex_m.a(exc_exit.S.obj)
                0x0000000000002268                z_arm_int_exit
                0x0000000000002268                z_arm_exc_exit
 .text.mem_manage_fault
                0x0000000000002284       0xa0 zephyr/arch/arch/arm/core/cortex_m/libarch__arm__core__cortex_m.a(fault.c.obj)
 .text.usage_fault.constprop.0
                0x0000000000002324       0x54 zephyr/arch/arch/arm/core/cortex_m/libarch__arm__core__cortex_m.a(fault.c.obj)
 .text.bus_fault.constprop.0
                0x0000000000002378       0x6c zephyr/arch/arch/arm/core/cortex_m/libarch__arm__core__cortex_m.a(fault.c.obj)
 .text.z_arm_fault
                0x00000000000023e4      0x128 zephyr/arch/arch/arm/core/cortex_m/libarch__arm__core__cortex_m.a(fault.c.obj)
                0x00000000000023e4                z_arm_fault
 .text.z_arm_fault_init
                0x000000000000250c       0x10 zephyr/arch/arch/arm/core/cortex_m/libarch__arm__core__cortex_m.a(fault.c.obj)
                0x000000000000250c                z_arm_fault_init
 .text.__fault  0x000000000000251c       0x14 zephyr/arch/arch/arm/core/cortex_m/libarch__arm__core__cortex_m.a(fault_s.S.obj)
                0x000000000000251c                z_arm_usage_fault
                0x000000000000251c                z_arm_mpu_fault
                0x000000000000251c                z_arm_exc_spurious
                0x000000000000251c                z_arm_debug_monitor
                0x000000000000251c                z_arm_hard_fault
                0x000000000000251c                z_arm_bus_fault
 .text._reset_section
                0x0000000000002530       0x54 zephyr/arch/arch/arm/core/cortex_m/libarch__arm__core__cortex_m.a(reset.S.obj)
                0x0000000000002530                __start
                0x0000000000002530                z_arm_reset
 .text.sys_arch_reboot
                0x0000000000002584       0x24 zephyr/arch/arch/arm/core/cortex_m/libarch__arm__core__cortex_m.a(scb.c.obj)
                0x0000000000002584                sys_arch_reboot
 .text.z_arm_clear_arm_mpu_config
                0x00000000000025a8       0x24 zephyr/arch/arch/arm/core/cortex_m/libarch__arm__core__cortex_m.a(scb.c.obj)
                0x00000000000025a8                z_arm_clear_arm_mpu_config
 .text.z_arm_init_arch_hw_at_boot
                0x00000000000025cc       0x64 zephyr/arch/arch/arm/core/cortex_m/libarch__arm__core__cortex_m.a(scb.c.obj)
                0x00000000000025cc                z_arm_init_arch_hw_at_boot
 .text.z_impl_k_thread_abort
                0x0000000000002630       0x2c zephyr/arch/arch/arm/core/cortex_m/libarch__arm__core__cortex_m.a(thread_abort.c.obj)
                0x0000000000002630                z_impl_k_thread_abort
 .text.arch_swap
                0x000000000000265c       0x30 zephyr/arch/arch/arm/core/cortex_m/libarch__arm__core__cortex_m.a(swap.c.obj)
                0x000000000000265c                arch_swap
 .text.z_arm_pendsv
                0x000000000000268c       0x64 zephyr/arch/arch/arm/core/cortex_m/libarch__arm__core__cortex_m.a(swap_helper.S.obj)
                0x000000000000268c                z_arm_pendsv
 .text.z_arm_svc
                0x00000000000026f0       0x20 zephyr/arch/arch/arm/core/cortex_m/libarch__arm__core__cortex_m.a(swap_helper.S.obj)
                0x00000000000026f0                z_arm_svc
 .text.arch_irq_enable
                0x0000000000002710       0x1c zephyr/arch/arch/arm/core/cortex_m/libarch__arm__core__cortex_m.a(irq_manage.c.obj)
                0x0000000000002710                arch_irq_enable
 .text.arch_irq_disable
                0x000000000000272c       0x28 zephyr/arch/arch/arm/core/cortex_m/libarch__arm__core__cortex_m.a(irq_manage.c.obj)
                0x000000000000272c                arch_irq_disable
 .text.arch_irq_is_enabled
                0x0000000000002754       0x1c zephyr/arch/arch/arm/core/cortex_m/libarch__arm__core__cortex_m.a(irq_manage.c.obj)
                0x0000000000002754                arch_irq_is_enabled
 .text.z_arm_irq_priority_set
                0x0000000000002770       0x30 zephyr/arch/arch/arm/core/cortex_m/libarch__arm__core__cortex_m.a(irq_manage.c.obj)
                0x0000000000002770                z_arm_irq_priority_set
 .text.z_arm_prep_c
                0x00000000000027a0       0x38 zephyr/arch/arch/arm/core/cortex_m/libarch__arm__core__cortex_m.a(prep_c.c.obj)
                0x00000000000027a0                z_arm_prep_c
 .text.arch_new_thread
                0x00000000000027d8       0x38 zephyr/arch/arch/arm/core/cortex_m/libarch__arm__core__cortex_m.a(thread.c.obj)
                0x00000000000027d8                arch_new_thread
 .text.z_check_thread_stack_fail
                0x0000000000002810       0x2c zephyr/arch/arch/arm/core/cortex_m/libarch__arm__core__cortex_m.a(thread.c.obj)
                0x0000000000002810                z_check_thread_stack_fail
 .text.arch_switch_to_main_thread
                0x000000000000283c       0x38 zephyr/arch/arch/arm/core/cortex_m/libarch__arm__core__cortex_m.a(thread.c.obj)
                0x000000000000283c                arch_switch_to_main_thread
 .text.z_arm_cpu_idle_init
                0x0000000000002874        0xc zephyr/arch/arch/arm/core/cortex_m/libarch__arm__core__cortex_m.a(cpu_idle.S.obj)
                0x0000000000002874                z_arm_cpu_idle_init
 .text.arch_cpu_idle
                0x0000000000002880       0x1c zephyr/arch/arch/arm/core/cortex_m/libarch__arm__core__cortex_m.a(cpu_idle.S.obj)
                0x0000000000002880                arch_cpu_idle
 .text.arch_cpu_atomic_idle
                0x000000000000289c       0x18 zephyr/arch/arch/arm/core/cortex_m/libarch__arm__core__cortex_m.a(cpu_idle.S.obj)
                0x000000000000289c                arch_cpu_atomic_idle
 .text.z_arm_interrupt_init
                0x00000000000028b4       0x18 zephyr/arch/arch/arm/core/cortex_m/libarch__arm__core__cortex_m.a(irq_init.c.obj)
                0x00000000000028b4                z_arm_interrupt_init
 .text._isr_wrapper
                0x00000000000028cc       0x28 zephyr/arch/arch/arm/core/cortex_m/libarch__arm__core__cortex_m.a(isr_wrapper.S.obj)
                0x00000000000028cc                _isr_wrapper
 .text.z_arm_configure_static_mpu_regions
                0x00000000000028f4       0x18 zephyr/arch/arch/arm/core/mpu/libarch__arm__core__mpu.a(arm_core_mpu.c.obj)
                0x00000000000028f4                z_arm_configure_static_mpu_regions
 .text.z_arm_configure_dynamic_mpu_regions
                0x000000000000290c       0x20 zephyr/arch/arch/arm/core/mpu/libarch__arm__core__mpu.a(arm_core_mpu.c.obj)
                0x000000000000290c                z_arm_configure_dynamic_mpu_regions
 .text.region_init
                0x000000000000292c       0x28 zephyr/arch/arch/arm/core/mpu/libarch__arm__core__mpu.a(arm_mpu.c.obj)
 .text.arm_core_mpu_enable
                0x0000000000002954       0x18 zephyr/arch/arch/arm/core/mpu/libarch__arm__core__mpu.a(arm_mpu.c.obj)
                0x0000000000002954                arm_core_mpu_enable
 .text.arm_core_mpu_disable
                0x000000000000296c       0x14 zephyr/arch/arch/arm/core/mpu/libarch__arm__core__mpu.a(arm_mpu.c.obj)
                0x000000000000296c                arm_core_mpu_disable
 .text.arm_core_mpu_configure_static_mpu_regions
                0x0000000000002980       0x14 zephyr/arch/arch/arm/core/mpu/libarch__arm__core__mpu.a(arm_mpu.c.obj)
                0x0000000000002980                arm_core_mpu_configure_static_mpu_regions
 .text.arm_core_mpu_configure_dynamic_mpu_regions
                0x0000000000002994       0x30 zephyr/arch/arch/arm/core/mpu/libarch__arm__core__mpu.a(arm_mpu.c.obj)
                0x0000000000002994                arm_core_mpu_configure_dynamic_mpu_regions
 .text.z_arm_mpu_init
                0x00000000000029c4      0x124 zephyr/arch/arch/arm/core/mpu/libarch__arm__core__mpu.a(arm_mpu.c.obj)
                0x00000000000029c4                z_arm_mpu_init
 .text.z_impl_zephyr_fputc
                0x0000000000002ae8       0x10 zephyr/lib/libc/picolibc/liblib__libc__picolibc.a(libc-hooks.c.obj)
                0x0000000000002ae8                z_impl_zephyr_fputc
 .text.__stdout_hook_install
                0x0000000000002af8       0x18 zephyr/lib/libc/picolibc/liblib__libc__picolibc.a(libc-hooks.c.obj)
                0x0000000000002af8                __stdout_hook_install
 .text.malloc_prepare
                0x0000000000002b10       0x24 zephyr/lib/libc/common/liblib__libc__common.a(malloc.c.obj)
 .text.nordicsemi_nrf52_init
                0x0000000000002b34       0x44 zephyr/soc/soc/arm/nordic_nrf/libsoc__arm__nordic_nrf.a(soc.c.obj)
 .text.arch_busy_wait
                0x0000000000002b78       0x14 zephyr/soc/soc/arm/nordic_nrf/libsoc__arm__nordic_nrf.a(soc.c.obj)
                0x0000000000002b78                arch_busy_wait
 .text.z_arm_platform_init
                0x0000000000002b8c        0x4 zephyr/soc/soc/arm/nordic_nrf/libsoc__arm__nordic_nrf.a(soc_nrf_common.S.obj)
                0x0000000000002b8c                z_arm_platform_init
 .text.onoff_stop
                0x0000000000002b90       0x30 zephyr/drivers/clock_control/libdrivers__clock_control.a(clock_control_nrf.c.obj)
 .text.onoff_start
                0x0000000000002bc0       0x44 zephyr/drivers/clock_control/libdrivers__clock_control.a(clock_control_nrf.c.obj)
 .text.clk_init
                0x0000000000002c04       0x58 zephyr/drivers/clock_control/libdrivers__clock_control.a(clock_control_nrf.c.obj)
 .text.clkstarted_handle.constprop.0
                0x0000000000002c5c       0x34 zephyr/drivers/clock_control/libdrivers__clock_control.a(clock_control_nrf.c.obj)
 .text.clock_event_handler
                0x0000000000002c90       0x1c zephyr/drivers/clock_control/libdrivers__clock_control.a(clock_control_nrf.c.obj)
 .text.generic_hfclk_start
                0x0000000000002cac       0x64 zephyr/drivers/clock_control/libdrivers__clock_control.a(clock_control_nrf.c.obj)
 .text.api_blocking_start
                0x0000000000002d10       0x34 zephyr/drivers/clock_control/libdrivers__clock_control.a(clock_control_nrf.c.obj)
 .text.generic_hfclk_stop
                0x0000000000002d44       0x34 zephyr/drivers/clock_control/libdrivers__clock_control.a(clock_control_nrf.c.obj)
 .text.z_nrf_clock_control_get_onoff
                0x0000000000002d78       0x10 zephyr/drivers/clock_control/libdrivers__clock_control.a(clock_control_nrf.c.obj)
                0x0000000000002d78                z_nrf_clock_control_get_onoff
 .text.z_nrf_clock_control_lf_on
                0x0000000000002d88       0xfc zephyr/drivers/clock_control/libdrivers__clock_control.a(clock_control_nrf.c.obj)
                0x0000000000002d88                z_nrf_clock_control_lf_on
 .text.uart_console_init
                0x0000000000002e84       0x28 zephyr/drivers/console/libdrivers__console.a(uart_console.c.obj)
 .text.console_out
                0x0000000000002eac       0x28 zephyr/drivers/console/libdrivers__console.a(uart_console.c.obj)
 .text.gpio_nrfx_pin_interrupt_configure
                0x0000000000002ed4      0x100 zephyr/drivers/gpio/libdrivers__gpio.a(gpio_nrfx.c.obj)
 .text.gpio_nrfx_init
                0x0000000000002fd4       0x48 zephyr/drivers/gpio/libdrivers__gpio.a(gpio_nrfx.c.obj)
 .text.nrfx_gpio_handler
                0x000000000000301c       0x4c zephyr/drivers/gpio/libdrivers__gpio.a(gpio_nrfx.c.obj)
 .text.gpio_nrfx_pin_configure
                0x0000000000003068      0x18c zephyr/drivers/gpio/libdrivers__gpio.a(gpio_nrfx.c.obj)
 .text.i2c_nrfx_twi_recover_bus
                0x00000000000031f4       0x24 zephyr/drivers/i2c/libdrivers__i2c.a(i2c_nrfx_twi.c.obj)
 .text.twi_0_init
                0x0000000000003218       0x58 zephyr/drivers/i2c/libdrivers__i2c.a(i2c_nrfx_twi.c.obj)
 .text.event_handler
                0x0000000000003270       0x34 zephyr/drivers/i2c/libdrivers__i2c.a(i2c_nrfx_twi.c.obj)
 .text.i2c_nrfx_twi_transfer
                0x00000000000032a4      0x100 zephyr/drivers/i2c/libdrivers__i2c.a(i2c_nrfx_twi.c.obj)
 .text.nrf_gpio_pin_port_decode
                0x00000000000033a4       0x20 zephyr/drivers/pinctrl/libdrivers__pinctrl.a(pinctrl_nrf.c.obj)
 .text.pinctrl_configure_pins
                0x00000000000033c4      0x1a4 zephyr/drivers/pinctrl/libdrivers__pinctrl.a(pinctrl_nrf.c.obj)
                0x00000000000033c4                pinctrl_configure_pins
 .text.bma280_channel_accel_convert
                0x0000000000003568       0x4c zephyr/drivers/sensor/bma280/libdrivers__sensor__bma280.a(bma280.c.obj)
 .text.bma280_channel_get
                0x00000000000035b4       0x84 zephyr/drivers/sensor/bma280/libdrivers__sensor__bma280.a(bma280.c.obj)
 .text.bma280_init_interrupt
                0x0000000000003638       0xfc zephyr/drivers/sensor/bma280/libdrivers__sensor__bma280.a(bma280_trigger.c.obj)
                0x0000000000003638                bma280_init_interrupt
 .text.hfclk_on_callback
                0x0000000000003734        0xc zephyr/drivers/sensor/nrf5/libdrivers__sensor__nrf5.a(temp_nrf5.c.obj)
 .text.temp_nrf5_channel_get
                0x0000000000003740       0x2c zephyr/drivers/sensor/nrf5/libdrivers__sensor__nrf5.a(temp_nrf5.c.obj)
 .text.temp_nrf5_isr
                0x000000000000376c       0x18 zephyr/drivers/sensor/nrf5/libdrivers__sensor__nrf5.a(temp_nrf5.c.obj)
 .text.temp_nrf5_sample_fetch
                0x0000000000003784       0x78 zephyr/drivers/sensor/nrf5/libdrivers__sensor__nrf5.a(temp_nrf5.c.obj)
 .text.temp_nrf5_init
                0x00000000000037fc       0x40 zephyr/drivers/sensor/nrf5/libdrivers__sensor__nrf5.a(temp_nrf5.c.obj)
 .text.uarte_0_init
                0x000000000000383c      0x258 zephyr/drivers/serial/libdrivers__serial.a(uart_nrfx_uarte.c.obj)
 .text.uarte_nrfx_poll_out
                0x0000000000003a94       0xcc zephyr/drivers/serial/libdrivers__serial.a(uart_nrfx_uarte.c.obj)
 .text.compare_int_lock
                0x0000000000003b60       0x48 zephyr/drivers/timer/libdrivers__timer.a(nrf_rtc_timer.c.obj)
 .text.sys_clock_timeout_handler
                0x0000000000003ba8       0x48 zephyr/drivers/timer/libdrivers__timer.a(nrf_rtc_timer.c.obj)
 .text.compare_int_unlock
                0x0000000000003bf0       0x5c zephyr/drivers/timer/libdrivers__timer.a(nrf_rtc_timer.c.obj)
 .text.z_nrf_rtc_timer_read
                0x0000000000003c4c       0x44 zephyr/drivers/timer/libdrivers__timer.a(nrf_rtc_timer.c.obj)
                0x0000000000003c4c                z_nrf_rtc_timer_read
 .text.compare_set
                0x0000000000003c90      0x130 zephyr/drivers/timer/libdrivers__timer.a(nrf_rtc_timer.c.obj)
 .text.sys_clock_driver_init
                0x0000000000003dc0       0x90 zephyr/drivers/timer/libdrivers__timer.a(nrf_rtc_timer.c.obj)
 .text.rtc_nrf_isr
                0x0000000000003e50       0xd4 zephyr/drivers/timer/libdrivers__timer.a(nrf_rtc_timer.c.obj)
                0x0000000000003e50                rtc_nrf_isr
 .text.sys_clock_set_timeout
                0x0000000000003f24       0x5c zephyr/drivers/timer/libdrivers__timer.a(nrf_rtc_timer.c.obj)
                0x0000000000003f24                sys_clock_set_timeout
 .text.sys_clock_elapsed
                0x0000000000003f80       0x14 zephyr/drivers/timer/libdrivers__timer.a(nrf_rtc_timer.c.obj)
                0x0000000000003f80                sys_clock_elapsed
 .text.sys_clock_disable
                0x0000000000003f94       0x30 zephyr/drivers/timer/libdrivers__timer.a(nrf_rtc_timer.c.obj)
                0x0000000000003f94                sys_clock_disable
 .text.nrf52_errata_98
                0x0000000000003fc4       0x24 modules/hal_nordic/nrfx/libmodules__hal_nordic__nrfx.a(system_nrf52840.c.obj)
 .text.nvmc_wait
                0x0000000000003fe8       0x10 modules/hal_nordic/nrfx/libmodules__hal_nordic__nrfx.a(system_nrf52840.c.obj)
                0x0000000000003fe8                nvmc_wait
 .text.SystemInit
                0x0000000000003ff8      0x1bc modules/hal_nordic/nrfx/libmodules__hal_nordic__nrfx.a(system_nrf52840.c.obj)
                0x0000000000003ff8                SystemInit
 .text.nrfx_flag32_alloc
                0x00000000000041b4       0x48 modules/hal_nordic/nrfx/libmodules__hal_nordic__nrfx.a(nrfx_flag32_allocator.c.obj)
                0x00000000000041b4                nrfx_flag32_alloc
 .text.nrfx_flag32_free
                0x00000000000041fc       0x40 modules/hal_nordic/nrfx/libmodules__hal_nordic__nrfx.a(nrfx_flag32_allocator.c.obj)
                0x00000000000041fc                nrfx_flag32_free
 .text.nrfx_gppi_channels_enable
                0x000000000000423c        0xc modules/hal_nordic/nrfx/libmodules__hal_nordic__nrfx.a(nrfx_gppi_ppi.c.obj)
                0x000000000000423c                nrfx_gppi_channels_enable
 .text.clock_stop
                0x0000000000004248       0xc4 modules/hal_nordic/nrfx/libmodules__hal_nordic__nrfx.a(nrfx_clock.c.obj)
 .text.nrfx_clock_init
                0x000000000000430c       0x20 modules/hal_nordic/nrfx/libmodules__hal_nordic__nrfx.a(nrfx_clock.c.obj)
                0x000000000000430c                nrfx_clock_init
 .text.nrfx_clock_enable
                0x000000000000432c       0x24 modules/hal_nordic/nrfx/libmodules__hal_nordic__nrfx.a(nrfx_clock.c.obj)
                0x000000000000432c                nrfx_clock_enable
 .text.nrfx_clock_start
                0x0000000000004350       0xa8 modules/hal_nordic/nrfx/libmodules__hal_nordic__nrfx.a(nrfx_clock.c.obj)
                0x0000000000004350                nrfx_clock_start
 .text.nrfx_power_clock_irq_handler
                0x00000000000043f8       0x68 modules/hal_nordic/nrfx/libmodules__hal_nordic__nrfx.a(nrfx_clock.c.obj)
                0x00000000000043f8                nrfx_power_clock_irq_handler
 .text.nrf_gpio_pin_port_decode
                0x0000000000004460       0x20 modules/hal_nordic/nrfx/libmodules__hal_nordic__nrfx.a(nrfx_gpiote.c.obj)
 .text.get_pin_idx
                0x0000000000004480       0x14 modules/hal_nordic/nrfx/libmodules__hal_nordic__nrfx.a(nrfx_gpiote.c.obj)
 .text.call_handler.constprop.0
                0x0000000000004494       0x40 modules/hal_nordic/nrfx/libmodules__hal_nordic__nrfx.a(nrfx_gpiote.c.obj)
 .text.pin_te_get.constprop.0
                0x00000000000044d4       0x18 modules/hal_nordic/nrfx/libmodules__hal_nordic__nrfx.a(nrfx_gpiote.c.obj)
 .text.pin_is_output.constprop.0
                0x00000000000044ec       0x18 modules/hal_nordic/nrfx/libmodules__hal_nordic__nrfx.a(nrfx_gpiote.c.obj)
 .text.pin_in_use_by_te.constprop.0
                0x0000000000004504       0x18 modules/hal_nordic/nrfx/libmodules__hal_nordic__nrfx.a(nrfx_gpiote.c.obj)
 .text.latch_pending_read_and_check
                0x000000000000451c       0x40 modules/hal_nordic/nrfx/libmodules__hal_nordic__nrfx.a(nrfx_gpiote.c.obj)
 .text.release_handler.isra.0
                0x000000000000455c       0x58 modules/hal_nordic/nrfx/libmodules__hal_nordic__nrfx.a(nrfx_gpiote.c.obj)
 .text.__nrfy_internal_gpiote_events_process.constprop.0
                0x00000000000045b4       0x5c modules/hal_nordic/nrfx/libmodules__hal_nordic__nrfx.a(nrfx_gpiote.c.obj)
 .text.pin_uninit
                0x0000000000004610       0x80 modules/hal_nordic/nrfx/libmodules__hal_nordic__nrfx.a(nrfx_gpiote.c.obj)
 .text.nrfx_gpiote_input_configure
                0x0000000000004690      0x174 modules/hal_nordic/nrfx/libmodules__hal_nordic__nrfx.a(nrfx_gpiote.c.obj)
                0x0000000000004690                nrfx_gpiote_input_configure
 .text.nrfx_gpiote_output_configure
                0x0000000000004804       0xfc modules/hal_nordic/nrfx/libmodules__hal_nordic__nrfx.a(nrfx_gpiote.c.obj)
                0x0000000000004804                nrfx_gpiote_output_configure
 .text.nrfx_gpiote_global_callback_set
                0x0000000000004900        0xc modules/hal_nordic/nrfx/libmodules__hal_nordic__nrfx.a(nrfx_gpiote.c.obj)
                0x0000000000004900                nrfx_gpiote_global_callback_set
 .text.nrfx_gpiote_channel_get
                0x000000000000490c       0x34 modules/hal_nordic/nrfx/libmodules__hal_nordic__nrfx.a(nrfx_gpiote.c.obj)
                0x000000000000490c                nrfx_gpiote_channel_get
 .text.nrfx_gpiote_init
                0x0000000000004940       0x70 modules/hal_nordic/nrfx/libmodules__hal_nordic__nrfx.a(nrfx_gpiote.c.obj)
                0x0000000000004940                nrfx_gpiote_init
 .text.nrfx_gpiote_init_check
                0x00000000000049b0       0x14 modules/hal_nordic/nrfx/libmodules__hal_nordic__nrfx.a(nrfx_gpiote.c.obj)
                0x00000000000049b0                nrfx_gpiote_init_check
 .text.nrfx_gpiote_channel_free
                0x00000000000049c4        0xc modules/hal_nordic/nrfx/libmodules__hal_nordic__nrfx.a(nrfx_gpiote.c.obj)
                0x00000000000049c4                nrfx_gpiote_channel_free
 .text.nrfx_gpiote_channel_alloc
                0x00000000000049d0        0xc modules/hal_nordic/nrfx/libmodules__hal_nordic__nrfx.a(nrfx_gpiote.c.obj)
                0x00000000000049d0                nrfx_gpiote_channel_alloc
 .text.nrfx_gpiote_trigger_enable
                0x00000000000049dc       0x9c modules/hal_nordic/nrfx/libmodules__hal_nordic__nrfx.a(nrfx_gpiote.c.obj)
                0x00000000000049dc                nrfx_gpiote_trigger_enable
 .text.nrfx_gpiote_0_irq_handler
                0x0000000000004a78      0x1bc modules/hal_nordic/nrfx/libmodules__hal_nordic__nrfx.a(nrfx_gpiote.c.obj)
                0x0000000000004a78                nrfx_gpiote_0_irq_handler
 .text.nrfx_ppi_channel_alloc
                0x0000000000004c34        0xc modules/hal_nordic/nrfx/libmodules__hal_nordic__nrfx.a(nrfx_ppi.c.obj)
                0x0000000000004c34                nrfx_ppi_channel_alloc
 .text.nrf_gpio_cfg.constprop.0
                0x0000000000004c40       0x48 modules/hal_nordic/nrfx/libmodules__hal_nordic__nrfx.a(nrfx_twi.c.obj)
 .text.twi_configure
                0x0000000000004c88       0x3c modules/hal_nordic/nrfx/libmodules__hal_nordic__nrfx.a(nrfx_twi.c.obj)
 .text.twi_tx_start_transfer
                0x0000000000004cc4      0x104 modules/hal_nordic/nrfx/libmodules__hal_nordic__nrfx.a(nrfx_twi.c.obj)
 .text.twi_rx_start_transfer
                0x0000000000004dc8       0xe4 modules/hal_nordic/nrfx/libmodules__hal_nordic__nrfx.a(nrfx_twi.c.obj)
 .text.nrfx_twi_init
                0x0000000000004eac       0x88 modules/hal_nordic/nrfx/libmodules__hal_nordic__nrfx.a(nrfx_twi.c.obj)
                0x0000000000004eac                nrfx_twi_init
 .text.nrfx_twi_enable
                0x0000000000004f34       0x20 modules/hal_nordic/nrfx/libmodules__hal_nordic__nrfx.a(nrfx_twi.c.obj)
                0x0000000000004f34                nrfx_twi_enable
 .text.nrfx_twi_disable
                0x0000000000004f54       0x38 modules/hal_nordic/nrfx/libmodules__hal_nordic__nrfx.a(nrfx_twi.c.obj)
                0x0000000000004f54                nrfx_twi_disable
 .text.nrfx_twi_xfer
                0x0000000000004f8c       0xdc modules/hal_nordic/nrfx/libmodules__hal_nordic__nrfx.a(nrfx_twi.c.obj)
                0x0000000000004f8c                nrfx_twi_xfer
 .text.nrfx_twi_0_irq_handler
                0x0000000000005068       0xd8 modules/hal_nordic/nrfx/libmodules__hal_nordic__nrfx.a(nrfx_twi.c.obj)
                0x0000000000005068                nrfx_twi_0_irq_handler
 .text.nrf_gpio_pin_port_decode
                0x0000000000005140       0x20 modules/hal_nordic/nrfx/libmodules__hal_nordic__nrfx.a(nrfx_twi_twim.c.obj)
 .text.nrfx_twi_twim_bus_recover
                0x0000000000005160       0xdc modules/hal_nordic/nrfx/libmodules__hal_nordic__nrfx.a(nrfx_twi_twim.c.obj)
                0x0000000000005160                nrfx_twi_twim_bus_recover
 .text._DoInit  0x000000000000523c       0x68 modules/segger/libmodules__segger.a(SEGGER_RTT.c.obj)
 .text.z_fatal_error
                0x00000000000052a4       0x30 zephyr/kernel/libkernel.a(fatal.c.obj)
                0x00000000000052a4                z_fatal_error
 .text.z_sys_init_run_level
                0x00000000000052d4       0x48 zephyr/kernel/libkernel.a(init.c.obj)
 .text.bg_thread_main
                0x000000000000531c       0x34 zephyr/kernel/libkernel.a(init.c.obj)
 .text.z_bss_zero
                0x0000000000005350       0x18 zephyr/kernel/libkernel.a(init.c.obj)
                0x0000000000005350                z_bss_zero
 .text.z_init_cpu
                0x0000000000005368       0x8c zephyr/kernel/libkernel.a(init.c.obj)
                0x0000000000005368                z_init_cpu
 .text.z_cstart
                0x00000000000053f4       0xdc zephyr/kernel/libkernel.a(init.c.obj)
                0x00000000000053f4                z_cstart
 .text.init_mem_slab_obj_core_list
                0x00000000000054d0       0x24 zephyr/kernel/libkernel.a(mem_slab.c.obj)
 .text.k_mem_slab_alloc
                0x00000000000054f4       0x5c zephyr/kernel/libkernel.a(mem_slab.c.obj)
                0x00000000000054f4                k_mem_slab_alloc
 .text.z_setup_new_thread
                0x0000000000005550       0x80 zephyr/kernel/libkernel.a(thread.c.obj)
                0x0000000000005550                z_setup_new_thread
 .text.z_impl_k_thread_create
                0x00000000000055d0       0x58 zephyr/kernel/libkernel.a(thread.c.obj)
                0x00000000000055d0                z_impl_k_thread_create
 .text.z_init_static_threads
                0x0000000000005628       0x98 zephyr/kernel/libkernel.a(thread.c.obj)
                0x0000000000005628                z_init_static_threads
 .text.z_impl_k_mutex_unlock
                0x00000000000056c0       0x78 zephyr/kernel/libkernel.a(mutex.c.obj)
                0x00000000000056c0                z_impl_k_mutex_unlock
 .text.z_impl_k_mutex_lock
                0x0000000000005738       0xf4 zephyr/kernel/libkernel.a(mutex.c.obj)
                0x0000000000005738                z_impl_k_mutex_lock
 .text.z_impl_k_sem_give
                0x000000000000582c       0x48 zephyr/kernel/libkernel.a(sem.c.obj)
                0x000000000000582c                z_impl_k_sem_give
 .text.z_impl_k_sem_take
                0x0000000000005874       0x50 zephyr/kernel/libkernel.a(sem.c.obj)
                0x0000000000005874                z_impl_k_sem_take
 .text.work_queue_main
                0x00000000000058c4      0x138 zephyr/kernel/libkernel.a(work.c.obj)
 .text.submit_to_queue_locked
                0x00000000000059fc       0xb4 zephyr/kernel/libkernel.a(work.c.obj)
 .text.k_work_submit
                0x0000000000005ab0        0xc zephyr/kernel/libkernel.a(work.c.obj)
                0x0000000000005ab0                k_work_submit
 .text.k_work_queue_start
                0x0000000000005abc       0x70 zephyr/kernel/libkernel.a(work.c.obj)
                0x0000000000005abc                k_work_queue_start
 .text.sliceable
                0x0000000000005b2c       0x3c zephyr/kernel/libkernel.a(sched.c.obj)
 .text.slice_timeout
                0x0000000000005b68       0x20 zephyr/kernel/libkernel.a(sched.c.obj)
 .text.z_reset_time_slice
                0x0000000000005b88       0x50 zephyr/kernel/libkernel.a(sched.c.obj)
                0x0000000000005b88                z_reset_time_slice
 .text.update_cache
                0x0000000000005bd8       0x3c zephyr/kernel/libkernel.a(sched.c.obj)
 .text.move_thread_to_end_of_prio_q
                0x0000000000005c14       0x74 zephyr/kernel/libkernel.a(sched.c.obj)
 .text.ready_thread
                0x0000000000005c88       0x68 zephyr/kernel/libkernel.a(sched.c.obj)
 .text.unready_thread
                0x0000000000005cf0       0x30 zephyr/kernel/libkernel.a(sched.c.obj)
 .text.pend_locked
                0x0000000000005d20       0x30 zephyr/kernel/libkernel.a(sched.c.obj)
 .text.z_thread_halt
                0x0000000000005d50       0xa0 zephyr/kernel/libkernel.a(sched.c.obj)
 .text.z_time_slice
                0x0000000000005df0       0x60 zephyr/kernel/libkernel.a(sched.c.obj)
                0x0000000000005df0                z_time_slice
 .text.z_pend_curr
                0x0000000000005e50       0x3c zephyr/kernel/libkernel.a(sched.c.obj)
                0x0000000000005e50                z_pend_curr
 .text.z_set_prio
                0x0000000000005e8c       0x8c zephyr/kernel/libkernel.a(sched.c.obj)
                0x0000000000005e8c                z_set_prio
 .text.z_reschedule
                0x0000000000005f18       0x24 zephyr/kernel/libkernel.a(sched.c.obj)
                0x0000000000005f18                z_reschedule
 .text.z_sched_start
                0x0000000000005f3c       0x3c zephyr/kernel/libkernel.a(sched.c.obj)
                0x0000000000005f3c                z_sched_start
 .text.k_sched_lock
                0x0000000000005f78       0x28 zephyr/kernel/libkernel.a(sched.c.obj)
                0x0000000000005f78                k_sched_lock
 .text.k_sched_unlock
                0x0000000000005fa0       0x38 zephyr/kernel/libkernel.a(sched.c.obj)
                0x0000000000005fa0                k_sched_unlock
 .text.z_sched_init
                0x0000000000005fd8       0x10 zephyr/kernel/libkernel.a(sched.c.obj)
                0x0000000000005fd8                z_sched_init
 .text.z_impl_k_yield
                0x0000000000005fe8       0x7c zephyr/kernel/libkernel.a(sched.c.obj)
                0x0000000000005fe8                z_impl_k_yield
 .text.z_tick_sleep
                0x0000000000006064       0x88 zephyr/kernel/libkernel.a(sched.c.obj)
 .text.z_impl_k_sleep
                0x00000000000060ec       0x34 zephyr/kernel/libkernel.a(sched.c.obj)
                0x00000000000060ec                z_impl_k_sleep
 .text.z_impl_k_sched_current_thread_query
                0x0000000000006120        0xc zephyr/kernel/libkernel.a(sched.c.obj)
                0x0000000000006120                z_impl_k_sched_current_thread_query
 .text.z_sched_wait
                0x000000000000612c       0x24 zephyr/kernel/libkernel.a(sched.c.obj)
                0x000000000000612c                z_sched_wait
 .text.z_data_copy
                0x0000000000006150       0x34 zephyr/kernel/libkernel.a(xip.c.obj)
                0x0000000000006150                z_data_copy
 .text.elapsed  0x0000000000006184       0x14 zephyr/kernel/libkernel.a(timeout.c.obj)
 .text.next_timeout
                0x0000000000006198       0x40 zephyr/kernel/libkernel.a(timeout.c.obj)
 .text.remove_timeout
                0x00000000000061d8       0x38 zephyr/kernel/libkernel.a(timeout.c.obj)
 .text.z_add_timeout
                0x0000000000006210       0xec zephyr/kernel/libkernel.a(timeout.c.obj)
                0x0000000000006210                z_add_timeout
 .text.sys_clock_announce
                0x00000000000062fc       0xd4 zephyr/kernel/libkernel.a(timeout.c.obj)
                0x00000000000062fc                sys_clock_announce
 .text.sys_clock_tick_get
                0x00000000000063d0       0x34 zephyr/kernel/libkernel.a(timeout.c.obj)
                0x00000000000063d0                sys_clock_tick_get
 .text.boot_banner
                0x0000000000006404        0xc zephyr/kernel/libkernel.a(banner.c.obj)
                0x0000000000006404                boot_banner
 .text.k_sys_work_q_init
                0x0000000000006410       0x34 zephyr/kernel/libkernel.a(system_work_q.c.obj)
 .text.nrf_cc3xx_platform_init_no_rng
                0x0000000000006444       0x38 C:/ncs/v2.6.1/nrfxlib/crypto/nrf_cc310_platform/lib/cortex-m4/soft-float/no-interrupts/libnrf_cc310_platform_0.9.19.a(nrf_cc3xx_platform.c.obj)
                0x0000000000006444                nrf_cc3xx_platform_init_no_rng
 .text.nrf_cc3xx_platform_abort
                0x000000000000647c       0x24 C:/ncs/v2.6.1/nrfxlib/crypto/nrf_cc310_platform/lib/cortex-m4/soft-float/no-interrupts/libnrf_cc310_platform_0.9.19.a(nrf_cc3xx_platform_abort.c.obj)
 .text.CC_PalAbort
                0x00000000000064a0       0x34 C:/ncs/v2.6.1/nrfxlib/crypto/nrf_cc310_platform/lib/cortex-m4/soft-float/no-interrupts/libnrf_cc310_platform_0.9.19.a(nrf_cc3xx_platform_abort.c.obj)
                0x00000000000064a0                CC_PalAbort
 .text.nrf_cc3xx_platform_set_abort
                0x00000000000064d4       0x10 C:/ncs/v2.6.1/nrfxlib/crypto/nrf_cc310_platform/lib/cortex-m4/soft-float/no-interrupts/libnrf_cc310_platform_0.9.19.a(nrf_cc3xx_platform_abort.c.obj)
                0x00000000000064d4                nrf_cc3xx_platform_set_abort
 .text.mutex_free
                0x00000000000064e4       0x34 C:/ncs/v2.6.1/nrfxlib/crypto/nrf_cc310_platform/lib/cortex-m4/soft-float/no-interrupts/libnrf_cc310_platform_0.9.19.a(nrf_cc3xx_platform_mutex.c.obj)
 .text.mutex_lock
                0x0000000000006518       0x48 C:/ncs/v2.6.1/nrfxlib/crypto/nrf_cc310_platform/lib/cortex-m4/soft-float/no-interrupts/libnrf_cc310_platform_0.9.19.a(nrf_cc3xx_platform_mutex.c.obj)
 .text.mutex_unlock
                0x0000000000006560       0x38 C:/ncs/v2.6.1/nrfxlib/crypto/nrf_cc310_platform/lib/cortex-m4/soft-float/no-interrupts/libnrf_cc310_platform_0.9.19.a(nrf_cc3xx_platform_mutex.c.obj)
 .text.mutex_init
                0x0000000000006598       0x20 C:/ncs/v2.6.1/nrfxlib/crypto/nrf_cc310_platform/lib/cortex-m4/soft-float/no-interrupts/libnrf_cc310_platform_0.9.19.a(nrf_cc3xx_platform_mutex.c.obj)
 .text.nrf_cc3xx_platform_set_mutexes
                0x00000000000065b8       0x74 C:/ncs/v2.6.1/nrfxlib/crypto/nrf_cc310_platform/lib/cortex-m4/soft-float/no-interrupts/libnrf_cc310_platform_0.9.19.a(nrf_cc3xx_platform_mutex.c.obj)
                0x00000000000065b8                nrf_cc3xx_platform_set_mutexes
 .text.CC_LibInitNoRng
                0x000000000000662c       0x64 C:/ncs/v2.6.1/nrfxlib/crypto/nrf_cc310_platform/lib/cortex-m4/soft-float/no-interrupts/libnrf_cc310_platform_0.9.19.a(cc_lib.c.obj)
                0x000000000000662c                CC_LibInitNoRng
 .text.CC_HalInit
                0x0000000000006690        0x4 C:/ncs/v2.6.1/nrfxlib/crypto/nrf_cc310_platform/lib/cortex-m4/soft-float/no-interrupts/libnrf_cc310_platform_0.9.19.a(cc_hal.c.obj)
                0x0000000000006690                CC_HalInit
 .text.CC_HalTerminate
                0x0000000000006694        0x4 C:/ncs/v2.6.1/nrfxlib/crypto/nrf_cc310_platform/lib/cortex-m4/soft-float/no-interrupts/libnrf_cc310_platform_0.9.19.a(cc_hal.c.obj)
                0x0000000000006694                CC_HalTerminate
 .text.CC_HalMaskInterrupt
                0x0000000000006698        0xc C:/ncs/v2.6.1/nrfxlib/crypto/nrf_cc310_platform/lib/cortex-m4/soft-float/no-interrupts/libnrf_cc310_platform_0.9.19.a(cc_hal.c.obj)
                0x0000000000006698                CC_HalMaskInterrupt
 .text.CC_PalInit
                0x00000000000066a4       0x5c C:/ncs/v2.6.1/nrfxlib/crypto/nrf_cc310_platform/lib/cortex-m4/soft-float/no-interrupts/libnrf_cc310_platform_0.9.19.a(cc_pal.c.obj)
                0x00000000000066a4                CC_PalInit
 .text.CC_PalTerminate
                0x0000000000006700       0x34 C:/ncs/v2.6.1/nrfxlib/crypto/nrf_cc310_platform/lib/cortex-m4/soft-float/no-interrupts/libnrf_cc310_platform_0.9.19.a(cc_pal.c.obj)
                0x0000000000006700                CC_PalTerminate
 .text.CC_PalDmaInit
                0x0000000000006734        0x4 C:/ncs/v2.6.1/nrfxlib/crypto/nrf_cc310_platform/lib/cortex-m4/soft-float/no-interrupts/libnrf_cc310_platform_0.9.19.a(cc_pal_dma.c.obj)
                0x0000000000006734                CC_PalDmaInit
 .text.CC_PalDmaTerminate
                0x0000000000006738        0x4 C:/ncs/v2.6.1/nrfxlib/crypto/nrf_cc310_platform/lib/cortex-m4/soft-float/no-interrupts/libnrf_cc310_platform_0.9.19.a(cc_pal_dma.c.obj)
                0x0000000000006738                CC_PalDmaTerminate
 .text.CC_PalMutexCreate
                0x000000000000673c       0x14 C:/ncs/v2.6.1/nrfxlib/crypto/nrf_cc310_platform/lib/cortex-m4/soft-float/no-interrupts/libnrf_cc310_platform_0.9.19.a(cc_pal_mutex.c.obj)
                0x000000000000673c                CC_PalMutexCreate
 .text.CC_PalMutexDestroy
                0x0000000000006750       0x14 C:/ncs/v2.6.1/nrfxlib/crypto/nrf_cc310_platform/lib/cortex-m4/soft-float/no-interrupts/libnrf_cc310_platform_0.9.19.a(cc_pal_mutex.c.obj)
                0x0000000000006750                CC_PalMutexDestroy
 .text.CC_PalPowerSaveModeInit
                0x0000000000006764       0x3c C:/ncs/v2.6.1/nrfxlib/crypto/nrf_cc310_platform/lib/cortex-m4/soft-float/no-interrupts/libnrf_cc310_platform_0.9.19.a(cc_pal_pm.c.obj)
                0x0000000000006764                CC_PalPowerSaveModeInit
 .text.CC_PalPowerSaveModeSelect
                0x00000000000067a0       0x84 C:/ncs/v2.6.1/nrfxlib/crypto/nrf_cc310_platform/lib/cortex-m4/soft-float/no-interrupts/libnrf_cc310_platform_0.9.19.a(cc_pal_pm.c.obj)
                0x00000000000067a0                CC_PalPowerSaveModeSelect
 .text.printf   0x0000000000006824       0x24 c:\ncs\toolchains\cf2149caf2\opt\zephyr-sdk\arm-zephyr-eabi\bin\../lib/gcc/../../picolibc/arm-zephyr-eabi/lib/thumb/v7e-m/nofp\libc.a(libc_tinystdio_printf.c.o)
                0x0000000000006824                printf
 .text.putchar  0x0000000000006848        0xc c:\ncs\toolchains\cf2149caf2\opt\zephyr-sdk\arm-zephyr-eabi\bin\../lib/gcc/../../picolibc/arm-zephyr-eabi/lib/thumb/v7e-m/nofp\libc.a(libc_tinystdio_putchar.c.o)
                0x0000000000006848                putchar
 .text.puts     0x0000000000006854       0x40 c:\ncs\toolchains\cf2149caf2\opt\zephyr-sdk\arm-zephyr-eabi\bin\../lib/gcc/../../picolibc/arm-zephyr-eabi/lib/thumb/v7e-m/nofp\libc.a(libc_tinystdio_puts.c.o)
                0x0000000000006854                puts
 .text.skip_to_arg
                0x0000000000006894      0x138 c:\ncs\toolchains\cf2149caf2\opt\zephyr-sdk\arm-zephyr-eabi\bin\../lib/gcc/../../picolibc/arm-zephyr-eabi/lib/thumb/v7e-m/nofp\libc.a(libc_tinystdio_vfprintf.c.o)
 .text.vfprintf
                0x00000000000069cc      0x9f8 c:\ncs\toolchains\cf2149caf2\opt\zephyr-sdk\arm-zephyr-eabi\bin\../lib/gcc/../../picolibc/arm-zephyr-eabi/lib/thumb/v7e-m/nofp\libc.a(libc_tinystdio_vfprintf.c.o)
                0x00000000000069cc                __d_vfprintf
 .text.div10    0x00000000000073c4       0x28 c:\ncs\toolchains\cf2149caf2\opt\zephyr-sdk\arm-zephyr-eabi\bin\../lib/gcc/../../picolibc/arm-zephyr-eabi/lib/thumb/v7e-m/nofp\libc.a(libc_tinystdio_dtoa_ryu.c.o)
 .text.__dtoa_engine
                0x00000000000073ec      0x49c c:\ncs\toolchains\cf2149caf2\opt\zephyr-sdk\arm-zephyr-eabi\bin\../lib/gcc/../../picolibc/arm-zephyr-eabi/lib/thumb/v7e-m/nofp\libc.a(libc_tinystdio_dtoa_ryu.c.o)
                0x00000000000073ec                __dtoa_engine
 .text.__log10Pow2
                0x0000000000007888        0xc c:\ncs\toolchains\cf2149caf2\opt\zephyr-sdk\arm-zephyr-eabi\bin\../lib/gcc/../../picolibc/arm-zephyr-eabi/lib/thumb/v7e-m/nofp\libc.a(libc_tinystdio_ryu_log10.c.o)
                0x0000000000007888                __log10Pow2
 .text.__log10Pow5
                0x0000000000007894        0xc c:\ncs\toolchains\cf2149caf2\opt\zephyr-sdk\arm-zephyr-eabi\bin\../lib/gcc/../../picolibc/arm-zephyr-eabi/lib/thumb/v7e-m/nofp\libc.a(libc_tinystdio_ryu_log10.c.o)
                0x0000000000007894                __log10Pow5
 .text.__pow5bits
                0x00000000000078a0       0x10 c:\ncs\toolchains\cf2149caf2\opt\zephyr-sdk\arm-zephyr-eabi\bin\../lib/gcc/../../picolibc/arm-zephyr-eabi/lib/thumb/v7e-m/nofp\libc.a(libc_tinystdio_ryu_pow5bits.c.o)
                0x00000000000078a0                __pow5bits
 .text.__pow5Factor
                0x00000000000078b0       0x30 c:\ncs\toolchains\cf2149caf2\opt\zephyr-sdk\arm-zephyr-eabi\bin\../lib/gcc/../../picolibc/arm-zephyr-eabi/lib/thumb/v7e-m/nofp\libc.a(libc_tinystdio_ryu_table.c.o)
                0x00000000000078b0                __pow5Factor
 .text.__double_computePow5
                0x00000000000078e0       0xe8 c:\ncs\toolchains\cf2149caf2\opt\zephyr-sdk\arm-zephyr-eabi\bin\../lib/gcc/../../picolibc/arm-zephyr-eabi/lib/thumb/v7e-m/nofp\libc.a(libc_tinystdio_ryu_table.c.o)
                0x00000000000078e0                __double_computePow5
 .text.__double_computeInvPow5
                0x00000000000079c8       0xf8 c:\ncs\toolchains\cf2149caf2\opt\zephyr-sdk\arm-zephyr-eabi\bin\../lib/gcc/../../picolibc/arm-zephyr-eabi/lib/thumb/v7e-m/nofp\libc.a(libc_tinystdio_ryu_table.c.o)
                0x00000000000079c8                __double_computeInvPow5
 .text._OffsetAbsSyms
                0x0000000000007ac0        0x2 zephyr/CMakeFiles/offsets.dir/./arch/arm/core/offsets/offsets.c.obj
                0x0000000000007ac0                _OffsetAbsSyms
 .text.i2c_transfer
                0x0000000000007ac2        0xc app/libapp.a(main.c.obj)
 .text.i2c_write
                0x0000000000007ace       0x1a app/libapp.a(main.c.obj)
 .text.i2c_reg_write_byte
                0x0000000000007ae8       0x1a app/libapp.a(main.c.obj)
 .text.i2c_write_read.constprop.0
                0x0000000000007b02       0x2a app/libapp.a(main.c.obj)
 .text.BME280_GetMode
                0x0000000000007b2c       0x1a app/libapp.a(main.c.obj)
                0x0000000000007b2c                BME280_GetMode
 .text.writeCommandLower
                0x0000000000007b46       0x1c app/libapp.a(main.c.obj)
                0x0000000000007b46                writeCommandLower
 .text.writeCommandUpper
                0x0000000000007b62       0x1a app/libapp.a(main.c.obj)
                0x0000000000007b62                writeCommandUpper
 .text.VCNL4040_ReadCommandUpper
                0x0000000000007b7c        0xc app/libapp.a(main.c.obj)
                0x0000000000007b7c                VCNL4040_ReadCommandUpper
 .text.bitMask  0x0000000000007b88       0x32 app/libapp.a(main.c.obj)
                0x0000000000007b88                bitMask
 .text.VCNL4040_SetLEDCurrent
                0x0000000000007bba       0x52 app/libapp.a(main.c.obj)
                0x0000000000007bba                VCNL4040_SetLEDCurrent
 .text.VCNL4040_setIRDutyCycle
                0x0000000000007c0c       0x26 app/libapp.a(main.c.obj)
                0x0000000000007c0c                VCNL4040_setIRDutyCycle
 .text.VCNL4040_setProxIntegrationTime
                0x0000000000007c32       0x28 app/libapp.a(main.c.obj)
                0x0000000000007c32                VCNL4040_setProxIntegrationTime
 .text.VCNL4040_SetProxResolution
                0x0000000000007c5a       0x14 app/libapp.a(main.c.obj)
                0x0000000000007c5a                VCNL4040_SetProxResolution
 .text.VCNL4040_EnableSmartPersistance
                0x0000000000007c6e        0xc app/libapp.a(main.c.obj)
                0x0000000000007c6e                VCNL4040_EnableSmartPersistance
 .text.VCNL4040_PowerOnProximity
                0x0000000000007c7a        0xc app/libapp.a(main.c.obj)
                0x0000000000007c7a                VCNL4040_PowerOnProximity
 .text.VCNL4040_PowerOnAmbient
                0x0000000000007c86        0xc app/libapp.a(main.c.obj)
                0x0000000000007c86                VCNL4040_PowerOnAmbient
 .text.VCNL4040_EnableWhiteChannel
                0x0000000000007c92        0xc app/libapp.a(main.c.obj)
                0x0000000000007c92                VCNL4040_EnableWhiteChannel
 .text.arch_printk_char_out
                0x0000000000007c9e        0x4 zephyr/libzephyr.a(printk.c.obj)
                0x0000000000007c9e                arch_printk_char_out
 .text.printk   0x0000000000007ca2       0x1a zephyr/libzephyr.a(printk.c.obj)
                0x0000000000007ca2                printk
 .text.chunk_size
                0x0000000000007cbc        0xa zephyr/libzephyr.a(heap.c.obj)
 .text.free_list_add
                0x0000000000007cc6       0x4e zephyr/libzephyr.a(heap.c.obj)
 .text.sys_heap_init
                0x0000000000007d14       0x7a zephyr/libzephyr.a(heap.c.obj)
                0x0000000000007d14                sys_heap_init
 .text.process_recheck
                0x0000000000007d8e       0x38 zephyr/libzephyr.a(onoff.c.obj)
 .text.validate_args
                0x0000000000007dc6       0x20 zephyr/libzephyr.a(onoff.c.obj)
 .text.notify_one
                0x0000000000007de6       0x2c zephyr/libzephyr.a(onoff.c.obj)
 .text.transition_complete
                0x0000000000007e12       0x1c zephyr/libzephyr.a(onoff.c.obj)
 .text.onoff_manager_init
                0x0000000000007e2e       0x26 zephyr/libzephyr.a(onoff.c.obj)
                0x0000000000007e2e                onoff_manager_init
 .text.onoff_request
                0x0000000000007e54       0xb0 zephyr/libzephyr.a(onoff.c.obj)
                0x0000000000007e54                onoff_request
 .text.onoff_release
                0x0000000000007f04       0x4a zephyr/libzephyr.a(onoff.c.obj)
                0x0000000000007f04                onoff_release
 .text.sys_notify_validate
                0x0000000000007f4e       0x22 zephyr/libzephyr.a(notify.c.obj)
                0x0000000000007f4e                sys_notify_validate
 .text.sys_notify_finalize
                0x0000000000007f70       0x1a zephyr/libzephyr.a(notify.c.obj)
                0x0000000000007f70                sys_notify_finalize
 .text._ConfigAbsSyms
                0x0000000000007f8a        0x2 zephyr/libzephyr.a(configs.c.obj)
                0x0000000000007f8a                _ConfigAbsSyms
 .text.abort_function
                0x0000000000007f8c        0x8 zephyr/libzephyr.a(nrf_cc3xx_platform_abort_zephyr.c.obj)
 .text.z_arm_fatal_error
                0x0000000000007f94        0x4 zephyr/arch/arch/arm/core/libarch__arm__core.a(fatal.c.obj)
                0x0000000000007f94                z_arm_fatal_error
 .text.z_do_kernel_oops
                0x0000000000007f98        0x8 zephyr/arch/arch/arm/core/libarch__arm__core.a(fatal.c.obj)
                0x0000000000007f98                z_do_kernel_oops
 .text.z_arm_nmi
                0x0000000000007fa0        0xe zephyr/arch/arch/arm/core/libarch__arm__core.a(nmi.c.obj)
                0x0000000000007fa0                z_arm_nmi
 .text.z_irq_spurious
                0x0000000000007fae        0x8 zephyr/arch/arch/arm/core/cortex_m/libarch__arm__core__cortex_m.a(irq_manage.c.obj)
                0x0000000000007fae                z_irq_spurious
 .text.size_to_mpu_rasr_size
                0x0000000000007fb6       0x20 zephyr/arch/arch/arm/core/mpu/libarch__arm__core__mpu.a(arm_mpu.c.obj)
 .text.mpu_configure_regions
                0x0000000000007fd6       0x5c zephyr/arch/arch/arm/core/mpu/libarch__arm__core__mpu.a(arm_mpu.c.obj)
 .text.picolibc_put
                0x0000000000008032        0xa zephyr/lib/libc/picolibc/liblib__libc__picolibc.a(libc-hooks.c.obj)
 .text.get_status
                0x000000000000803c       0x12 zephyr/drivers/clock_control/libdrivers__clock_control.a(clock_control_nrf.c.obj)
 .text.set_on_state
                0x000000000000804e       0x26 zephyr/drivers/clock_control/libdrivers__clock_control.a(clock_control_nrf.c.obj)
 .text.stop     0x0000000000008074       0x54 zephyr/drivers/clock_control/libdrivers__clock_control.a(clock_control_nrf.c.obj)
 .text.api_stop
                0x00000000000080c8        0x6 zephyr/drivers/clock_control/libdrivers__clock_control.a(clock_control_nrf.c.obj)
 .text.async_start
                0x00000000000080ce       0x5e zephyr/drivers/clock_control/libdrivers__clock_control.a(clock_control_nrf.c.obj)
 .text.api_start
                0x000000000000812c        0xe zephyr/drivers/clock_control/libdrivers__clock_control.a(clock_control_nrf.c.obj)
 .text.onoff_started_callback
                0x000000000000813a       0x12 zephyr/drivers/clock_control/libdrivers__clock_control.a(clock_control_nrf.c.obj)
 .text.lfclk_start
                0x000000000000814c        0x6 zephyr/drivers/clock_control/libdrivers__clock_control.a(clock_control_nrf.c.obj)
 .text.lfclk_stop
                0x0000000000008152        0x6 zephyr/drivers/clock_control/libdrivers__clock_control.a(clock_control_nrf.c.obj)
 .text.blocking_start_callback
                0x0000000000008158        0x6 zephyr/drivers/clock_control/libdrivers__clock_control.a(clock_control_nrf.c.obj)
 .text.gpio_nrfx_port_get_raw
                0x000000000000815e        0xe zephyr/drivers/gpio/libdrivers__gpio.a(gpio_nrfx.c.obj)
 .text.gpio_nrfx_port_set_masked_raw
                0x000000000000816c       0x18 zephyr/drivers/gpio/libdrivers__gpio.a(gpio_nrfx.c.obj)
 .text.gpio_nrfx_port_set_bits_raw
                0x0000000000008184        0xc zephyr/drivers/gpio/libdrivers__gpio.a(gpio_nrfx.c.obj)
 .text.gpio_nrfx_port_clear_bits_raw
                0x0000000000008190        0xc zephyr/drivers/gpio/libdrivers__gpio.a(gpio_nrfx.c.obj)
 .text.gpio_nrfx_port_toggle_bits
                0x000000000000819c       0x1a zephyr/drivers/gpio/libdrivers__gpio.a(gpio_nrfx.c.obj)
 .text.gpio_nrfx_manage_callback
                0x00000000000081b6       0x52 zephyr/drivers/gpio/libdrivers__gpio.a(gpio_nrfx.c.obj)
 .text.i2c_nrfx_twi_configure
                0x0000000000008208       0x32 zephyr/drivers/i2c/libdrivers__i2c.a(i2c_nrfx_twi.c.obj)
 .text.pinctrl_lookup_state
                0x000000000000823a       0x26 zephyr/drivers/pinctrl/libdrivers__pinctrl.a(common.c.obj)
                0x000000000000823a                pinctrl_lookup_state
 .text.z_impl_i2c_transfer
                0x0000000000008260        0xc zephyr/drivers/sensor/bma280/libdrivers__sensor__bma280.a(bma280.c.obj)
 .text.bma280_sample_fetch
                0x000000000000826c       0xac zephyr/drivers/sensor/bma280/libdrivers__sensor__bma280.a(bma280.c.obj)
 .text.bma280_init
                0x0000000000008318       0xbc zephyr/drivers/sensor/bma280/libdrivers__sensor__bma280.a(bma280.c.obj)
                0x0000000000008318                bma280_init
 .text.z_impl_i2c_transfer
                0x00000000000083d4        0xc zephyr/drivers/sensor/bma280/libdrivers__sensor__bma280.a(bma280_trigger.c.obj)
 .text.z_impl_gpio_pin_interrupt_configure.isra.0
                0x00000000000083e0       0x2e zephyr/drivers/sensor/bma280/libdrivers__sensor__bma280.a(bma280_trigger.c.obj)
 .text.bma280_gpio_callback
                0x000000000000840e       0x22 zephyr/drivers/sensor/bma280/libdrivers__sensor__bma280.a(bma280_trigger.c.obj)
 .text.i2c_reg_update_byte_dt
                0x0000000000008430       0x78 zephyr/drivers/sensor/bma280/libdrivers__sensor__bma280.a(bma280_trigger.c.obj)
 .text.bma280_work_cb
                0x00000000000084a8       0xc0 zephyr/drivers/sensor/bma280/libdrivers__sensor__bma280.a(bma280_trigger.c.obj)
 .text.bma280_trigger_set
                0x0000000000008568       0x70 zephyr/drivers/sensor/bma280/libdrivers__sensor__bma280.a(bma280_trigger.c.obj)
                0x0000000000008568                bma280_trigger_set
 .text.uarte_nrfx_err_check
                0x00000000000085d8        0xe zephyr/drivers/serial/libdrivers__serial.a(uart_nrfx_uarte.c.obj)
 .text.uarte_nrfx_poll_in
                0x00000000000085e6       0x28 zephyr/drivers/serial/libdrivers__serial.a(uart_nrfx_uarte.c.obj)
 .text.is_tx_ready.isra.0
                0x000000000000860e       0x20 zephyr/drivers/serial/libdrivers__serial.a(uart_nrfx_uarte.c.obj)
 .text.uarte_nrfx_isr_int
                0x000000000000862e       0x72 zephyr/drivers/serial/libdrivers__serial.a(uart_nrfx_uarte.c.obj)
 .text.event_clear
                0x00000000000086a0       0x18 zephyr/drivers/timer/libdrivers__timer.a(nrf_rtc_timer.c.obj)
 .text.k_sys_fatal_error_handler
                0x00000000000086b8        0x8 modules/nrf/lib/fatal_error/lib..__nrf__lib__fatal_error.a(fatal_error.c.obj)
                0x00000000000086b8                k_sys_fatal_error_handler
 .text.hw_cc3xx_init_internal
                0x00000000000086c0        0x4 modules/nrf/drivers/hw_cc3xx/lib..__nrf__drivers__hw_cc3xx.a(hw_cc3xx.c.obj)
 .text.hw_cc3xx_init
                0x00000000000086c4       0x12 modules/nrf/drivers/hw_cc3xx/lib..__nrf__drivers__hw_cc3xx.a(hw_cc3xx.c.obj)
 .text.nrfx_isr
                0x00000000000086d6        0x2 modules/hal_nordic/nrfx/libmodules__hal_nordic__nrfx.a(nrfx_glue.c.obj)
                0x00000000000086d6                nrfx_isr
 .text.nrfx_busy_wait
                0x00000000000086d8        0x4 modules/hal_nordic/nrfx/libmodules__hal_nordic__nrfx.a(nrfx_glue.c.obj)
                0x00000000000086d8                nrfx_busy_wait
 .text.nrfx_gppi_channel_endpoints_setup
                0x00000000000086dc       0x14 modules/hal_nordic/nrfx/libmodules__hal_nordic__nrfx.a(nrfx_gppi_ppi.c.obj)
                0x00000000000086dc                nrfx_gppi_channel_endpoints_setup
 .text.nrfx_clock_stop
                0x00000000000086f0        0x4 modules/hal_nordic/nrfx/libmodules__hal_nordic__nrfx.a(nrfx_clock.c.obj)
                0x00000000000086f0                nrfx_clock_stop
 .text.nrf_gpio_reconfigure
                0x00000000000086f4       0x92 modules/hal_nordic/nrfx/libmodules__hal_nordic__nrfx.a(nrfx_gpiote.c.obj)
 .text.nrf_gpio_cfg_sense_set
                0x0000000000008786       0x1e modules/hal_nordic/nrfx/libmodules__hal_nordic__nrfx.a(nrfx_gpiote.c.obj)
 .text.pin_trigger_disable
                0x00000000000087a4       0x48 modules/hal_nordic/nrfx/libmodules__hal_nordic__nrfx.a(nrfx_gpiote.c.obj)
 .text.nrfx_gpiote_pin_uninit
                0x00000000000087ec        0x4 modules/hal_nordic/nrfx/libmodules__hal_nordic__nrfx.a(nrfx_gpiote.c.obj)
                0x00000000000087ec                nrfx_gpiote_pin_uninit
 .text.nrfx_gpiote_trigger_disable
                0x00000000000087f0        0x4 modules/hal_nordic/nrfx/libmodules__hal_nordic__nrfx.a(nrfx_gpiote.c.obj)
                0x00000000000087f0                nrfx_gpiote_trigger_disable
 .text.twi_transfer
                0x00000000000087f4      0x130 modules/hal_nordic/nrfx/libmodules__hal_nordic__nrfx.a(nrfx_twi.c.obj)
 .text.nrf_gpio_pin_set
                0x0000000000008924       0x1a modules/hal_nordic/nrfx/libmodules__hal_nordic__nrfx.a(nrfx_twi_twim.c.obj)
 .text.SEGGER_RTT_Init
                0x000000000000893e        0x4 modules/segger/libmodules__segger.a(SEGGER_RTT.c.obj)
                0x000000000000893e                SEGGER_RTT_Init
 .text.rtt_init
                0x0000000000008942        0xa modules/segger/libmodules__segger.a(SEGGER_RTT_zephyr.c.obj)
 .text.z_impl_k_busy_wait
                0x000000000000894c        0x8 zephyr/kernel/libkernel.a(busy_wait.c.obj)
                0x000000000000894c                z_impl_k_busy_wait
 .text.z_device_state_init
                0x0000000000008954        0x2 zephyr/kernel/libkernel.a(device.c.obj)
                0x0000000000008954                z_device_state_init
 .text.z_device_is_ready
                0x0000000000008956       0x16 zephyr/kernel/libkernel.a(device.c.obj)
                0x0000000000008956                z_device_is_ready
 .text.z_early_memset
                0x000000000000896c        0x4 zephyr/kernel/libkernel.a(init.c.obj)
                0x000000000000896c                z_early_memset
 .text.z_early_memcpy
                0x0000000000008970        0x4 zephyr/kernel/libkernel.a(init.c.obj)
                0x0000000000008970                z_early_memcpy
 .text.create_free_list
                0x0000000000008974       0x2c zephyr/kernel/libkernel.a(mem_slab.c.obj)
 .text.k_mem_slab_init
                0x00000000000089a0       0x1c zephyr/kernel/libkernel.a(mem_slab.c.obj)
                0x00000000000089a0                k_mem_slab_init
 .text.k_mem_slab_free
                0x00000000000089bc       0x4c zephyr/kernel/libkernel.a(mem_slab.c.obj)
                0x00000000000089bc                k_mem_slab_free
 .text.k_is_in_isr
                0x0000000000008a08        0xc zephyr/kernel/libkernel.a(thread.c.obj)
                0x0000000000008a08                k_is_in_isr
 .text.z_impl_k_thread_name_set
                0x0000000000008a14        0x6 zephyr/kernel/libkernel.a(thread.c.obj)
                0x0000000000008a14                z_impl_k_thread_name_set
 .text.z_impl_k_thread_start
                0x0000000000008a1a        0x4 zephyr/kernel/libkernel.a(thread.c.obj)
                0x0000000000008a1a                z_impl_k_thread_start
 .text.idle     0x0000000000008a1e       0x18 zephyr/kernel/libkernel.a(idle.c.obj)
                0x0000000000008a1e                idle
 .text.adjust_owner_prio.isra.0
                0x0000000000008a36       0x10 zephyr/kernel/libkernel.a(mutex.c.obj)
 .text.z_impl_k_mutex_init
                0x0000000000008a46        0xe zephyr/kernel/libkernel.a(mutex.c.obj)
                0x0000000000008a46                z_impl_k_mutex_init
 .text.z_impl_k_sem_init
                0x0000000000008a54       0x18 zephyr/kernel/libkernel.a(sem.c.obj)
                0x0000000000008a54                z_impl_k_sem_init
 .text.flag_test_and_clear
                0x0000000000008a6c       0x16 zephyr/kernel/libkernel.a(work.c.obj)
 .text.notify_queue_locked.isra.0
                0x0000000000008a82        0xe zephyr/kernel/libkernel.a(work.c.obj)
 .text.z_work_submit_to_queue
                0x0000000000008a90       0x28 zephyr/kernel/libkernel.a(work.c.obj)
                0x0000000000008a90                z_work_submit_to_queue
 .text.k_work_submit_to_queue
                0x0000000000008ab8       0x22 zephyr/kernel/libkernel.a(work.c.obj)
                0x0000000000008ab8                k_work_submit_to_queue
 .text.sys_dlist_remove
                0x0000000000008ada       0x10 zephyr/kernel/libkernel.a(sched.c.obj)
 .text.unpend_thread_no_timeout
                0x0000000000008aea       0x14 zephyr/kernel/libkernel.a(sched.c.obj)
 .text.add_to_waitq_locked
                0x0000000000008afe       0x50 zephyr/kernel/libkernel.a(sched.c.obj)
 .text.z_ready_thread
                0x0000000000008b4e       0x20 zephyr/kernel/libkernel.a(sched.c.obj)
                0x0000000000008b4e                z_ready_thread
 .text.z_impl_k_thread_suspend
                0x0000000000008b6e       0x36 zephyr/kernel/libkernel.a(sched.c.obj)
                0x0000000000008b6e                z_impl_k_thread_suspend
 .text.z_sched_wake_thread
                0x0000000000008ba4       0x44 zephyr/kernel/libkernel.a(sched.c.obj)
                0x0000000000008ba4                z_sched_wake_thread
 .text.z_thread_timeout
                0x0000000000008be8        0x8 zephyr/kernel/libkernel.a(sched.c.obj)
                0x0000000000008be8                z_thread_timeout
 .text.z_unpend_first_thread
                0x0000000000008bf0       0x38 zephyr/kernel/libkernel.a(sched.c.obj)
                0x0000000000008bf0                z_unpend_first_thread
 .text.z_reschedule_irqlock
                0x0000000000008c28       0x18 zephyr/kernel/libkernel.a(sched.c.obj)
                0x0000000000008c28                z_reschedule_irqlock
 .text.z_reschedule_unlocked
                0x0000000000008c40       0x14 zephyr/kernel/libkernel.a(sched.c.obj)
 .text.z_thread_abort
                0x0000000000008c54       0x42 zephyr/kernel/libkernel.a(sched.c.obj)
                0x0000000000008c54                z_thread_abort
 .text.z_sched_wake
                0x0000000000008c96       0x46 zephyr/kernel/libkernel.a(sched.c.obj)
                0x0000000000008c96                z_sched_wake
 .text.z_abort_timeout
                0x0000000000008cdc       0x2c zephyr/kernel/libkernel.a(timeout.c.obj)
                0x0000000000008cdc                z_abort_timeout
 .text.sys_clock_tick_get_32
                0x0000000000008d08        0x8 zephyr/kernel/libkernel.a(timeout.c.obj)
                0x0000000000008d08                sys_clock_tick_get_32
 .text.strnlen  0x0000000000008d10       0x18 c:\ncs\toolchains\cf2149caf2\opt\zephyr-sdk\arm-zephyr-eabi\bin\../lib/gcc/../../picolibc/arm-zephyr-eabi/lib/thumb/v7e-m/nofp\libc.a(libc_string_strnlen.c.o)
                0x0000000000008d10                strnlen
 .text.__ultoa_invert
                0x0000000000008d28       0x50 c:\ncs\toolchains\cf2149caf2\opt\zephyr-sdk\arm-zephyr-eabi\bin\../lib/gcc/../../picolibc/arm-zephyr-eabi/lib/thumb/v7e-m/nofp\libc.a(libc_tinystdio_vfprintf.c.o)
 .text.mulShiftAll64
                0x0000000000008d78      0x176 c:\ncs\toolchains\cf2149caf2\opt\zephyr-sdk\arm-zephyr-eabi\bin\../lib/gcc/../../picolibc/arm-zephyr-eabi/lib/thumb/v7e-m/nofp\libc.a(libc_tinystdio_dtoa_ryu.c.o)
 .text.__umul128
                0x0000000000008eee       0x36 c:\ncs\toolchains\cf2149caf2\opt\zephyr-sdk\arm-zephyr-eabi\bin\../lib/gcc/../../picolibc/arm-zephyr-eabi/lib/thumb/v7e-m/nofp\libc.a(libc_tinystdio_ryu_umul128.c.o)
                0x0000000000008eee                __umul128
 .text.__shiftright128
                0x0000000000008f24       0x3e c:\ncs\toolchains\cf2149caf2\opt\zephyr-sdk\arm-zephyr-eabi\bin\../lib/gcc/../../picolibc/arm-zephyr-eabi/lib/thumb/v7e-m/nofp\libc.a(libc_tinystdio_ryu_umul128.c.o)
                0x0000000000008f24                __shiftright128
 .text.memcpy   0x0000000000008f62       0x1c c:\ncs\toolchains\cf2149caf2\opt\zephyr-sdk\arm-zephyr-eabi\bin\../lib/gcc/../../picolibc/arm-zephyr-eabi/lib/thumb/v7e-m/nofp\libc.a(memcpy.c.o)
                0x0000000000008f62                __aeabi_memcpy
                0x0000000000008f62                __aeabi_memcpy4
                0x0000000000008f62                __aeabi_memcpy8
                0x0000000000008f62                memcpy
 .text.memset   0x0000000000008f7e       0x10 c:\ncs\toolchains\cf2149caf2\opt\zephyr-sdk\arm-zephyr-eabi\bin\../lib/gcc/../../picolibc/arm-zephyr-eabi/lib/thumb/v7e-m/nofp\libc.a(memset.c.o)
                0x0000000000008f7e                memset
 .text.__dtox_engine
                0x0000000000008f8e      0x17c c:\ncs\toolchains\cf2149caf2\opt\zephyr-sdk\arm-zephyr-eabi\bin\../lib/gcc/../../picolibc/arm-zephyr-eabi/lib/thumb/v7e-m/nofp\libc.a(libc_tinystdio_dtox_engine.c.o)
                0x0000000000008f8e                __dtox_engine
 .text.fputc    0x000000000000910a       0x28 c:\ncs\toolchains\cf2149caf2\opt\zephyr-sdk\arm-zephyr-eabi\bin\../lib/gcc/../../picolibc/arm-zephyr-eabi/lib/thumb/v7e-m/nofp\libc.a(libc_tinystdio_fputc.c.o)
                0x000000000000910a                fputc
                0x000000000000910a                putc
 *(SORT_BY_ALIGNMENT(.TEXT.*))
 *fill*         0x0000000000009132        0x2 
 .TEXT.__aeabi_read_tp
                0x0000000000009134        0xc zephyr/arch/arch/arm/core/cortex_m/libarch__arm__core__cortex_m.a(__aeabi_read_tp.S.obj)
                0x0000000000009134                __aeabi_read_tp
 *(SORT_BY_ALIGNMENT(.gnu.linkonce.t.*))
 *(SORT_BY_ALIGNMENT(.glue_7t))
 .glue_7t       0x0000000000009140        0x0 linker stubs
 *(SORT_BY_ALIGNMENT(.glue_7))
 .glue_7        0x0000000000009140        0x0 linker stubs
 *(SORT_BY_ALIGNMENT(.vfp11_veneer))
 .vfp11_veneer  0x0000000000009140        0x0 linker stubs
 *(SORT_BY_ALIGNMENT(.v4_bx))
 .v4_bx         0x0000000000009140        0x0 linker stubs
                0x0000000000009140                . = ALIGN (0x4)
                0x0000000000009140                __text_region_end = .

.ARM.exidx      0x0000000000009140        0x8
                0x0000000000009140                __exidx_start = .
 *(SORT_BY_ALIGNMENT(.ARM.exidx*) SORT_BY_ALIGNMENT(gnu.linkonce.armexidx.*))
 .ARM.exidx     0x0000000000009140        0x8 c:/ncs/toolchains/cf2149caf2/opt/zephyr-sdk/arm-zephyr-eabi/bin/../lib/gcc/arm-zephyr-eabi/12.2.0/thumb/v7e-m/nofp\libgcc.a(_udivmoddi4.o)
                0x0000000000009148                __exidx_end = .
                0x0000000000009148                __rodata_region_start = .

initlevel       0x0000000000009148       0x80
                0x0000000000009148                __init_start = .
                0x0000000000009148                __init_EARLY_start = .
 *(SORT_BY_NAME(SORT_BY_ALIGNMENT(.z_init_EARLY?_*)))
 *(SORT_BY_NAME(SORT_BY_ALIGNMENT(.z_init_EARLY??_*)))
                0x0000000000009148                __init_PRE_KERNEL_1_start = .
 *(SORT_BY_NAME(SORT_BY_ALIGNMENT(.z_init_PRE_KERNEL_1?_*)))
 .z_init_PRE_KERNEL_10_0_
                0x0000000000009148        0x8 zephyr/soc/soc/arm/nordic_nrf/libsoc__arm__nordic_nrf.a(soc.c.obj)
 *(SORT_BY_NAME(SORT_BY_ALIGNMENT(.z_init_PRE_KERNEL_1??_*)))
 .z_init_PRE_KERNEL_130_00075_
                0x0000000000009150        0x8 zephyr/drivers/clock_control/libdrivers__clock_control.a(clock_control_nrf.c.obj)
 .z_init_PRE_KERNEL_130_0_
                0x0000000000009158        0x8 modules/segger/libmodules__segger.a(SEGGER_RTT_zephyr.c.obj)
 .z_init_PRE_KERNEL_130_0_
                0x0000000000009160        0x8 zephyr/kernel/libkernel.a(mem_slab.c.obj)
 .z_init_PRE_KERNEL_140_00011_
                0x0000000000009168        0x8 zephyr/drivers/gpio/libdrivers__gpio.a(gpio_nrfx.c.obj)
 .z_init_PRE_KERNEL_140_00104_
                0x0000000000009170        0x8 zephyr/drivers/gpio/libdrivers__gpio.a(gpio_nrfx.c.obj)
 .z_init_PRE_KERNEL_140_0_
                0x0000000000009178        0x8 modules/nrf/drivers/hw_cc3xx/lib..__nrf__drivers__hw_cc3xx.a(hw_cc3xx.c.obj)
 .z_init_PRE_KERNEL_155_00112_
                0x0000000000009180        0x8 zephyr/drivers/serial/libdrivers__serial.a(uart_nrfx_uarte.c.obj)
 .z_init_PRE_KERNEL_160_0_
                0x0000000000009188        0x8 zephyr/drivers/console/libdrivers__console.a(uart_console.c.obj)
                0x0000000000009190                __init_PRE_KERNEL_2_start = .
 *(SORT_BY_NAME(SORT_BY_ALIGNMENT(.z_init_PRE_KERNEL_2?_*)))
 .z_init_PRE_KERNEL_20_0_
                0x0000000000009190        0x8 zephyr/drivers/timer/libdrivers__timer.a(nrf_rtc_timer.c.obj)
 *(SORT_BY_NAME(SORT_BY_ALIGNMENT(.z_init_PRE_KERNEL_2??_*)))
                0x0000000000009198                __init_POST_KERNEL_start = .
 *(SORT_BY_NAME(SORT_BY_ALIGNMENT(.z_init_POST_KERNEL?_*)))
 *(SORT_BY_NAME(SORT_BY_ALIGNMENT(.z_init_POST_KERNEL??_*)))
 .z_init_POST_KERNEL40_0_
                0x0000000000009198        0x8 zephyr/lib/libc/common/liblib__libc__common.a(malloc.c.obj)
 .z_init_POST_KERNEL40_0_
                0x00000000000091a0        0x8 modules/nrf/drivers/hw_cc3xx/lib..__nrf__drivers__hw_cc3xx.a(hw_cc3xx.c.obj)
 .z_init_POST_KERNEL40_0_
                0x00000000000091a8        0x8 zephyr/kernel/libkernel.a(system_work_q.c.obj)
 .z_init_POST_KERNEL50_00124_
                0x00000000000091b0        0x8 zephyr/drivers/i2c/libdrivers__i2c.a(i2c_nrfx_twi.c.obj)
 .z_init_POST_KERNEL90_00106_
                0x00000000000091b8        0x8 zephyr/drivers/sensor/nrf5/libdrivers__sensor__nrf5.a(temp_nrf5.c.obj)
 .z_init_POST_KERNEL90_00125_
                0x00000000000091c0        0x8 zephyr/drivers/sensor/bma280/libdrivers__sensor__bma280.a(bma280.c.obj)
                0x00000000000091c8                __init_APPLICATION_start = .
 *(SORT_BY_NAME(SORT_BY_ALIGNMENT(.z_init_APPLICATION?_*)))
 *(SORT_BY_NAME(SORT_BY_ALIGNMENT(.z_init_APPLICATION??_*)))
                0x00000000000091c8                __init_SMP_start = .
 *(SORT_BY_NAME(SORT_BY_ALIGNMENT(.z_init_SMP?_*)))
 *(SORT_BY_NAME(SORT_BY_ALIGNMENT(.z_init_SMP??_*)))
                0x00000000000091c8                __init_end = .

device_area     0x00000000000091c8       0x8c
                0x00000000000091c8                _device_list_start = .
 *(SORT_BY_NAME(SORT_BY_ALIGNMENT(._device.static.*_?_*)))
 *(SORT_BY_NAME(SORT_BY_ALIGNMENT(._device.static.*_??_*)))
 ._device.static.1_30_
                0x00000000000091c8       0x14 zephyr/drivers/clock_control/libdrivers__clock_control.a(clock_control_nrf.c.obj)
                0x00000000000091c8                __device_dts_ord_75
 ._device.static.1_40_
                0x00000000000091dc       0x28 zephyr/drivers/gpio/libdrivers__gpio.a(gpio_nrfx.c.obj)
                0x00000000000091dc                __device_dts_ord_104
                0x00000000000091f0                __device_dts_ord_11
 ._device.static.1_55_
                0x0000000000009204       0x14 zephyr/drivers/serial/libdrivers__serial.a(uart_nrfx_uarte.c.obj)
                0x0000000000009204                __device_dts_ord_112
 ._device.static.3_50_
                0x0000000000009218       0x14 zephyr/drivers/i2c/libdrivers__i2c.a(i2c_nrfx_twi.c.obj)
                0x0000000000009218                __device_dts_ord_124
 ._device.static.3_90_
                0x000000000000922c       0x14 zephyr/drivers/sensor/bma280/libdrivers__sensor__bma280.a(bma280.c.obj)
                0x000000000000922c                __device_dts_ord_125
 ._device.static.3_90_
                0x0000000000009240       0x14 zephyr/drivers/sensor/nrf5/libdrivers__sensor__nrf5.a(temp_nrf5.c.obj)
                0x0000000000009240                __device_dts_ord_106
                0x0000000000009254                _device_list_end = .

sw_isr_table    0x0000000000009254      0x180
                0x0000000000009254                . = ALIGN (0x4)
 *(SORT_BY_ALIGNMENT(.gnu.linkonce.sw_isr_table*))
 .gnu.linkonce.sw_isr_table
                0x0000000000009254      0x180 zephyr/arch/common/libisr_tables.a(isr_tables.c.obj)
                0x0000000000009254                _sw_isr_table

initlevel_error
                0x0000000000009148        0x0
 *(SORT_BY_NAME(SORT_BY_ALIGNMENT(.z_init_[_A-Z0-9]*)))
                0x0000000000000001                ASSERT ((SIZEOF (initlevel_error) == 0x0), Undefined initialization levels used.)

app_shmem_regions
                0x00000000000093d4        0x0
                0x00000000000093d4                __app_shmem_regions_start = .
 *(SORT_BY_NAME(SORT_BY_ALIGNMENT(.app_regions.*)))
                0x00000000000093d4                __app_shmem_regions_end = .

k_p4wq_initparam_area
                0x00000000000093d4        0x0
                0x00000000000093d4                _k_p4wq_initparam_list_start = .
 *(SORT_BY_NAME(SORT_BY_ALIGNMENT(._k_p4wq_initparam.static.*)))
                0x00000000000093d4                _k_p4wq_initparam_list_end = .

_static_thread_data_area
                0x00000000000093d4        0x0
                0x00000000000093d4                __static_thread_data_list_start = .
 *(SORT_BY_NAME(SORT_BY_ALIGNMENT(.__static_thread_data.static.*)))
                0x00000000000093d4                __static_thread_data_list_end = .

device_deps     0x00000000000093d4        0x0
                0x00000000000093d4                __device_deps_start = .
 *(SORT_BY_NAME(SORT_BY_ALIGNMENT(.__device_deps_pass2*)))
                0x00000000000093d4                __device_deps_end = .

ztest           0x00000000000093d4        0x0
                0x00000000000093d4                _ztest_expected_result_entry_list_start = .
 *(SORT_BY_NAME(SORT_BY_ALIGNMENT(._ztest_expected_result_entry.static.*)))
                0x00000000000093d4                _ztest_expected_result_entry_list_end = .
                0x00000000000093d4                _ztest_suite_node_list_start = .
 *(SORT_BY_NAME(SORT_BY_ALIGNMENT(._ztest_suite_node.static.*)))
                0x00000000000093d4                _ztest_suite_node_list_end = .
                0x00000000000093d4                _ztest_unit_test_list_start = .
 *(SORT_BY_NAME(SORT_BY_ALIGNMENT(._ztest_unit_test.static.*)))
                0x00000000000093d4                _ztest_unit_test_list_end = .
                0x00000000000093d4                _ztest_test_rule_list_start = .
 *(SORT_BY_NAME(SORT_BY_ALIGNMENT(._ztest_test_rule.static.*)))
                0x00000000000093d4                _ztest_test_rule_list_end = .

bt_l2cap_fixed_chan_area
                0x00000000000093d4        0x0
                0x00000000000093d4                _bt_l2cap_fixed_chan_list_start = .
 *(SORT_BY_NAME(SORT_BY_ALIGNMENT(._bt_l2cap_fixed_chan.static.*)))
                0x00000000000093d4                _bt_l2cap_fixed_chan_list_end = .

bt_gatt_service_static_area
                0x00000000000093d4        0x0
                0x00000000000093d4                _bt_gatt_service_static_list_start = .
 *(SORT_BY_NAME(SORT_BY_ALIGNMENT(._bt_gatt_service_static.static.*)))
                0x00000000000093d4                _bt_gatt_service_static_list_end = .

log_strings_area
                0x00000000000093d4        0x0
                0x00000000000093d4                _log_strings_list_start = .
 *(SORT_BY_NAME(SORT_BY_ALIGNMENT(._log_strings.static.*)))
                0x00000000000093d4                _log_strings_list_end = .

log_const_area  0x00000000000093d4        0x0
                0x00000000000093d4                _log_const_list_start = .
 *(SORT_BY_NAME(SORT_BY_ALIGNMENT(._log_const.static.*)))
                0x00000000000093d4                _log_const_list_end = .

log_backend_area
                0x00000000000093d4        0x0
                0x00000000000093d4                _log_backend_list_start = .
 *(SORT_BY_NAME(SORT_BY_ALIGNMENT(._log_backend.static.*)))
                0x00000000000093d4                _log_backend_list_end = .

log_link_area   0x00000000000093d4        0x0
                0x00000000000093d4                _log_link_list_start = .
 *(SORT_BY_NAME(SORT_BY_ALIGNMENT(._log_link.static.*)))
                0x00000000000093d4                _log_link_list_end = .

tracing_backend_area
                0x00000000000093d4        0x0
                0x00000000000093d4                _tracing_backend_list_start = .
 *(SORT_BY_NAME(SORT_BY_ALIGNMENT(._tracing_backend.static.*)))
                0x00000000000093d4                _tracing_backend_list_end = .

zephyr_dbg_info
 *(SORT_BY_ALIGNMENT(.dbg_thread_info))

symbol_to_keep  0x00000000000093d4        0x0
                0x00000000000093d4                __symbol_to_keep_start = .
 *(SORT_BY_NAME(SORT_BY_ALIGNMENT(.symbol_to_keep*)))
                0x00000000000093d4                __symbol_to_keep_end = .

shell_area      0x00000000000093d4        0x0
                0x00000000000093d4                _shell_list_start = .
 *(SORT_BY_NAME(SORT_BY_ALIGNMENT(._shell.static.*)))
                0x00000000000093d4                _shell_list_end = .

shell_root_cmds_area
                0x00000000000093d4        0x0
                0x00000000000093d4                _shell_root_cmds_list_start = .
 *(SORT_BY_NAME(SORT_BY_ALIGNMENT(._shell_root_cmds.static.*)))
                0x00000000000093d4                _shell_root_cmds_list_end = .

shell_subcmds_area
                0x00000000000093d4        0x0
                0x00000000000093d4                _shell_subcmds_list_start = .
 *(SORT_BY_NAME(SORT_BY_ALIGNMENT(._shell_subcmds.static.*)))
                0x00000000000093d4                _shell_subcmds_list_end = .

shell_dynamic_subcmds_area
                0x00000000000093d4        0x0
                0x00000000000093d4                _shell_dynamic_subcmds_list_start = .
 *(SORT_BY_NAME(SORT_BY_ALIGNMENT(._shell_dynamic_subcmds.static.*)))
                0x00000000000093d4                _shell_dynamic_subcmds_list_end = .

cfb_font_area   0x00000000000093d4        0x0
                0x00000000000093d4                _cfb_font_list_start = .
 *(SORT_BY_NAME(SORT_BY_ALIGNMENT(._cfb_font.static.*)))
                0x00000000000093d4                _cfb_font_list_end = .

tdata           0x00000000000093d4        0x0
 *(SORT_BY_ALIGNMENT(.tdata) SORT_BY_ALIGNMENT(.tdata.*) SORT_BY_ALIGNMENT(.gnu.linkonce.td.*))

tbss            0x00000000000093d4        0x4
 *(SORT_BY_ALIGNMENT(.tbss) SORT_BY_ALIGNMENT(.tbss.*) SORT_BY_ALIGNMENT(.gnu.linkonce.tb.*) SORT_BY_ALIGNMENT(.tcommon))
 .tbss.z_tls_current
                0x00000000000093d4        0x4 zephyr/libzephyr.a(thread_entry.c.obj)
                0x00000000000093d4                z_tls_current
                0x00000000000093d4                PROVIDE (__tdata_start = LOADADDR (tdata))
                0x0000000000000000                PROVIDE (__tdata_size = SIZEOF (tdata))
                [!provide]                        PROVIDE (__tdata_end = (__tdata_start + __tdata_size))
                0x0000000000000001                PROVIDE (__tdata_align = ALIGNOF (tdata))
                [!provide]                        PROVIDE (__tbss_start = ADDR (tbss))
                0x0000000000000004                PROVIDE (__tbss_size = SIZEOF (tbss))
                [!provide]                        PROVIDE (__tbss_end = (__tbss_start + __tbss_size))
                0x0000000000000004                PROVIDE (__tbss_align = ALIGNOF (tbss))
                [!provide]                        PROVIDE (__tls_start = __tdata_start)
                [!provide]                        PROVIDE (__tls_end = __tbss_end)
                [!provide]                        PROVIDE (__tls_size = (__tbss_end - __tdata_start))

rodata          0x00000000000093e0      0xa80
 *(SORT_BY_ALIGNMENT(.rodata))
 .rodata        0x00000000000093e0        0x3 app/libapp.a(main.c.obj)
 *(SORT_BY_ALIGNMENT(.rodata.*))
 *fill*         0x00000000000093e3        0xd 
 .rodata.delay_machine_code.0
                0x00000000000093f0        0x6 zephyr/soc/soc/arm/nordic_nrf/libsoc__arm__nordic_nrf.a(soc.c.obj)
 *fill*         0x00000000000093f6        0x2 
 .rodata.DOUBLE_POW5_TABLE
                0x00000000000093f8       0xd0 c:\ncs\toolchains\cf2149caf2\opt\zephyr-sdk\arm-zephyr-eabi\bin\../lib/gcc/../../picolibc/arm-zephyr-eabi/lib/thumb/v7e-m/nofp\libc.a(libc_tinystdio_ryu_table.c.o)
 .rodata.DOUBLE_POW5_SPLIT2
                0x00000000000094c8       0xd0 c:\ncs\toolchains\cf2149caf2\opt\zephyr-sdk\arm-zephyr-eabi\bin\../lib/gcc/../../picolibc/arm-zephyr-eabi/lib/thumb/v7e-m/nofp\libc.a(libc_tinystdio_ryu_table.c.o)
 .rodata.DOUBLE_POW5_INV_SPLIT2
                0x0000000000009598       0xf0 c:\ncs\toolchains\cf2149caf2\opt\zephyr-sdk\arm-zephyr-eabi\bin\../lib/gcc/../../picolibc/arm-zephyr-eabi/lib/thumb/v7e-m/nofp\libc.a(libc_tinystdio_ryu_table.c.o)
 .rodata.mem_attr_region
                0x0000000000009688        0x0 zephyr/libzephyr.a(mem_attr.c.obj)
 .rodata.apis   0x0000000000009688        0x8 zephyr/libzephyr.a(nrf_cc3xx_platform_abort_zephyr.c.obj)
 .rodata.mutexes