Archive member included to satisfy reference by file (symbol)

app/libapp.a(main.c.obj)      (--whole-archive)
zephyr/libzephyr.a(heap.c.obj)
                              (--whole-archive)
zephyr/libzephyr.a(cbprintf_packaged.c.obj)
                              (--whole-archive)
zephyr/libzephyr.a(printk.c.obj)
                              (--whole-archive)
zephyr/libzephyr.a(sem.c.obj)
                              (--whole-archive)
zephyr/libzephyr.a(thread_entry.c.obj)
                              (--whole-archive)
zephyr/libzephyr.a(cbprintf_complete.c.obj)
                              (--whole-archive)
zephyr/libzephyr.a(assert.c.obj)
                              (--whole-archive)
zephyr/libzephyr.a(dec.c.obj)
                              (--whole-archive)
zephyr/libzephyr.a(hex.c.obj)
                              (--whole-archive)
zephyr/libzephyr.a(rb.c.obj)  (--whole-archive)
zephyr/libzephyr.a(timeutil.c.obj)
                              (--whole-archive)
zephyr/libzephyr.a(bitarray.c.obj)
                              (--whole-archive)
zephyr/libzephyr.a(onoff.c.obj)
                              (--whole-archive)
zephyr/libzephyr.a(notify.c.obj)
                              (--whole-archive)
zephyr/libzephyr.a(configs.c.obj)
                              (--whole-archive)
zephyr/libzephyr.a(mem_attr.c.obj)
                              (--whole-archive)
zephyr/libzephyr.a(tracing_none.c.obj)
                              (--whole-archive)
zephyr/libzephyr.a(banner.c.obj)
                              (--whole-archive)
zephyr/libzephyr.a(flash_map_partition_manager.c.obj)
                              (--whole-archive)
zephyr/libzephyr.a(nrf_cc3xx_platform_abort_zephyr.c.obj)
                              (--whole-archive)
zephyr/libzephyr.a(nrf_cc3xx_platform_mutex_zephyr.c.obj)
                              (--whole-archive)
zephyr/arch/common/libarch__common.a(sw_isr_common.c.obj)
                              (--whole-archive)
zephyr/arch/arch/arm/core/libarch__arm__core.a(fatal.c.obj)
                              (--whole-archive)
zephyr/arch/arch/arm/core/libarch__arm__core.a(nmi.c.obj)
                              (--whole-archive)
zephyr/arch/arch/arm/core/libarch__arm__core.a(nmi_on_reset.S.obj)
                              (--whole-archive)
zephyr/arch/arch/arm/core/libarch__arm__core.a(tls.c.obj)
                              (--whole-archive)
zephyr/arch/arch/arm/core/cortex_m/libarch__arm__core__cortex_m.a(exc_exit.c.obj)
                              (--whole-archive)
zephyr/arch/arch/arm/core/cortex_m/libarch__arm__core__cortex_m.a(fault.c.obj)
                              (--whole-archive)
zephyr/arch/arch/arm/core/cortex_m/libarch__arm__core__cortex_m.a(fault_s.S.obj)
                              (--whole-archive)
zephyr/arch/arch/arm/core/cortex_m/libarch__arm__core__cortex_m.a(fpu.c.obj)
                              (--whole-archive)
zephyr/arch/arch/arm/core/cortex_m/libarch__arm__core__cortex_m.a(reset.S.obj)
                              (--whole-archive)
zephyr/arch/arch/arm/core/cortex_m/libarch__arm__core__cortex_m.a(scb.c.obj)
                              (--whole-archive)
zephyr/arch/arch/arm/core/cortex_m/libarch__arm__core__cortex_m.a(thread_abort.c.obj)
                              (--whole-archive)
zephyr/arch/arch/arm/core/cortex_m/libarch__arm__core__cortex_m.a(vector_table.S.obj)
                              (--whole-archive)
zephyr/arch/arch/arm/core/cortex_m/libarch__arm__core__cortex_m.a(swap.c.obj)
                              (--whole-archive)
zephyr/arch/arch/arm/core/cortex_m/libarch__arm__core__cortex_m.a(swap_helper.S.obj)
                              (--whole-archive)
zephyr/arch/arch/arm/core/cortex_m/libarch__arm__core__cortex_m.a(irq_manage.c.obj)
                              (--whole-archive)
zephyr/arch/arch/arm/core/cortex_m/libarch__arm__core__cortex_m.a(prep_c.c.obj)
                              (--whole-archive)
zephyr/arch/arch/arm/core/cortex_m/libarch__arm__core__cortex_m.a(thread.c.obj)
                              (--whole-archive)
zephyr/arch/arch/arm/core/cortex_m/libarch__arm__core__cortex_m.a(cpu_idle.c.obj)
                              (--whole-archive)
zephyr/arch/arch/arm/core/cortex_m/libarch__arm__core__cortex_m.a(irq_init.c.obj)
                              (--whole-archive)
zephyr/arch/arch/arm/core/cortex_m/libarch__arm__core__cortex_m.a(isr_wrapper.c.obj)
                              (--whole-archive)
zephyr/arch/arch/arm/core/cortex_m/libarch__arm__core__cortex_m.a(__aeabi_read_tp.S.obj)
                              (--whole-archive)
zephyr/arch/arch/arm/core/mpu/libarch__arm__core__mpu.a(arm_core_mpu.c.obj)
                              (--whole-archive)
zephyr/arch/arch/arm/core/mpu/libarch__arm__core__mpu.a(arm_mpu.c.obj)
                              (--whole-archive)
zephyr/arch/arch/arm/core/mpu/libarch__arm__core__mpu.a(arm_mpu_regions.c.obj)
                              (--whole-archive)
[...]
Memory Configuration

Name             Origin             Length             Attributes
FLASH            0x0000000000000000 0x0000000000100000 xr
RAM              0x0000000020000000 0x0000000000040000 xw
IDT_LIST         0x00000000ffff7fff 0x0000000000008000 xw
*default*        0x0000000000000000 0xffffffffffffffff

Linker script and memory map

                0x000000000000693c                vfprintf = __d_vfprintf
                0x0000000000000000                vfscanf = __d_vfscanf
LOAD zephyr/CMakeFiles/zephyr_pre0.dir/misc/empty_file.c.obj
LOAD zephyr/CMakeFiles/offsets.dir/./arch/arm/core/offsets/offsets.c.obj
LOAD app/libapp.a
LOAD zephyr/libzephyr.a
LOAD zephyr/arch/common/libarch__common.a
LOAD zephyr/arch/arch/arm/core/libarch__arm__core.a
LOAD zephyr/arch/arch/arm/core/cortex_m/libarch__arm__core__cortex_m.a
LOAD zephyr/arch/arch/arm/core/mpu/libarch__arm__core__mpu.a
LOAD zephyr/lib/libc/picolibc/liblib__libc__picolibc.a
LOAD zephyr/lib/libc/common/liblib__libc__common.a
LOAD zephyr/soc/soc/nrf52840/libsoc__nordic.a
LOAD zephyr/drivers/clock_control/libdrivers__clock_control.a
LOAD zephyr/drivers/console/libdrivers__console.a
LOAD zephyr/drivers/gpio/libdrivers__gpio.a
LOAD zephyr/drivers/i2c/libdrivers__i2c.a
LOAD zephyr/drivers/pinctrl/libdrivers__pinctrl.a
LOAD zephyr/drivers/sensor/bosch/bma280/libdrivers__sensor__bosch__bma280.a
LOAD zephyr/drivers/sensor/nordic/temp/libdrivers__sensor__nordic__temp.a
LOAD zephyr/drivers/serial/libdrivers__serial.a
LOAD zephyr/drivers/timer/libdrivers__timer.a
LOAD modules/nrf/drivers/hw_cc3xx/lib..__nrf__drivers__hw_cc3xx.a
LOAD modules/hal_nordic/nrfx/libmodules__hal_nordic__nrfx.a
LOAD modules/segger/libmodules__segger.a
LOAD zephyr/kernel/libkernel.a
LOAD c:/ncs/toolchains/2d382dcd92/opt/zephyr-sdk/arm-zephyr-eabi/bin/../lib/gcc/arm-zephyr-eabi/12.2.0/thumb/v7e-m/nofp\libgcc.a
LOAD zephyr/arch/common/libisr_tables.a
LOAD C:/ncs/v2.8.0/nrfxlib/crypto/nrf_cc310_platform/lib/cortex-m4/soft-float/no-interrupts/libnrf_cc310_platform_0.9.19.a
LOAD c:\ncs\toolchains\2d382dcd92\opt\zephyr-sdk\arm-zephyr-eabi\bin\../lib/gcc/../../picolibc/arm-zephyr-eabi/lib/thumb/v7e-m/nofp\libc.a
LOAD c:/ncs/toolchains/2d382dcd92/opt/zephyr-sdk/arm-zephyr-eabi/bin/../lib/gcc/arm-zephyr-eabi/12.2.0/thumb/v7e-m/nofp\libgcc.a
                0x0000000000000020                _region_min_align = 0x20

.rel.plt        0x0000000000000000        0x0
 *(SORT_BY_ALIGNMENT(.rel.plt))
                [!provide]                        PROVIDE (__rel_iplt_start = .)
 *(SORT_BY_ALIGNMENT(.rel.iplt))
 .rel.iplt      0x0000000000000000        0x0 app/libapp.a(main.c.obj)
                [!provide]                        PROVIDE (__rel_iplt_end = .)

.rela.plt       0x0000000000000000        0x0
 *(SORT_BY_ALIGNMENT(.rela.plt))
                [!provide]                        PROVIDE (__rela_iplt_start = .)
 *(SORT_BY_ALIGNMENT(.rela.iplt))
                [!provide]                        PROVIDE (__rela_iplt_end = .)

.rel.dyn
 *(SORT_BY_ALIGNMENT(.rel.*))

.rela.dyn
 *(SORT_BY_ALIGNMENT(.rela.*))

/DISCARD/
 *(SORT_BY_ALIGNMENT(.plt))

/DISCARD/
 *(SORT_BY_ALIGNMENT(.iplt))
                0x0000000000000000                __rom_region_start = 0x0

rom_start       0x0000000000000000      0x100
                0x0000000000000000                __rom_start_address = .
 FILL mask 0x00
                0x0000000000000000                . = (. + (0x0 - (. - __rom_start_address)))
                0x0000000000000000                . = ALIGN (0x4)
                0x0000000000000000                . = ALIGN (0x80)
                0x0000000000000000                . = ALIGN (0x100)
                0x0000000000000000                _vector_start = .
 *(SORT_BY_ALIGNMENT(.exc_vector_table))
 *(SORT_BY_ALIGNMENT(.exc_vector_table.*))
 .exc_vector_table._vector_table_section
                0x0000000000000000       0x40 zephyr/arch/arch/arm/core/cortex_m/libarch__arm__core__cortex_m.a(vector_table.S.obj)
                0x0000000000000000                _vector_table
 *(SORT_BY_ALIGNMENT(.vectors))
                0x0000000000000100                _vector_end = .
                0x0000000000000040                . = ALIGN (0x4)
 *(SORT_BY_ALIGNMENT(.gnu.linkonce.irq_vector_table*))
 .gnu.linkonce.irq_vector_table
                0x0000000000000040       0xc0 zephyr/arch/common/libisr_tables.a(isr_tables.c.obj)
                0x0000000000000040                _irq_vector_table
                0x0000000000000100                _vector_end = .

text            0x0000000000000100     0x9028
                0x0000000000000100                __text_region_start = .
 *(SORT_BY_ALIGNMENT(.text))
 .text          0x0000000000000100      0x378 c:/ncs/toolchains/2d382dcd92/opt/zephyr-sdk/arm-zephyr-eabi/bin/../lib/gcc/arm-zephyr-eabi/12.2.0/thumb/v7e-m/nofp\libgcc.a(_arm_addsubdf3.o)
                0x0000000000000100                __aeabi_drsub
                0x0000000000000108                __aeabi_dsub
                0x0000000000000108                __subdf3
                0x000000000000010c                __aeabi_dadd
                0x000000000000010c                __adddf3
                0x0000000000000384                __floatunsidf
                0x0000000000000384                __aeabi_ui2d
                0x00000000000003a4                __floatsidf
                0x00000000000003a4                __aeabi_i2d
                0x00000000000003c8                __aeabi_f2d
                0x00000000000003c8                __extendsfdf2
                0x000000000000040c                __floatundidf
                0x000000000000040c                __aeabi_ul2d
                0x000000000000041c                __floatdidf
                0x000000000000041c                __aeabi_l2d
 .text          0x0000000000000478      0x424 c:/ncs/toolchains/2d382dcd92/opt/zephyr-sdk/arm-zephyr-eabi/bin/../lib/gcc/arm-zephyr-eabi/12.2.0/thumb/v7e-m/nofp\libgcc.a(_arm_muldivdf3.o)
                0x0000000000000478                __aeabi_dmul
                0x0000000000000478                __muldf3
                0x00000000000006cc                __divdf3
                0x00000000000006cc                __aeabi_ddiv
 .text          0x000000000000089c       0x40 c:/ncs/toolchains/2d382dcd92/opt/zephyr-sdk/arm-zephyr-eabi/bin/../lib/gcc/arm-zephyr-eabi/12.2.0/thumb/v7e-m/nofp\libgcc.a(_arm_fixunsdfsi.o)
                0x000000000000089c                __aeabi_d2uiz
                0x000000000000089c                __fixunsdfsi
 .text          0x00000000000008dc      0x21c c:/ncs/toolchains/2d382dcd92/opt/zephyr-sdk/arm-zephyr-eabi/bin/../lib/gcc/arm-zephyr-eabi/12.2.0/thumb/v7e-m/nofp\libgcc.a(_arm_addsubsf3.o)
                0x00000000000008dc                __aeabi_frsub
                0x00000000000008e4                __subsf3
                0x00000000000008e4                __aeabi_fsub
                0x00000000000008e8                __aeabi_fadd
                0x00000000000008e8                __addsf3
                0x0000000000000a48                __aeabi_ui2f
                0x0000000000000a48                __floatunsisf
                0x0000000000000a50                __aeabi_i2f
                0x0000000000000a50                __floatsisf
                0x0000000000000a6c                __aeabi_ul2f
                0x0000000000000a6c                __floatundisf
                0x0000000000000a7c                __aeabi_l2f
                0x0000000000000a7c                __floatdisf
 .text          0x0000000000000af8      0x2a0 c:/ncs/toolchains/2d382dcd92/opt/zephyr-sdk/arm-zephyr-eabi/bin/../lib/gcc/arm-zephyr-eabi/12.2.0/thumb/v7e-m/nofp\libgcc.a(_arm_muldivsf3.o)
                0x0000000000000af8                __mulsf3
                0x0000000000000af8                __aeabi_fmul
                0x0000000000000c60                __aeabi_fdiv
                0x0000000000000c60                __divsf3
 .text          0x0000000000000d98       0xa0 c:/ncs/toolchains/2d382dcd92/opt/zephyr-sdk/arm-zephyr-eabi/bin/../lib/gcc/arm-zephyr-eabi/12.2.0/thumb/v7e-m/nofp\libgcc.a(_aeabi_ldivmod.o)
                0x0000000000000d98                __aeabi_ldivmod
 .text          0x0000000000000e38       0x30 c:/ncs/toolchains/2d382dcd92/opt/zephyr-sdk/arm-zephyr-eabi/bin/../lib/gcc/arm-zephyr-eabi/12.2.0/thumb/v7e-m/nofp\libgcc.a(_aeabi_uldivmod.o)
                0x0000000000000e38                __aeabi_uldivmod
 .text          0x0000000000000e68        0x4 c:/ncs/toolchains/2d382dcd92/opt/zephyr-sdk/arm-zephyr-eabi/bin/../lib/gcc/arm-zephyr-eabi/12.2.0/thumb/v7e-m/nofp\libgcc.a(_dvmd_tls.o)
                0x0000000000000e68                __aeabi_idiv0
                0x0000000000000e68                __aeabi_ldiv0
 .text          0x0000000000000e6c      0x2a0 c:/ncs/toolchains/2d382dcd92/opt/zephyr-sdk/arm-zephyr-eabi/bin/../lib/gcc/arm-zephyr-eabi/12.2.0/thumb/v7e-m/nofp\libgcc.a(_udivmoddi4.o)
                0x0000000000000e6c                __udivmoddi4
 *(SORT_BY_ALIGNMENT(.text.*))
 *fill*         0x000000000000110c        0x4 
 .text.bma280_attr_set
                0x0000000000001110       0x9c zephyr/drivers/sensor/bosch/bma280/libdrivers__sensor__bosch__bma280.a(bma280_trigger.c.obj)
                0x0000000000001110                bma280_attr_set
 .text.BME280_comp_temperature
                0x00000000000011ac       0x94 app/libapp.a(main.c.obj)
                0x00000000000011ac                BME280_comp_temperature
 .text.BME280_comp_Press
                0x0000000000001240      0x1a0 app/libapp.a(main.c.obj)
                0x0000000000001240                BME280_comp_Press
 .text.BME280_comp_Humidity
                0x00000000000013e0       0xb8 app/libapp.a(main.c.obj)
                0x00000000000013e0                BME280_comp_Humidity
 .text.IsCCS811Ready
                0x0000000000001498       0x4c app/libapp.a(main.c.obj)
                0x0000000000001498                IsCCS811Ready
 .text.BME280_RRegister
                0x00000000000014e4       0x34 app/libapp.a(main.c.obj)
                0x00000000000014e4                BME280_RRegister
 .text.BME280_SetStandbyTime
                0x0000000000001518       0x3c app/libapp.a(main.c.obj)
                0x0000000000001518                BME280_SetStandbyTime
 .text.BME280_SetFilter
                0x0000000000001554       0x3c app/libapp.a(main.c.obj)
                0x0000000000001554                BME280_SetFilter
 .text.BME280_CheckSampleValue
                0x0000000000001590       0x10 app/libapp.a(main.c.obj)
                0x0000000000001590                BME280_CheckSampleValue
 .text.BME280_SetMode
                0x00000000000015a0       0x38 app/libapp.a(main.c.obj)
                0x00000000000015a0                BME280_SetMode
 .text.BME280_SetPressureOverSample
                0x00000000000015d8       0x5c app/libapp.a(main.c.obj)
                0x00000000000015d8                BME280_SetPressureOverSample
 .text.BME280_SetHumidityOverSample
                0x0000000000001634       0x44 app/libapp.a(main.c.obj)
                0x0000000000001634                BME280_SetHumidityOverSample
 .text.BME280_SetTempOverSample
                0x0000000000001678       0x48 app/libapp.a(main.c.obj)
                0x0000000000001678                BME280_SetTempOverSample
 .text.BME280_Calibration
                0x00000000000016c0      0x1b0 app/libapp.a(main.c.obj)
                0x00000000000016c0                BME280_Calibration
 .text.VCNL4040_ReadCommand
                0x0000000000001870       0x2c app/libapp.a(main.c.obj)
                0x0000000000001870                VCNL4040_ReadCommand
 .text.IsVNCL4040Ready
                0x000000000000189c       0x48 app/libapp.a(main.c.obj)
                0x000000000000189c                IsVNCL4040Ready
 .text.writeCommand
                0x00000000000018e4       0x2c app/libapp.a(main.c.obj)
                0x00000000000018e4                writeCommand
 .text.ResetCCS811
                0x0000000000001910       0x30 app/libapp.a(main.c.obj)
                0x0000000000001910                ResetCCS811
 .text.CCS811_CheckForStatusError
                0x0000000000001940       0x40 app/libapp.a(main.c.obj)
                0x0000000000001940                CCS811_CheckForStatusError
 .text.CCS811_CheckAppValid
                0x0000000000001980       0x40 app/libapp.a(main.c.obj)
                0x0000000000001980                CCS811_CheckAppValid
 .text.CCS811_WDataToStartApp
                0x00000000000019c0       0x30 app/libapp.a(main.c.obj)
                0x00000000000019c0                CCS811_WDataToStartApp
 .text.CCS811_SetDriveMode
                0x00000000000019f0       0x44 app/libapp.a(main.c.obj)
                0x00000000000019f0                CCS811_SetDriveMode
 .text.CCS811_ReadAlgorithmResults
                0x0000000000001a34       0x5c app/libapp.a(main.c.obj)
                0x0000000000001a34                CCS811_ReadAlgorithmResults
 .text.CCS811_DataAvailable
                0x0000000000001a90       0x34 app/libapp.a(main.c.obj)
                0x0000000000001a90                CCS811_DataAvailable
 .text.Ctrl_SensorBME280
                0x0000000000001ac4      0x118 app/libapp.a(main.c.obj)
                0x0000000000001ac4                Ctrl_SensorBME280
 .text.Ctrl_SensorCCS811
                0x0000000000001bdc       0x60 app/libapp.a(main.c.obj)
                0x0000000000001bdc                Ctrl_SensorCCS811
 .text.Ctrl_SensorVCNL4040
                0x0000000000001c3c       0x48 app/libapp.a(main.c.obj)
                0x0000000000001c3c                Ctrl_SensorVCNL4040
 .text.main     0x0000000000001c84       0xe4 app/libapp.a(main.c.obj)
                0x0000000000001c84                main
 .text.char_out
                0x0000000000001d68        0xc zephyr/libzephyr.a(printk.c.obj)
 .text.__printk_hook_install
                0x0000000000001d74        0xc zephyr/libzephyr.a(printk.c.obj)
                0x0000000000001d74                __printk_hook_install
 .text.vprintk  0x0000000000001d80       0x30 zephyr/libzephyr.a(printk.c.obj)
                0x0000000000001d80                vprintk
 .text.z_thread_entry
                0x0000000000001db0       0x34 zephyr/libzephyr.a(thread_entry.c.obj)
                0x0000000000001db0                z_thread_entry
 .text.process_event
                0x0000000000001de4      0x21c zephyr/libzephyr.a(onoff.c.obj)
 .text.mem_attr_get_regions
                0x0000000000002000        0xc zephyr/libzephyr.a(mem_attr.c.obj)
                0x0000000000002000                mem_attr_get_regions
 .text.boot_banner
                0x000000000000200c       0x1c zephyr/libzephyr.a(banner.c.obj)
                0x000000000000200c                boot_banner
 .text.nrf_cc3xx_platform_abort_init
                0x0000000000002028        0xc zephyr/libzephyr.a(nrf_cc3xx_platform_abort_zephyr.c.obj)
                0x0000000000002028                nrf_cc3xx_platform_abort_init
 .text.mutex_free_platform
                0x0000000000002034       0x54 zephyr/libzephyr.a(nrf_cc3xx_platform_mutex_zephyr.c.obj)
 .text.mutex_lock_platform
                0x0000000000002088       0x60 zephyr/libzephyr.a(nrf_cc3xx_platform_mutex_zephyr.c.obj)
 .text.mutex_unlock_platform
                0x00000000000020e8       0x58 zephyr/libzephyr.a(nrf_cc3xx_platform_mutex_zephyr.c.obj)
 .text.mutex_init_platform
                0x0000000000002140       0x94 zephyr/libzephyr.a(nrf_cc3xx_platform_mutex_zephyr.c.obj)
 .text.nrf_cc3xx_platform_mutex_init
                0x00000000000021d4       0x2c zephyr/libzephyr.a(nrf_cc3xx_platform_mutex_zephyr.c.obj)
                0x00000000000021d4                nrf_cc3xx_platform_mutex_init
 .text.z_SysNmiOnReset
                0x0000000000002200        0x8 zephyr/arch/arch/arm/core/libarch__arm__core.a(nmi_on_reset.S.obj)
                0x0000000000002200                z_SysNmiOnReset
 .text.arch_tls_stack_setup
                0x0000000000002208       0x40 zephyr/arch/arch/arm/core/libarch__arm__core.a(tls.c.obj)
                0x0000000000002208                arch_tls_stack_setup
 .text._HandlerModeExit
                0x0000000000002248       0x28 zephyr/arch/arch/arm/core/cortex_m/libarch__arm__core__cortex_m.a(exc_exit.c.obj)
                0x0000000000002248                z_arm_int_exit
                0x0000000000002248                z_arm_exc_exit
 .text.mem_manage_fault
                0x0000000000002270       0xa0 zephyr/arch/arch/arm/core/cortex_m/libarch__arm__core__cortex_m.a(fault.c.obj)
 .text.usage_fault.constprop.0
                0x0000000000002310       0x54 zephyr/arch/arch/arm/core/cortex_m/libarch__arm__core__cortex_m.a(fault.c.obj)
 .text.bus_fault.constprop.0
                0x0000000000002364       0x6c zephyr/arch/arch/arm/core/cortex_m/libarch__arm__core__cortex_m.a(fault.c.obj)
 .text.z_arm_fault
                0x00000000000023d0      0x128 zephyr/arch/arch/arm/core/cortex_m/libarch__arm__core__cortex_m.a(fault.c.obj)
                0x00000000000023d0                z_arm_fault
 .text.z_arm_fault_init
                0x00000000000024f8       0x18 zephyr/arch/arch/arm/core/cortex_m/libarch__arm__core__cortex_m.a(fault.c.obj)
                0x00000000000024f8                z_arm_fault_init
 .text.__fault  0x0000000000002510       0x14 zephyr/arch/arch/arm/core/cortex_m/libarch__arm__core__cortex_m.a(fault_s.S.obj)
                0x0000000000002510                z_arm_usage_fault
                0x0000000000002510                z_arm_mpu_fault
                0x0000000000002510                z_arm_exc_spurious
                0x0000000000002510                z_arm_debug_monitor
                0x0000000000002510                z_arm_hard_fault
                0x0000000000002510                z_arm_bus_fault
 .text._reset_section
                0x0000000000002524       0x54 zephyr/arch/arch/arm/core/cortex_m/libarch__arm__core__cortex_m.a(reset.S.obj)
                0x0000000000002524                __start
                0x0000000000002524                z_arm_reset
 .text.z_arm_clear_arm_mpu_config
                0x0000000000002578       0x24 zephyr/arch/arch/arm/core/cortex_m/libarch__arm__core__cortex_m.a(scb.c.obj)
                0x0000000000002578                z_arm_clear_arm_mpu_config
 .text.z_arm_init_arch_hw_at_boot
                0x000000000000259c       0x64 zephyr/arch/arch/arm/core/cortex_m/libarch__arm__core__cortex_m.a(scb.c.obj)
                0x000000000000259c                z_arm_init_arch_hw_at_boot
 .text.z_impl_k_thread_abort
                0x0000000000002600       0x2c zephyr/arch/arch/arm/core/cortex_m/libarch__arm__core__cortex_m.a(thread_abort.c.obj)
                0x0000000000002600                z_impl_k_thread_abort
 .text.arch_swap
                0x000000000000262c       0x30 zephyr/arch/arch/arm/core/cortex_m/libarch__arm__core__cortex_m.a(swap.c.obj)
                0x000000000000262c                arch_swap
 .text.z_arm_pendsv_c
                0x000000000000265c       0x48 zephyr/arch/arch/arm/core/cortex_m/libarch__arm__core__cortex_m.a(swap.c.obj)
                0x000000000000265c                z_arm_pendsv_c
 .text.z_arm_pendsv
                0x00000000000026a4       0x34 zephyr/arch/arch/arm/core/cortex_m/libarch__arm__core__cortex_m.a(swap_helper.S.obj)
                0x00000000000026a4                z_arm_pendsv
 .text.z_arm_svc
                0x00000000000026d8       0x20 zephyr/arch/arch/arm/core/cortex_m/libarch__arm__core__cortex_m.a(swap_helper.S.obj)
                0x00000000000026d8                z_arm_svc
 .text.arch_irq_enable
                0x00000000000026f8       0x1c zephyr/arch/arch/arm/core/cortex_m/libarch__arm__core__cortex_m.a(irq_manage.c.obj)
                0x00000000000026f8                arch_irq_enable
 .text.arch_irq_is_enabled
                0x0000000000002714       0x1c zephyr/arch/arch/arm/core/cortex_m/libarch__arm__core__cortex_m.a(irq_manage.c.obj)
                0x0000000000002714                arch_irq_is_enabled
 .text.z_arm_irq_priority_set
                0x0000000000002730       0x30 zephyr/arch/arch/arm/core/cortex_m/libarch__arm__core__cortex_m.a(irq_manage.c.obj)
                0x0000000000002730                z_arm_irq_priority_set
 .text.z_prep_c
                0x0000000000002760       0x38 zephyr/arch/arch/arm/core/cortex_m/libarch__arm__core__cortex_m.a(prep_c.c.obj)
                0x0000000000002760                z_prep_c
 .text.arch_new_thread
                0x0000000000002798       0x38 zephyr/arch/arch/arm/core/cortex_m/libarch__arm__core__cortex_m.a(thread.c.obj)
                0x0000000000002798                arch_new_thread
 .text.z_check_thread_stack_fail
                0x00000000000027d0       0x2c zephyr/arch/arch/arm/core/cortex_m/libarch__arm__core__cortex_m.a(thread.c.obj)
                0x00000000000027d0                z_check_thread_stack_fail
 .text.arch_switch_to_main_thread
                0x00000000000027fc       0x44 zephyr/arch/arch/arm/core/cortex_m/libarch__arm__core__cortex_m.a(thread.c.obj)
                0x00000000000027fc                arch_switch_to_main_thread
 .text.z_arm_cpu_idle_init
                0x0000000000002840        0xc zephyr/arch/arch/arm/core/cortex_m/libarch__arm__core__cortex_m.a(cpu_idle.c.obj)
                0x0000000000002840                z_arm_cpu_idle_init
 .text.z_arm_interrupt_init
                0x000000000000284c       0x18 zephyr/arch/arch/arm/core/cortex_m/libarch__arm__core__cortex_m.a(irq_init.c.obj)
                0x000000000000284c                z_arm_interrupt_init
 .text._isr_wrapper
                0x0000000000002864       0x24 zephyr/arch/arch/arm/core/cortex_m/libarch__arm__core__cortex_m.a(isr_wrapper.c.obj)
                0x0000000000002864                _isr_wrapper
 .text.z_arm_configure_static_mpu_regions
                0x0000000000002888       0x18 zephyr/arch/arch/arm/core/mpu/libarch__arm__core__mpu.a(arm_core_mpu.c.obj)
                0x0000000000002888                z_arm_configure_static_mpu_regions
 .text.z_arm_configure_dynamic_mpu_regions
                0x00000000000028a0       0x20 zephyr/arch/arch/arm/core/mpu/libarch__arm__core__mpu.a(arm_core_mpu.c.obj)
                0x00000000000028a0                z_arm_configure_dynamic_mpu_regions
 .text.region_init
                0x00000000000028c0       0x28 zephyr/arch/arch/arm/core/mpu/libarch__arm__core__mpu.a(arm_mpu.c.obj)
 .text.mpu_configure_regions
                0x00000000000028e8       0x6c zephyr/arch/arch/arm/core/mpu/libarch__arm__core__mpu.a(arm_mpu.c.obj)
 .text.arm_core_mpu_enable
                0x0000000000002954       0x18 zephyr/arch/arch/arm/core/mpu/libarch__arm__core__mpu.a(arm_mpu.c.obj)
                0x0000000000002954                arm_core_mpu_enable
 .text.arm_core_mpu_disable
                0x000000000000296c       0x14 zephyr/arch/arch/arm/core/mpu/libarch__arm__core__mpu.a(arm_mpu.c.obj)
                0x000000000000296c                arm_core_mpu_disable
 .text.arm_core_mpu_configure_static_mpu_regions
                0x0000000000002980       0x14 zephyr/arch/arch/arm/core/mpu/libarch__arm__core__mpu.a(arm_mpu.c.obj)
                0x0000000000002980                arm_core_mpu_configure_static_mpu_regions
 .text.arm_core_mpu_configure_dynamic_mpu_regions
                0x0000000000002994       0x38 zephyr/arch/arch/arm/core/mpu/libarch__arm__core__mpu.a(arm_mpu.c.obj)
                0x0000000000002994                arm_core_mpu_configure_dynamic_mpu_regions
 .text.z_arm_mpu_init
                0x00000000000029cc      0x168 zephyr/arch/arch/arm/core/mpu/libarch__arm__core__mpu.a(arm_mpu.c.obj)
                0x00000000000029cc                z_arm_mpu_init
 .text.z_impl_zephyr_fputc
                0x0000000000002b34       0x10 zephyr/lib/libc/picolibc/liblib__libc__picolibc.a(libc-hooks.c.obj)
                0x0000000000002b34                z_impl_zephyr_fputc
 .text.__stdout_hook_install
                0x0000000000002b44       0x18 zephyr/lib/libc/picolibc/liblib__libc__picolibc.a(libc-hooks.c.obj)
                0x0000000000002b44                __stdout_hook_install
 .text.malloc_prepare
                0x0000000000002b5c       0x24 zephyr/lib/libc/common/liblib__libc__common.a(malloc.c.obj)
 .text.nordicsemi_nrf52_init
                0x0000000000002b80       0x44 zephyr/soc/soc/nrf52840/libsoc__nordic.a(soc.c.obj)
 .text.arch_busy_wait
                0x0000000000002bc4       0x14 zephyr/soc/soc/nrf52840/libsoc__nordic.a(soc.c.obj)
                0x0000000000002bc4                arch_busy_wait
 .text.onoff_stop
                0x0000000000002bd8       0x30 zephyr/drivers/clock_control/libdrivers__clock_control.a(clock_control_nrf.c.obj)
 .text.onoff_start
                0x0000000000002c08       0x44 zephyr/drivers/clock_control/libdrivers__clock_control.a(clock_control_nrf.c.obj)
 .text.generic_hfclk_stop
                0x0000000000002c4c       0x34 zephyr/drivers/clock_control/libdrivers__clock_control.a(clock_control_nrf.c.obj)
 .text.clk_init
                0x0000000000002c80       0x58 zephyr/drivers/clock_control/libdrivers__clock_control.a(clock_control_nrf.c.obj)
 .text.api_blocking_start
                0x0000000000002cd8       0x34 zephyr/drivers/clock_control/libdrivers__clock_control.a(clock_control_nrf.c.obj)
 .text.clkstarted_handle.constprop.0
                0x0000000000002d0c       0x4c zephyr/drivers/clock_control/libdrivers__clock_control.a(clock_control_nrf.c.obj)
 .text.generic_hfclk_start
                0x0000000000002d58       0x78 zephyr/drivers/clock_control/libdrivers__clock_control.a(clock_control_nrf.c.obj)
 .text.clock_event_handler
                0x0000000000002dd0       0x1c zephyr/drivers/clock_control/libdrivers__clock_control.a(clock_control_nrf.c.obj)
 .text.z_nrf_clock_control_get_onoff
                0x0000000000002dec       0x10 zephyr/drivers/clock_control/libdrivers__clock_control.a(clock_control_nrf.c.obj)
                0x0000000000002dec                z_nrf_clock_control_get_onoff
 .text.z_nrf_clock_control_lf_on
                0x0000000000002dfc       0xfc zephyr/drivers/clock_control/libdrivers__clock_control.a(clock_control_nrf.c.obj)
                0x0000000000002dfc                z_nrf_clock_control_lf_on
 .text.uart_console_init
                0x0000000000002ef8       0x28 zephyr/drivers/console/libdrivers__console.a(uart_console.c.obj)
 .text.console_out
                0x0000000000002f20       0x28 zephyr/drivers/console/libdrivers__console.a(uart_console.c.obj)
 .text.gpio_nrfx_pin_interrupt_configure
                0x0000000000002f48      0x100 zephyr/drivers/gpio/libdrivers__gpio.a(gpio_nrfx.c.obj)
 .text.gpio_nrfx_init
                0x0000000000003048       0x48 zephyr/drivers/gpio/libdrivers__gpio.a(gpio_nrfx.c.obj)
 .text.nrfx_gpio_handler
                0x0000000000003090       0x4c zephyr/drivers/gpio/libdrivers__gpio.a(gpio_nrfx.c.obj)
 .text.gpio_nrfx_pin_configure
                0x00000000000030dc      0x18c zephyr/drivers/gpio/libdrivers__gpio.a(gpio_nrfx.c.obj)
 .text.event_handler
                0x0000000000003268       0x38 zephyr/drivers/i2c/libdrivers__i2c.a(i2c_nrfx_twi.c.obj)
 .text.i2c_nrfx_twi_transfer
                0x00000000000032a0       0xc0 zephyr/drivers/i2c/libdrivers__i2c.a(i2c_nrfx_twi.c.obj)
 .text.i2c_nrfx_twi_init
                0x0000000000003360       0x24 zephyr/drivers/i2c/libdrivers__i2c.a(i2c_nrfx_twi_common.c.obj)
                0x0000000000003360                i2c_nrfx_twi_init
 .text.i2c_nrfx_twi_recover_bus
                0x0000000000003384       0x24 zephyr/drivers/i2c/libdrivers__i2c.a(i2c_nrfx_twi_common.c.obj)
                0x0000000000003384                i2c_nrfx_twi_recover_bus
 .text.i2c_nrfx_twi_msg_transfer
                0x00000000000033a8       0x7c zephyr/drivers/i2c/libdrivers__i2c.a(i2c_nrfx_twi_common.c.obj)
                0x00000000000033a8                i2c_nrfx_twi_msg_transfer
 .text.nrf_gpio_pin_port_decode
                0x0000000000003424       0x20 zephyr/drivers/pinctrl/libdrivers__pinctrl.a(pinctrl_nrf.c.obj)
 .text.pinctrl_configure_pins
                0x0000000000003444      0x1a4 zephyr/drivers/pinctrl/libdrivers__pinctrl.a(pinctrl_nrf.c.obj)
                0x0000000000003444                pinctrl_configure_pins
 .text.bma280_channel_accel_convert
                0x00000000000035e8       0x4c zephyr/drivers/sensor/bosch/bma280/libdrivers__sensor__bosch__bma280.a(bma280.c.obj)
 .text.bma280_channel_get
                0x0000000000003634       0x84 zephyr/drivers/sensor/bosch/bma280/libdrivers__sensor__bosch__bma280.a(bma280.c.obj)
 .text.z_impl_gpio_pin_interrupt_configure.isra.0
                0x00000000000036b8       0x34 zephyr/drivers/sensor/bosch/bma280/libdrivers__sensor__bosch__bma280.a(bma280_trigger.c.obj)
 .text.bma280_init_interrupt
                0x00000000000036ec      0x10c zephyr/drivers/sensor/bosch/bma280/libdrivers__sensor__bosch__bma280.a(bma280_trigger.c.obj)
                0x00000000000036ec                bma280_init_interrupt
 .text.hfclk_on_callback
                0x00000000000037f8        0xc zephyr/drivers/sensor/nordic/temp/libdrivers__sensor__nordic__temp.a(temp_nrf5.c.obj)
 .text.temp_nrf5_channel_get
                0x0000000000003804       0x2c zephyr/drivers/sensor/nordic/temp/libdrivers__sensor__nordic__temp.a(temp_nrf5.c.obj)
 .text.temp_nrf5_isr
                0x0000000000003830       0x18 zephyr/drivers/sensor/nordic/temp/libdrivers__sensor__nordic__temp.a(temp_nrf5.c.obj)
 .text.temp_nrf5_sample_fetch
                0x0000000000003848       0x78 zephyr/drivers/sensor/nordic/temp/libdrivers__sensor__nordic__temp.a(temp_nrf5.c.obj)
 .text.temp_nrf5_init
                0x00000000000038c0       0x40 zephyr/drivers/sensor/nordic/temp/libdrivers__sensor__nordic__temp.a(temp_nrf5.c.obj)
 .text.uarte_nrfx_poll_out
                0x0000000000003900       0xb4 zephyr/drivers/serial/libdrivers__serial.a(uart_nrfx_uarte.c.obj)
 .text.uarte_0_init
                0x00000000000039b4      0x108 zephyr/drivers/serial/libdrivers__serial.a(uart_nrfx_uarte.c.obj)
 .text.compare_int_lock
                0x0000000000003abc       0x48 zephyr/drivers/timer/libdrivers__timer.a(nrf_rtc_timer.c.obj)
 .text.sys_clock_timeout_handler
                0x0000000000003b04       0x48 zephyr/drivers/timer/libdrivers__timer.a(nrf_rtc_timer.c.obj)
 .text.compare_int_unlock
                0x0000000000003b4c       0x5c zephyr/drivers/timer/libdrivers__timer.a(nrf_rtc_timer.c.obj)
 .text.z_nrf_rtc_timer_read
                0x0000000000003ba8       0x44 zephyr/drivers/timer/libdrivers__timer.a(nrf_rtc_timer.c.obj)
                0x0000000000003ba8                z_nrf_rtc_timer_read
 .text.compare_set
                0x0000000000003bec      0x130 zephyr/drivers/timer/libdrivers__timer.a(nrf_rtc_timer.c.obj)
 .text.sys_clock_driver_init
                0x0000000000003d1c       0x90 zephyr/drivers/timer/libdrivers__timer.a(nrf_rtc_timer.c.obj)
 .text.rtc_nrf_isr
                0x0000000000003dac       0xd4 zephyr/drivers/timer/libdrivers__timer.a(nrf_rtc_timer.c.obj)
                0x0000000000003dac                rtc_nrf_isr
 .text.sys_clock_set_timeout
                0x0000000000003e80       0x5c zephyr/drivers/timer/libdrivers__timer.a(nrf_rtc_timer.c.obj)
                0x0000000000003e80                sys_clock_set_timeout
 .text.sys_clock_elapsed
                0x0000000000003edc       0x14 zephyr/drivers/timer/libdrivers__timer.a(nrf_rtc_timer.c.obj)
                0x0000000000003edc                sys_clock_elapsed
 .text.nrf52_errata_98
                0x0000000000003ef0       0x24 modules/hal_nordic/nrfx/libmodules__hal_nordic__nrfx.a(system_nrf52840.c.obj)
 .text.nvmc_wait
                0x0000000000003f14       0x10 modules/hal_nordic/nrfx/libmodules__hal_nordic__nrfx.a(system_nrf52840.c.obj)
                0x0000000000003f14                nvmc_wait
 .text.SystemInit
                0x0000000000003f24      0x1bc modules/hal_nordic/nrfx/libmodules__hal_nordic__nrfx.a(system_nrf52840.c.obj)
                0x0000000000003f24                SystemInit
 .text.nrfx_flag32_alloc
                0x00000000000040e0       0x48 modules/hal_nordic/nrfx/libmodules__hal_nordic__nrfx.a(nrfx_flag32_allocator.c.obj)
                0x00000000000040e0                nrfx_flag32_alloc
 .text.nrfx_flag32_free
                0x0000000000004128       0x40 modules/hal_nordic/nrfx/libmodules__hal_nordic__nrfx.a(nrfx_flag32_allocator.c.obj)
                0x0000000000004128                nrfx_flag32_free
 .text.nrfx_gppi_channels_enable
                0x0000000000004168        0xc modules/hal_nordic/nrfx/libmodules__hal_nordic__nrfx.a(nrfx_gppi_ppi.c.obj)
                0x0000000000004168                nrfx_gppi_channels_enable
 .text.clock_stop
                0x0000000000004174       0xc4 modules/hal_nordic/nrfx/libmodules__hal_nordic__nrfx.a(nrfx_clock.c.obj)
 .text.nrfx_clock_init
                0x0000000000004238       0x20 modules/hal_nordic/nrfx/libmodules__hal_nordic__nrfx.a(nrfx_clock.c.obj)
                0x0000000000004238                nrfx_clock_init
 .text.nrfx_clock_enable
                0x0000000000004258       0x24 modules/hal_nordic/nrfx/libmodules__hal_nordic__nrfx.a(nrfx_clock.c.obj)
                0x0000000000004258                nrfx_clock_enable
 .text.nrfx_clock_start
                0x000000000000427c       0xa8 modules/hal_nordic/nrfx/libmodules__hal_nordic__nrfx.a(nrfx_clock.c.obj)
                0x000000000000427c                nrfx_clock_start
 .text.nrfx_power_clock_irq_handler
                0x0000000000004324       0x68 modules/hal_nordic/nrfx/libmodules__hal_nordic__nrfx.a(nrfx_clock.c.obj)
                0x0000000000004324                nrfx_power_clock_irq_handler
 .text.nrf_gpio_pin_port_decode
                0x000000000000438c       0x20 modules/hal_nordic/nrfx/libmodules__hal_nordic__nrfx.a(nrfx_gpiote.c.obj)
 .text.get_pin_idx
                0x00000000000043ac       0x14 modules/hal_nordic/nrfx/libmodules__hal_nordic__nrfx.a(nrfx_gpiote.c.obj)
 .text.call_handler.constprop.0
                0x00000000000043c0       0x40 modules/hal_nordic/nrfx/libmodules__hal_nordic__nrfx.a(nrfx_gpiote.c.obj)
 .text.pin_te_get.constprop.0
                0x0000000000004400       0x18 modules/hal_nordic/nrfx/libmodules__hal_nordic__nrfx.a(nrfx_gpiote.c.obj)
 .text.pin_is_output.constprop.0
                0x0000000000004418       0x18 modules/hal_nordic/nrfx/libmodules__hal_nordic__nrfx.a(nrfx_gpiote.c.obj)
 .text.pin_in_use_by_te.constprop.0
                0x0000000000004430       0x18 modules/hal_nordic/nrfx/libmodules__hal_nordic__nrfx.a(nrfx_gpiote.c.obj)
 .text.latch_pending_read_and_check
                0x0000000000004448       0x40 modules/hal_nordic/nrfx/libmodules__hal_nordic__nrfx.a(nrfx_gpiote.c.obj)
 .text.release_handler.isra.0
                0x0000000000004488       0x58 modules/hal_nordic/nrfx/libmodules__hal_nordic__nrfx.a(nrfx_gpiote.c.obj)
 .text.__nrfy_internal_gpiote_events_process.constprop.0
                0x00000000000044e0       0x5c modules/hal_nordic/nrfx/libmodules__hal_nordic__nrfx.a(nrfx_gpiote.c.obj)
 .text.pin_uninit
                0x000000000000453c       0x80 modules/hal_nordic/nrfx/libmodules__hal_nordic__nrfx.a(nrfx_gpiote.c.obj)
 .text.nrfx_gpiote_input_configure
                0x00000000000045bc      0x174 modules/hal_nordic/nrfx/libmodules__hal_nordic__nrfx.a(nrfx_gpiote.c.obj)
                0x00000000000045bc                nrfx_gpiote_input_configure
 .text.nrfx_gpiote_output_configure
                0x0000000000004730       0xfc modules/hal_nordic/nrfx/libmodules__hal_nordic__nrfx.a(nrfx_gpiote.c.obj)
                0x0000000000004730                nrfx_gpiote_output_configure
 .text.nrfx_gpiote_global_callback_set
                0x000000000000482c        0xc modules/hal_nordic/nrfx/libmodules__hal_nordic__nrfx.a(nrfx_gpiote.c.obj)
                0x000000000000482c                nrfx_gpiote_global_callback_set
 .text.nrfx_gpiote_channel_get
                0x0000000000004838       0x34 modules/hal_nordic/nrfx/libmodules__hal_nordic__nrfx.a(nrfx_gpiote.c.obj)
                0x0000000000004838                nrfx_gpiote_channel_get
 .text.nrfx_gpiote_init
                0x000000000000486c       0x68 modules/hal_nordic/nrfx/libmodules__hal_nordic__nrfx.a(nrfx_gpiote.c.obj)
                0x000000000000486c                nrfx_gpiote_init
 .text.nrfx_gpiote_init_check
                0x00000000000048d4       0x14 modules/hal_nordic/nrfx/libmodules__hal_nordic__nrfx.a(nrfx_gpiote.c.obj)
                0x00000000000048d4                nrfx_gpiote_init_check
 .text.nrfx_gpiote_channel_free
                0x00000000000048e8        0xc modules/hal_nordic/nrfx/libmodules__hal_nordic__nrfx.a(nrfx_gpiote.c.obj)
                0x00000000000048e8                nrfx_gpiote_channel_free
 .text.nrfx_gpiote_channel_alloc
                0x00000000000048f4        0xc modules/hal_nordic/nrfx/libmodules__hal_nordic__nrfx.a(nrfx_gpiote.c.obj)
                0x00000000000048f4                nrfx_gpiote_channel_alloc
 .text.nrfx_gpiote_trigger_enable
                0x0000000000004900       0xb0 modules/hal_nordic/nrfx/libmodules__hal_nordic__nrfx.a(nrfx_gpiote.c.obj)
                0x0000000000004900                nrfx_gpiote_trigger_enable
 .text.nrfx_gpiote_0_irq_handler
                0x00000000000049b0      0x1bc modules/hal_nordic/nrfx/libmodules__hal_nordic__nrfx.a(nrfx_gpiote.c.obj)
                0x00000000000049b0                nrfx_gpiote_0_irq_handler
 .text.nrfx_ppi_channel_alloc
                0x0000000000004b6c        0xc modules/hal_nordic/nrfx/libmodules__hal_nordic__nrfx.a(nrfx_ppi.c.obj)
                0x0000000000004b6c                nrfx_ppi_channel_alloc
 .text.nrf_gpio_cfg.constprop.0
                0x0000000000004b78       0x48 modules/hal_nordic/nrfx/libmodules__hal_nordic__nrfx.a(nrfx_twi.c.obj)
 .text.twi_configure
                0x0000000000004bc0       0x3c modules/hal_nordic/nrfx/libmodules__hal_nordic__nrfx.a(nrfx_twi.c.obj)
 .text.twi_tx_start_transfer
                0x0000000000004bfc      0x104 modules/hal_nordic/nrfx/libmodules__hal_nordic__nrfx.a(nrfx_twi.c.obj)
 .text.twi_rx_start_transfer
                0x0000000000004d00       0xe4 modules/hal_nordic/nrfx/libmodules__hal_nordic__nrfx.a(nrfx_twi.c.obj)
 .text.nrfx_twi_init
                0x0000000000004de4       0x88 modules/hal_nordic/nrfx/libmodules__hal_nordic__nrfx.a(nrfx_twi.c.obj)
                0x0000000000004de4                nrfx_twi_init
 .text.nrfx_twi_enable
                0x0000000000004e6c       0x20 modules/hal_nordic/nrfx/libmodules__hal_nordic__nrfx.a(nrfx_twi.c.obj)
                0x0000000000004e6c                nrfx_twi_enable
 .text.nrfx_twi_disable
                0x0000000000004e8c       0x38 modules/hal_nordic/nrfx/libmodules__hal_nordic__nrfx.a(nrfx_twi.c.obj)
                0x0000000000004e8c                nrfx_twi_disable
 .text.nrfx_twi_xfer
                0x0000000000004ec4       0xdc modules/hal_nordic/nrfx/libmodules__hal_nordic__nrfx.a(nrfx_twi.c.obj)
                0x0000000000004ec4                nrfx_twi_xfer
 .text.nrfx_twi_0_irq_handler
                0x0000000000004fa0       0xd8 modules/hal_nordic/nrfx/libmodules__hal_nordic__nrfx.a(nrfx_twi.c.obj)
                0x0000000000004fa0                nrfx_twi_0_irq_handler
 .text.nrf_gpio_pin_port_decode
                0x0000000000005078       0x20 modules/hal_nordic/nrfx/libmodules__hal_nordic__nrfx.a(nrfx_twi_twim.c.obj)
 .text.nrfx_twi_twim_bus_recover
                0x0000000000005098       0xdc modules/hal_nordic/nrfx/libmodules__hal_nordic__nrfx.a(nrfx_twi_twim.c.obj)
                0x0000000000005098                nrfx_twi_twim_bus_recover
 .text._DoInit  0x0000000000005174       0x68 modules/segger/libmodules__segger.a(SEGGER_RTT.c.obj)
 .text.z_fatal_error
                0x00000000000051dc       0x30 zephyr/kernel/libkernel.a(fatal.c.obj)
                0x00000000000051dc                z_fatal_error
 .text.z_sys_init_run_level
                0x000000000000520c       0x2c zephyr/kernel/libkernel.a(init.c.obj)
 .text.bg_thread_main
                0x0000000000005238       0xc4 zephyr/kernel/libkernel.a(init.c.obj)
 .text.z_bss_zero
                0x00000000000052fc       0x18 zephyr/kernel/libkernel.a(init.c.obj)
                0x00000000000052fc                z_bss_zero
 .text.z_init_cpu
                0x0000000000005314       0x70 zephyr/kernel/libkernel.a(init.c.obj)
                0x0000000000005314                z_init_cpu
 .text.z_cstart
                0x0000000000005384       0xdc zephyr/kernel/libkernel.a(init.c.obj)
                0x0000000000005384                z_cstart
 .text.init_mem_slab_obj_core_list
                0x0000000000005460       0x24 zephyr/kernel/libkernel.a(mem_slab.c.obj)
 .text.k_mem_slab_alloc
                0x0000000000005484       0x5c zephyr/kernel/libkernel.a(mem_slab.c.obj)
                0x0000000000005484                k_mem_slab_alloc
 .text.z_impl_k_mutex_lock
                0x00000000000054e0       0xf0 zephyr/kernel/libkernel.a(mutex.c.obj)
                0x00000000000054e0                z_impl_k_mutex_lock
 .text.z_impl_k_mutex_unlock
                0x00000000000055d0       0x78 zephyr/kernel/libkernel.a(mutex.c.obj)
                0x00000000000055d0                z_impl_k_mutex_unlock
 .text.z_impl_k_sem_give
                0x0000000000005648       0x48 zephyr/kernel/libkernel.a(sem.c.obj)
                0x0000000000005648                z_impl_k_sem_give
 .text.z_impl_k_sem_take
                0x0000000000005690       0x4c zephyr/kernel/libkernel.a(sem.c.obj)
                0x0000000000005690                z_impl_k_sem_take
 .text.work_queue_main
                0x00000000000056dc      0x144 zephyr/kernel/libkernel.a(work.c.obj)
 .text.submit_to_queue_locked
                0x0000000000005820       0xb4 zephyr/kernel/libkernel.a(work.c.obj)
 .text.k_work_submit
                0x00000000000058d4        0xc zephyr/kernel/libkernel.a(work.c.obj)
                0x00000000000058d4                k_work_submit
 .text.k_work_queue_start
                0x00000000000058e0       0x7c zephyr/kernel/libkernel.a(work.c.obj)
                0x00000000000058e0                k_work_queue_start
 .text.z_setup_new_thread
                0x000000000000595c       0x98 zephyr/kernel/libkernel.a(thread.c.obj)
                0x000000000000595c                z_setup_new_thread
 .text.z_impl_k_thread_create
                0x00000000000059f4       0x58 zephyr/kernel/libkernel.a(thread.c.obj)
                0x00000000000059f4                z_impl_k_thread_create
 .text.update_cache
                0x0000000000005a4c       0x3c zephyr/kernel/libkernel.a(sched.c.obj)
 .text.unready_thread
                0x0000000000005a88       0x30 zephyr/kernel/libkernel.a(sched.c.obj)
 .text.ready_thread
                0x0000000000005ab8       0x68 zephyr/kernel/libkernel.a(sched.c.obj)
 .text.z_thread_halt
                0x0000000000005b20       0xdc zephyr/kernel/libkernel.a(sched.c.obj)
 .text.move_thread_to_end_of_prio_q
                0x0000000000005bfc       0x74 zephyr/kernel/libkernel.a(sched.c.obj)
                0x0000000000005bfc                move_thread_to_end_of_prio_q
 .text.z_pend_curr
                0x0000000000005c70       0x58 zephyr/kernel/libkernel.a(sched.c.obj)
                0x0000000000005c70                z_pend_curr
 .text.z_thread_prio_set
                0x0000000000005cc8       0x88 zephyr/kernel/libkernel.a(sched.c.obj)
                0x0000000000005cc8                z_thread_prio_set
 .text.z_reschedule
                0x0000000000005d50       0x24 zephyr/kernel/libkernel.a(sched.c.obj)
                0x0000000000005d50                z_reschedule
 .text.z_sched_start
                0x0000000000005d74       0x3c zephyr/kernel/libkernel.a(sched.c.obj)
                0x0000000000005d74                z_sched_start
 .text.z_reschedule_irqlock
                0x0000000000005db0       0x28 zephyr/kernel/libkernel.a(sched.c.obj)
                0x0000000000005db0                z_reschedule_irqlock
 .text.k_sched_lock
                0x0000000000005dd8       0x28 zephyr/kernel/libkernel.a(sched.c.obj)
                0x0000000000005dd8                k_sched_lock
 .text.k_sched_unlock
                0x0000000000005e00       0x40 zephyr/kernel/libkernel.a(sched.c.obj)
                0x0000000000005e00                k_sched_unlock
 .text.z_sched_init
                0x0000000000005e40       0x10 zephyr/kernel/libkernel.a(sched.c.obj)
                0x0000000000005e40                z_sched_init
 .text.z_impl_k_yield
                0x0000000000005e50       0x7c zephyr/kernel/libkernel.a(sched.c.obj)
                0x0000000000005e50                z_impl_k_yield
 .text.z_tick_sleep
                0x0000000000005ecc       0x88 zephyr/kernel/libkernel.a(sched.c.obj)
 .text.z_impl_k_sleep
                0x0000000000005f54       0x3c zephyr/kernel/libkernel.a(sched.c.obj)
                0x0000000000005f54                z_impl_k_sleep
 .text.z_impl_k_sched_current_thread_query
                0x0000000000005f90        0xc zephyr/kernel/libkernel.a(sched.c.obj)
                0x0000000000005f90                z_impl_k_sched_current_thread_query
 .text.z_sched_wait
                0x0000000000005f9c       0x24 zephyr/kernel/libkernel.a(sched.c.obj)
                0x0000000000005f9c                z_sched_wait
 .text.slice_timeout
                0x0000000000005fc0       0x20 zephyr/kernel/libkernel.a(timeslicing.c.obj)
 .text.thread_is_sliceable
                0x0000000000005fe0       0x3c zephyr/kernel/libkernel.a(timeslicing.c.obj)
                0x0000000000005fe0                thread_is_sliceable
 .text.z_reset_time_slice
                0x000000000000601c       0x50 zephyr/kernel/libkernel.a(timeslicing.c.obj)
                0x000000000000601c                z_reset_time_slice
 .text.z_time_slice
                0x000000000000606c       0x60 zephyr/kernel/libkernel.a(timeslicing.c.obj)
                0x000000000000606c                z_time_slice
 .text.z_data_copy
                0x00000000000060cc       0x34 zephyr/kernel/libkernel.a(xip.c.obj)
                0x00000000000060cc                z_data_copy
 .text.elapsed  0x0000000000006100       0x14 zephyr/kernel/libkernel.a(timeout.c.obj)
 .text.remove_timeout
                0x0000000000006114       0x38 zephyr/kernel/libkernel.a(timeout.c.obj)
 .text.next_timeout
                0x000000000000614c       0x40 zephyr/kernel/libkernel.a(timeout.c.obj)
 .text.z_add_timeout
                0x000000000000618c       0xf4 zephyr/kernel/libkernel.a(timeout.c.obj)
                0x000000000000618c                z_add_timeout
 .text.sys_clock_announce
                0x0000000000006280       0xd0 zephyr/kernel/libkernel.a(timeout.c.obj)
                0x0000000000006280                sys_clock_announce
 .text.sys_clock_tick_get
                0x0000000000006350       0x30 zephyr/kernel/libkernel.a(timeout.c.obj)
                0x0000000000006350                sys_clock_tick_get
 .text.k_sys_work_q_init
                0x0000000000006380       0x34 zephyr/kernel/libkernel.a(system_work_q.c.obj)
 .text.nrf_cc3xx_platform_init_no_rng
                0x00000000000063b4       0x38 C:/ncs/v2.8.0/nrfxlib/crypto/nrf_cc310_platform/lib/cortex-m4/soft-float/no-interrupts/libnrf_cc310_platform_0.9.19.a(nrf_cc3xx_platform.c.obj)
                0x00000000000063b4                nrf_cc3xx_platform_init_no_rng
 .text.nrf_cc3xx_platform_abort
                0x00000000000063ec       0x24 C:/ncs/v2.8.0/nrfxlib/crypto/nrf_cc310_platform/lib/cortex-m4/soft-float/no-interrupts/libnrf_cc310_platform_0.9.19.a(nrf_cc3xx_platform_abort.c.obj)
 .text.CC_PalAbort
                0x0000000000006410       0x34 C:/ncs/v2.8.0/nrfxlib/crypto/nrf_cc310_platform/lib/cortex-m4/soft-float/no-interrupts/libnrf_cc310_platform_0.9.19.a(nrf_cc3xx_platform_abort.c.obj)
                0x0000000000006410                CC_PalAbort
 .text.nrf_cc3xx_platform_set_abort
                0x0000000000006444       0x10 C:/ncs/v2.8.0/nrfxlib/crypto/nrf_cc310_platform/lib/cortex-m4/soft-float/no-interrupts/libnrf_cc310_platform_0.9.19.a(nrf_cc3xx_platform_abort.c.obj)
                0x0000000000006444                nrf_cc3xx_platform_set_abort
 .text.mutex_free
                0x0000000000006454       0x34 C:/ncs/v2.8.0/nrfxlib/crypto/nrf_cc310_platform/lib/cortex-m4/soft-float/no-interrupts/libnrf_cc310_platform_0.9.19.a(nrf_cc3xx_platform_mutex.c.obj)
 .text.mutex_lock
                0x0000000000006488       0x48 C:/ncs/v2.8.0/nrfxlib/crypto/nrf_cc310_platform/lib/cortex-m4/soft-float/no-interrupts/libnrf_cc310_platform_0.9.19.a(nrf_cc3xx_platform_mutex.c.obj)
 .text.mutex_unlock
                0x00000000000064d0       0x38 C:/ncs/v2.8.0/nrfxlib/crypto/nrf_cc310_platform/lib/cortex-m4/soft-float/no-interrupts/libnrf_cc310_platform_0.9.19.a(nrf_cc3xx_platform_mutex.c.obj)
 .text.mutex_init
                0x0000000000006508       0x20 C:/ncs/v2.8.0/nrfxlib/crypto/nrf_cc310_platform/lib/cortex-m4/soft-float/no-interrupts/libnrf_cc310_platform_0.9.19.a(nrf_cc3xx_platform_mutex.c.obj)
 .text.nrf_cc3xx_platform_set_mutexes
                0x0000000000006528       0x74 C:/ncs/v2.8.0/nrfxlib/crypto/nrf_cc310_platform/lib/cortex-m4/soft-float/no-interrupts/libnrf_cc310_platform_0.9.19.a(nrf_cc3xx_platform_mutex.c.obj)
                0x0000000000006528                nrf_cc3xx_platform_set_mutexes
 .text.CC_LibInitNoRng
                0x000000000000659c       0x64 C:/ncs/v2.8.0/nrfxlib/crypto/nrf_cc310_platform/lib/cortex-m4/soft-float/no-interrupts/libnrf_cc310_platform_0.9.19.a(cc_lib.c.obj)
                0x000000000000659c                CC_LibInitNoRng
 .text.CC_HalInit
                0x0000000000006600        0x4 C:/ncs/v2.8.0/nrfxlib/crypto/nrf_cc310_platform/lib/cortex-m4/soft-float/no-interrupts/libnrf_cc310_platform_0.9.19.a(cc_hal.c.obj)
                0x0000000000006600                CC_HalInit
 .text.CC_HalTerminate
                0x0000000000006604        0x4 C:/ncs/v2.8.0/nrfxlib/crypto/nrf_cc310_platform/lib/cortex-m4/soft-float/no-interrupts/libnrf_cc310_platform_0.9.19.a(cc_hal.c.obj)
                0x0000000000006604                CC_HalTerminate
 .text.CC_HalMaskInterrupt
                0x0000000000006608        0xc C:/ncs/v2.8.0/nrfxlib/crypto/nrf_cc310_platform/lib/cortex-m4/soft-float/no-interrupts/libnrf_cc310_platform_0.9.19.a(cc_hal.c.obj)
                0x0000000000006608                CC_HalMaskInterrupt
 .text.CC_PalInit
                0x0000000000006614       0x5c C:/ncs/v2.8.0/nrfxlib/crypto/nrf_cc310_platform/lib/cortex-m4/soft-float/no-interrupts/libnrf_cc310_platform_0.9.19.a(cc_pal.c.obj)
                0x0000000000006614                CC_PalInit
 .text.CC_PalTerminate
                0x0000000000006670       0x34 C:/ncs/v2.8.0/nrfxlib/crypto/nrf_cc310_platform/lib/cortex-m4/soft-float/no-interrupts/libnrf_cc310_platform_0.9.19.a(cc_pal.c.obj)
                0x0000000000006670                CC_PalTerminate
 .text.CC_PalDmaInit
                0x00000000000066a4        0x4 C:/ncs/v2.8.0/nrfxlib/crypto/nrf_cc310_platform/lib/cortex-m4/soft-float/no-interrupts/libnrf_cc310_platform_0.9.19.a(cc_pal_dma.c.obj)
                0x00000000000066a4                CC_PalDmaInit
 .text.CC_PalDmaTerminate
                0x00000000000066a8        0x4 C:/ncs/v2.8.0/nrfxlib/crypto/nrf_cc310_platform/lib/cortex-m4/soft-float/no-interrupts/libnrf_cc310_platform_0.9.19.a(cc_pal_dma.c.obj)
                0x00000000000066a8                CC_PalDmaTerminate
 .text.CC_PalMutexCreate
                0x00000000000066ac       0x14 C:/ncs/v2.8.0/nrfxlib/crypto/nrf_cc310_platform/lib/cortex-m4/soft-float/no-interrupts/libnrf_cc310_platform_0.9.19.a(cc_pal_mutex.c.obj)
                0x00000000000066ac                CC_PalMutexCreate
 .text.CC_PalMutexDestroy
                0x00000000000066c0       0x14 C:/ncs/v2.8.0/nrfxlib/crypto/nrf_cc310_platform/lib/cortex-m4/soft-float/no-interrupts/libnrf_cc310_platform_0.9.19.a(cc_pal_mutex.c.obj)
                0x00000000000066c0                CC_PalMutexDestroy
 .text.CC_PalPowerSaveModeInit
                0x00000000000066d4       0x3c C:/ncs/v2.8.0/nrfxlib/crypto/nrf_cc310_platform/lib/cortex-m4/soft-float/no-interrupts/libnrf_cc310_platform_0.9.19.a(cc_pal_pm.c.obj)
                0x00000000000066d4                CC_PalPowerSaveModeInit
 .text.CC_PalPowerSaveModeSelect
                0x0000000000006710       0x84 C:/ncs/v2.8.0/nrfxlib/crypto/nrf_cc310_platform/lib/cortex-m4/soft-float/no-interrupts/libnrf_cc310_platform_0.9.19.a(cc_pal_pm.c.obj)
                0x0000000000006710                CC_PalPowerSaveModeSelect
 .text.printf   0x0000000000006794       0x24 c:\ncs\toolchains\2d382dcd92\opt\zephyr-sdk\arm-zephyr-eabi\bin\../lib/gcc/../../picolibc/arm-zephyr-eabi/lib/thumb/v7e-m/nofp\libc.a(libc_tinystdio_printf.c.o)
                0x0000000000006794                printf
 .text.putchar  0x00000000000067b8        0xc c:\ncs\toolchains\2d382dcd92\opt\zephyr-sdk\arm-zephyr-eabi\bin\../lib/gcc/../../picolibc/arm-zephyr-eabi/lib/thumb/v7e-m/nofp\libc.a(libc_tinystdio_putchar.c.o)
                0x00000000000067b8                putchar
 .text.puts     0x00000000000067c4       0x40 c:\ncs\toolchains\2d382dcd92\opt\zephyr-sdk\arm-zephyr-eabi\bin\../lib/gcc/../../picolibc/arm-zephyr-eabi/lib/thumb/v7e-m/nofp\libc.a(libc_tinystdio_puts.c.o)
                0x00000000000067c4                puts
 .text.skip_to_arg
                0x0000000000006804      0x138 c:\ncs\toolchains\2d382dcd92\opt\zephyr-sdk\arm-zephyr-eabi\bin\../lib/gcc/../../picolibc/arm-zephyr-eabi/lib/thumb/v7e-m/nofp\libc.a(libc_tinystdio_vfprintf.c.o)
 .text.vfprintf
                0x000000000000693c      0x9f8 c:\ncs\toolchains\2d382dcd92\opt\zephyr-sdk\arm-zephyr-eabi\bin\../lib/gcc/../../picolibc/arm-zephyr-eabi/lib/thumb/v7e-m/nofp\libc.a(libc_tinystdio_vfprintf.c.o)
                0x000000000000693c                __d_vfprintf
 .text.div10    0x0000000000007334       0x28 c:\ncs\toolchains\2d382dcd92\opt\zephyr-sdk\arm-zephyr-eabi\bin\../lib/gcc/../../picolibc/arm-zephyr-eabi/lib/thumb/v7e-m/nofp\libc.a(libc_tinystdio_dtoa_ryu.c.o)
 .text.__dtoa_engine
                0x000000000000735c      0x49c c:\ncs\toolchains\2d382dcd92\opt\zephyr-sdk\arm-zephyr-eabi\bin\../lib/gcc/../../picolibc/arm-zephyr-eabi/lib/thumb/v7e-m/nofp\libc.a(libc_tinystdio_dtoa_ryu.c.o)
                0x000000000000735c                __dtoa_engine
 .text.__log10Pow2
                0x00000000000077f8        0xc c:\ncs\toolchains\2d382dcd92\opt\zephyr-sdk\arm-zephyr-eabi\bin\../lib/gcc/../../picolibc/arm-zephyr-eabi/lib/thumb/v7e-m/nofp\libc.a(libc_tinystdio_ryu_log10.c.o)
                0x00000000000077f8                __log10Pow2
 .text.__log10Pow5
                0x0000000000007804        0xc c:\ncs\toolchains\2d382dcd92\opt\zephyr-sdk\arm-zephyr-eabi\bin\../lib/gcc/../../picolibc/arm-zephyr-eabi/lib/thumb/v7e-m/nofp\libc.a(libc_tinystdio_ryu_log10.c.o)
                0x0000000000007804                __log10Pow5
 .text.__pow5bits
                0x0000000000007810       0x10 c:\ncs\toolchains\2d382dcd92\opt\zephyr-sdk\arm-zephyr-eabi\bin\../lib/gcc/../../picolibc/arm-zephyr-eabi/lib/thumb/v7e-m/nofp\libc.a(libc_tinystdio_ryu_pow5bits.c.o)
                0x0000000000007810                __pow5bits
 .text.__pow5Factor
                0x0000000000007820       0x30 c:\ncs\toolchains\2d382dcd92\opt\zephyr-sdk\arm-zephyr-eabi\bin\../lib/gcc/../../picolibc/arm-zephyr-eabi/lib/thumb/v7e-m/nofp\libc.a(libc_tinystdio_ryu_table.c.o)
                0x0000000000007820                __pow5Factor
 .text.__double_computePow5
                0x0000000000007850       0xe8 c:\ncs\toolchains\2d382dcd92\opt\zephyr-sdk\arm-zephyr-eabi\bin\../lib/gcc/../../picolibc/arm-zephyr-eabi/lib/thumb/v7e-m/nofp\libc.a(libc_tinystdio_ryu_table.c.o)
                0x0000000000007850                __double_computePow5
 .text.__double_computeInvPow5
                0x0000000000007938       0xf8 c:\ncs\toolchains\2d382dcd92\opt\zephyr-sdk\arm-zephyr-eabi\bin\../lib/gcc/../../picolibc/arm-zephyr-eabi/lib/thumb/v7e-m/nofp\libc.a(libc_tinystdio_ryu_table.c.o)
                0x0000000000007938                __double_computeInvPow5
 .text._OffsetAbsSyms
                0x0000000000007a30        0x2 zephyr/CMakeFiles/offsets.dir/./arch/arm/core/offsets/offsets.c.obj
                0x0000000000007a30                _OffsetAbsSyms
 .text.i2c_transfer
                0x0000000000007a32       0x1e app/libapp.a(main.c.obj)
 .text.i2c_write
                0x0000000000007a50       0x1a app/libapp.a(main.c.obj)
 .text.i2c_reg_write_byte
                0x0000000000007a6a       0x1a app/libapp.a(main.c.obj)
 .text.i2c_write_read.constprop.0
                0x0000000000007a84       0x2a app/libapp.a(main.c.obj)
 .text.BME280_GetMode
                0x0000000000007aae       0x1a app/libapp.a(main.c.obj)
                0x0000000000007aae                BME280_GetMode
 .text.writeCommandLower
                0x0000000000007ac8       0x1c app/libapp.a(main.c.obj)
                0x0000000000007ac8                writeCommandLower
 .text.writeCommandUpper
                0x0000000000007ae4       0x1a app/libapp.a(main.c.obj)
                0x0000000000007ae4                writeCommandUpper
 .text.VCNL4040_ReadCommandUpper
                0x0000000000007afe        0xc app/libapp.a(main.c.obj)
                0x0000000000007afe                VCNL4040_ReadCommandUpper
 .text.bitMask  0x0000000000007b0a       0x32 app/libapp.a(main.c.obj)
                0x0000000000007b0a                bitMask
 .text.VCNL4040_SetLEDCurrent
                0x0000000000007b3c       0x52 app/libapp.a(main.c.obj)
                0x0000000000007b3c                VCNL4040_SetLEDCurrent
 .text.VCNL4040_setIRDutyCycle
                0x0000000000007b8e       0x26 app/libapp.a(main.c.obj)
                0x0000000000007b8e                VCNL4040_setIRDutyCycle
 .text.VCNL4040_setProxIntegrationTime
                0x0000000000007bb4       0x28 app/libapp.a(main.c.obj)
                0x0000000000007bb4                VCNL4040_setProxIntegrationTime
 .text.VCNL4040_SetProxResolution
                0x0000000000007bdc       0x14 app/libapp.a(main.c.obj)
                0x0000000000007bdc                VCNL4040_SetProxResolution
 .text.VCNL4040_EnableSmartPersistance
                0x0000000000007bf0        0xc app/libapp.a(main.c.obj)
                0x0000000000007bf0                VCNL4040_EnableSmartPersistance
 .text.VCNL4040_PowerOnProximity
                0x0000000000007bfc        0xc app/libapp.a(main.c.obj)
                0x0000000000007bfc                VCNL4040_PowerOnProximity
 .text.VCNL4040_PowerOnAmbient
                0x0000000000007c08        0xc app/libapp.a(main.c.obj)
                0x0000000000007c08                VCNL4040_PowerOnAmbient
 .text.VCNL4040_EnableWhiteChannel
                0x0000000000007c14        0xc app/libapp.a(main.c.obj)
                0x0000000000007c14                VCNL4040_EnableWhiteChannel
 .text.chunk_field
                0x0000000000007c20       0x16 zephyr/libzephyr.a(heap.c.obj)
 .text.chunk_set
                0x0000000000007c36       0x16 zephyr/libzephyr.a(heap.c.obj)
 .text.chunk_size
                0x0000000000007c4c        0xc zephyr/libzephyr.a(heap.c.obj)
 .text.set_chunk_used
                0x0000000000007c58       0x30 zephyr/libzephyr.a(heap.c.obj)
 .text.set_chunk_size
                0x0000000000007c88        0x8 zephyr/libzephyr.a(heap.c.obj)
 .text.bucket_idx.isra.0
                0x0000000000007c90       0x1c zephyr/libzephyr.a(heap.c.obj)
 .text.free_list_add
                0x0000000000007cac       0x84 zephyr/libzephyr.a(heap.c.obj)
 .text.sys_heap_init
                0x0000000000007d30       0xb0 zephyr/libzephyr.a(heap.c.obj)
                0x0000000000007d30                sys_heap_init
 .text.arch_printk_char_out
                0x0000000000007de0        0x4 zephyr/libzephyr.a(printk.c.obj)
                0x0000000000007de0                arch_printk_char_out
 .text.printk   0x0000000000007de4       0x1a zephyr/libzephyr.a(printk.c.obj)
                0x0000000000007de4                printk
 .text.process_recheck
                0x0000000000007dfe       0x38 zephyr/libzephyr.a(onoff.c.obj)
 .text.validate_args
                0x0000000000007e36       0x20 zephyr/libzephyr.a(onoff.c.obj)
 .text.notify_one
                0x0000000000007e56       0x2c zephyr/libzephyr.a(onoff.c.obj)
 .text.transition_complete
                0x0000000000007e82       0x1a zephyr/libzephyr.a(onoff.c.obj)
 .text.onoff_manager_init
                0x0000000000007e9c       0x26 zephyr/libzephyr.a(onoff.c.obj)
                0x0000000000007e9c                onoff_manager_init
 .text.onoff_request
                0x0000000000007ec2       0xae zephyr/libzephyr.a(onoff.c.obj)
                0x0000000000007ec2                onoff_request
 .text.onoff_release
                0x0000000000007f70       0x48 zephyr/libzephyr.a(onoff.c.obj)
                0x0000000000007f70                onoff_release
 .text.sys_notify_validate
                0x0000000000007fb8       0x22 zephyr/libzephyr.a(notify.c.obj)
                0x0000000000007fb8                sys_notify_validate
 .text.sys_notify_finalize
                0x0000000000007fda       0x1a zephyr/libzephyr.a(notify.c.obj)
                0x0000000000007fda                sys_notify_finalize
 .text._ConfigAbsSyms
                0x0000000000007ff4        0x2 zephyr/libzephyr.a(configs.c.obj)
                0x0000000000007ff4                _ConfigAbsSyms
 .text.abort_function
                0x0000000000007ff6        0x2 zephyr/libzephyr.a(nrf_cc3xx_platform_abort_zephyr.c.obj)
 .text.z_arm_fatal_error
                0x0000000000007ff8        0xc zephyr/arch/arch/arm/core/libarch__arm__core.a(fatal.c.obj)
                0x0000000000007ff8                z_arm_fatal_error
 .text.z_do_kernel_oops
                0x0000000000008004        0x8 zephyr/arch/arch/arm/core/libarch__arm__core.a(fatal.c.obj)
                0x0000000000008004                z_do_kernel_oops
 .text.z_arm_nmi
                0x000000000000800c        0xe zephyr/arch/arch/arm/core/libarch__arm__core.a(nmi.c.obj)
                0x000000000000800c                z_arm_nmi
 .text.z_irq_spurious
                0x000000000000801a        0x8 zephyr/arch/arch/arm/core/cortex_m/libarch__arm__core__cortex_m.a(irq_manage.c.obj)
                0x000000000000801a                z_irq_spurious
 .text.arch_irq_unlock_outlined
                0x0000000000008022        0xe zephyr/arch/arch/arm/core/cortex_m/libarch__arm__core__cortex_m.a(thread.c.obj)
                0x0000000000008022                arch_irq_unlock_outlined
 .text.arch_cpu_idle
                0x0000000000008030       0x1a zephyr/arch/arch/arm/core/cortex_m/libarch__arm__core__cortex_m.a(cpu_idle.c.obj)
                0x0000000000008030                arch_cpu_idle
 .text.arch_cpu_atomic_idle
                0x000000000000804a       0x1e zephyr/arch/arch/arm/core/cortex_m/libarch__arm__core__cortex_m.a(cpu_idle.c.obj)
                0x000000000000804a                arch_cpu_atomic_idle
 .text.size_to_mpu_rasr_size
                0x0000000000008068       0x20 zephyr/arch/arch/arm/core/mpu/libarch__arm__core__mpu.a(arm_mpu.c.obj)
 .text.picolibc_put
                0x0000000000008088        0xa zephyr/lib/libc/picolibc/liblib__libc__picolibc.a(libc-hooks.c.obj)
 .text.get_status
                0x0000000000008092       0x12 zephyr/drivers/clock_control/libdrivers__clock_control.a(clock_control_nrf.c.obj)
 .text.stop     0x00000000000080a4       0x52 zephyr/drivers/clock_control/libdrivers__clock_control.a(clock_control_nrf.c.obj)
 .text.api_stop
                0x00000000000080f6        0x6 zephyr/drivers/clock_control/libdrivers__clock_control.a(clock_control_nrf.c.obj)
 .text.async_start
                0x00000000000080fc       0x5c zephyr/drivers/clock_control/libdrivers__clock_control.a(clock_control_nrf.c.obj)
 .text.api_start
                0x0000000000008158        0xe zephyr/drivers/clock_control/libdrivers__clock_control.a(clock_control_nrf.c.obj)
 .text.onoff_started_callback
                0x0000000000008166       0x12 zephyr/drivers/clock_control/libdrivers__clock_control.a(clock_control_nrf.c.obj)
 .text.lfclk_start
                0x0000000000008178        0x6 zephyr/drivers/clock_control/libdrivers__clock_control.a(clock_control_nrf.c.obj)
 .text.lfclk_stop
                0x000000000000817e        0x6 zephyr/drivers/clock_control/libdrivers__clock_control.a(clock_control_nrf.c.obj)
 .text.blocking_start_callback
                0x0000000000008184        0x6 zephyr/drivers/clock_control/libdrivers__clock_control.a(clock_control_nrf.c.obj)
 .text.gpio_nrfx_port_get_raw
                0x000000000000818a        0xe zephyr/drivers/gpio/libdrivers__gpio.a(gpio_nrfx.c.obj)
 .text.gpio_nrfx_port_set_masked_raw
                0x0000000000008198       0x18 zephyr/drivers/gpio/libdrivers__gpio.a(gpio_nrfx.c.obj)
 .text.gpio_nrfx_port_set_bits_raw
                0x00000000000081b0        0xc zephyr/drivers/gpio/libdrivers__gpio.a(gpio_nrfx.c.obj)
 .text.gpio_nrfx_port_clear_bits_raw
                0x00000000000081bc        0xc zephyr/drivers/gpio/libdrivers__gpio.a(gpio_nrfx.c.obj)
 .text.gpio_nrfx_port_toggle_bits
                0x00000000000081c8       0x1a zephyr/drivers/gpio/libdrivers__gpio.a(gpio_nrfx.c.obj)
 .text.gpio_nrfx_manage_callback
                0x00000000000081e2       0x52 zephyr/drivers/gpio/libdrivers__gpio.a(gpio_nrfx.c.obj)
 .text.twi_0_init
                0x0000000000008234       0x40 zephyr/drivers/i2c/libdrivers__i2c.a(i2c_nrfx_twi.c.obj)
 .text.i2c_nrfx_twi_configure
                0x0000000000008274       0x32 zephyr/drivers/i2c/libdrivers__i2c.a(i2c_nrfx_twi_common.c.obj)
                0x0000000000008274                i2c_nrfx_twi_configure
 .text.pinctrl_lookup_state
                0x00000000000082a6       0x26 zephyr/drivers/pinctrl/libdrivers__pinctrl.a(common.c.obj)
                0x00000000000082a6                pinctrl_lookup_state
 .text.i2c_reg_write_byte_dt
                0x00000000000082cc       0x36 zephyr/drivers/sensor/bosch/bma280/libdrivers__sensor__bosch__bma280.a(bma280.c.obj)
 .text.i2c_write_read.constprop.0
                0x0000000000008302       0x38 zephyr/drivers/sensor/bosch/bma280/libdrivers__sensor__bosch__bma280.a(bma280.c.obj)
 .text.bma280_init
                0x000000000000833a       0x76 zephyr/drivers/sensor/bosch/bma280/libdrivers__sensor__bosch__bma280.a(bma280.c.obj)
                0x000000000000833a                bma280_init
 .text.bma280_sample_fetch
                0x00000000000083b0       0x7c zephyr/drivers/sensor/bosch/bma280/libdrivers__sensor__bosch__bma280.a(bma280.c.obj)
 .text.bma280_gpio_callback
                0x000000000000842c       0x22 zephyr/drivers/sensor/bosch/bma280/libdrivers__sensor__bosch__bma280.a(bma280_trigger.c.obj)
 .text.i2c_write_read.constprop.0
                0x000000000000844e       0x36 zephyr/drivers/sensor/bosch/bma280/libdrivers__sensor__bosch__bma280.a(bma280_trigger.c.obj)
 .text.i2c_reg_update_byte_dt
                0x0000000000008484       0x6c zephyr/drivers/sensor/bosch/bma280/libdrivers__sensor__bosch__bma280.a(bma280_trigger.c.obj)
 .text.bma280_work_cb
                0x00000000000084f0       0x86 zephyr/drivers/sensor/bosch/bma280/libdrivers__sensor__bosch__bma280.a(bma280_trigger.c.obj)
 .text.bma280_trigger_set
                0x0000000000008576       0x70 zephyr/drivers/sensor/bosch/bma280/libdrivers__sensor__bosch__bma280.a(bma280_trigger.c.obj)
                0x0000000000008576                bma280_trigger_set
 .text.uarte_nrfx_err_check
                0x00000000000085e6        0xe zephyr/drivers/serial/libdrivers__serial.a(uart_nrfx_uarte.c.obj)
 .text.uarte_nrfx_poll_in
                0x00000000000085f4       0x26 zephyr/drivers/serial/libdrivers__serial.a(uart_nrfx_uarte.c.obj)
 .text.is_tx_ready.isra.0
                0x000000000000861a       0x20 zephyr/drivers/serial/libdrivers__serial.a(uart_nrfx_uarte.c.obj)
 .text.uarte_nrfx_isr_int
                0x000000000000863a       0x42 zephyr/drivers/serial/libdrivers__serial.a(uart_nrfx_uarte.c.obj)
 .text.event_clear
                0x000000000000867c       0x18 zephyr/drivers/timer/libdrivers__timer.a(nrf_rtc_timer.c.obj)
 .text.hw_cc3xx_init_internal
                0x0000000000008694        0x4 modules/nrf/drivers/hw_cc3xx/lib..__nrf__drivers__hw_cc3xx.a(hw_cc3xx.c.obj)
 .text.hw_cc3xx_init
                0x0000000000008698       0x12 modules/nrf/drivers/hw_cc3xx/lib..__nrf__drivers__hw_cc3xx.a(hw_cc3xx.c.obj)
 .text.nrfx_isr
                0x00000000000086aa        0x2 modules/hal_nordic/nrfx/libmodules__hal_nordic__nrfx.a(nrfx_glue.c.obj)
                0x00000000000086aa                nrfx_isr
 .text.nrfx_busy_wait
                0x00000000000086ac        0x4 modules/hal_nordic/nrfx/libmodules__hal_nordic__nrfx.a(nrfx_glue.c.obj)
                0x00000000000086ac                nrfx_busy_wait
 .text.nrfx_gppi_channel_endpoints_setup
                0x00000000000086b0       0x14 modules/hal_nordic/nrfx/libmodules__hal_nordic__nrfx.a(nrfx_gppi_ppi.c.obj)
                0x00000000000086b0                nrfx_gppi_channel_endpoints_setup
 .text.nrfx_gppi_channel_alloc
                0x00000000000086c4        0x4 modules/hal_nordic/nrfx/libmodules__hal_nordic__nrfx.a(nrfx_gppi_ppi.c.obj)
                0x00000000000086c4                nrfx_gppi_channel_alloc
 .text.nrfx_clock_stop
                0x00000000000086c8        0x4 modules/hal_nordic/nrfx/libmodules__hal_nordic__nrfx.a(nrfx_clock.c.obj)
                0x00000000000086c8                nrfx_clock_stop
 .text.nrf_gpio_reconfigure
                0x00000000000086cc       0x92 modules/hal_nordic/nrfx/libmodules__hal_nordic__nrfx.a(nrfx_gpiote.c.obj)
 .text.nrf_gpio_cfg_sense_set
                0x000000000000875e       0x1e modules/hal_nordic/nrfx/libmodules__hal_nordic__nrfx.a(nrfx_gpiote.c.obj)
 .text.pin_trigger_disable
                0x000000000000877c       0x48 modules/hal_nordic/nrfx/libmodules__hal_nordic__nrfx.a(nrfx_gpiote.c.obj)
 .text.nrfx_gpiote_pin_uninit
                0x00000000000087c4        0x4 modules/hal_nordic/nrfx/libmodules__hal_nordic__nrfx.a(nrfx_gpiote.c.obj)
                0x00000000000087c4                nrfx_gpiote_pin_uninit
 .text.nrfx_gpiote_trigger_disable
                0x00000000000087c8        0x4 modules/hal_nordic/nrfx/libmodules__hal_nordic__nrfx.a(nrfx_gpiote.c.obj)
                0x00000000000087c8                nrfx_gpiote_trigger_disable
 .text.twi_transfer
                0x00000000000087cc      0x130 modules/hal_nordic/nrfx/libmodules__hal_nordic__nrfx.a(nrfx_twi.c.obj)
 .text.nrf_gpio_pin_set
                0x00000000000088fc       0x1a modules/hal_nordic/nrfx/libmodules__hal_nordic__nrfx.a(nrfx_twi_twim.c.obj)
 .text.SEGGER_RTT_Init
                0x0000000000008916        0x4 modules/segger/libmodules__segger.a(SEGGER_RTT.c.obj)
                0x0000000000008916                SEGGER_RTT_Init
 .text.rtt_init
                0x000000000000891a        0xa modules/segger/libmodules__segger.a(SEGGER_RTT_zephyr.c.obj)
 .text.z_impl_k_busy_wait
                0x0000000000008924        0x8 zephyr/kernel/libkernel.a(busy_wait.c.obj)
                0x0000000000008924                z_impl_k_busy_wait
 .text.z_device_state_init
                0x000000000000892c        0x2 zephyr/kernel/libkernel.a(device.c.obj)
                0x000000000000892c                z_device_state_init
 .text.z_impl_device_is_ready
                0x000000000000892e       0x16 zephyr/kernel/libkernel.a(device.c.obj)
                0x000000000000892e                z_impl_device_is_ready
 .text.arch_system_halt
                0x0000000000008944       0x10 zephyr/kernel/libkernel.a(fatal.c.obj)
                0x0000000000008944                arch_system_halt
 .text.k_sys_fatal_error_handler
                0x0000000000008954        0x6 zephyr/kernel/libkernel.a(fatal.c.obj)
                0x0000000000008954                k_sys_fatal_error_handler
 .text.do_device_init
                0x000000000000895a       0x30 zephyr/kernel/libkernel.a(init.c.obj)
 .text.z_early_memset
                0x000000000000898a        0x4 zephyr/kernel/libkernel.a(init.c.obj)
                0x000000000000898a                z_early_memset
 .text.z_early_memcpy
                0x000000000000898e        0x4 zephyr/kernel/libkernel.a(init.c.obj)
                0x000000000000898e                z_early_memcpy
 .text.z_init_static
                0x0000000000008992        0x2 zephyr/kernel/libkernel.a(init_static.c.obj)
                0x0000000000008992                z_init_static
 .text.create_free_list
                0x0000000000008994       0x34 zephyr/kernel/libkernel.a(mem_slab.c.obj)
 .text.k_mem_slab_init
                0x00000000000089c8       0x1c zephyr/kernel/libkernel.a(mem_slab.c.obj)
                0x00000000000089c8                k_mem_slab_init
 .text.k_mem_slab_free
                0x00000000000089e4       0x4a zephyr/kernel/libkernel.a(mem_slab.c.obj)
                0x00000000000089e4                k_mem_slab_free
 .text.idle     0x0000000000008a2e       0x16 zephyr/kernel/libkernel.a(idle.c.obj)
                0x0000000000008a2e                idle
 .text.adjust_owner_prio.isra.0
                0x0000000000008a44       0x10 zephyr/kernel/libkernel.a(mutex.c.obj)
 .text.z_impl_k_mutex_init
                0x0000000000008a54        0xe zephyr/kernel/libkernel.a(mutex.c.obj)
                0x0000000000008a54                z_impl_k_mutex_init
 .text.z_impl_k_sem_init
                0x0000000000008a62       0x18 zephyr/kernel/libkernel.a(sem.c.obj)
                0x0000000000008a62                z_impl_k_sem_init
 .text.flag_test_and_clear
                0x0000000000008a7a       0x16 zephyr/kernel/libkernel.a(work.c.obj)
 .text.notify_queue_locked.isra.0
                0x0000000000008a90        0xe zephyr/kernel/libkernel.a(work.c.obj)
 .text.z_work_submit_to_queue
                0x0000000000008a9e       0x26 zephyr/kernel/libkernel.a(work.c.obj)
                0x0000000000008a9e                z_work_submit_to_queue
 .text.k_work_submit_to_queue
                0x0000000000008ac4       0x20 zephyr/kernel/libkernel.a(work.c.obj)
                0x0000000000008ac4                k_work_submit_to_queue
 .text.k_is_in_isr
                0x0000000000008ae4        0xc zephyr/kernel/libkernel.a(thread.c.obj)
                0x0000000000008ae4                k_is_in_isr
 .text.z_impl_k_thread_name_set
                0x0000000000008af0        0x6 zephyr/kernel/libkernel.a(thread.c.obj)
                0x0000000000008af0                z_impl_k_thread_name_set
 .text.z_impl_k_thread_start
                0x0000000000008af6        0x4 zephyr/kernel/libkernel.a(thread.c.obj)
                0x0000000000008af6                z_impl_k_thread_start
 .text.sys_dlist_remove
                0x0000000000008afa       0x10 zephyr/kernel/libkernel.a(sched.c.obj)
 .text.unpend_thread_no_timeout
                0x0000000000008b0a       0x14 zephyr/kernel/libkernel.a(sched.c.obj)
 .text.add_to_waitq_locked
                0x0000000000008b1e       0x50 zephyr/kernel/libkernel.a(sched.c.obj)
 .text.z_ready_thread
                0x0000000000008b6e       0x1e zephyr/kernel/libkernel.a(sched.c.obj)
                0x0000000000008b6e                z_ready_thread
 .text.z_impl_k_thread_suspend
                0x0000000000008b8c       0x34 zephyr/kernel/libkernel.a(sched.c.obj)
                0x0000000000008b8c                z_impl_k_thread_suspend
 .text.z_sched_wake_thread
                0x0000000000008bc0       0x42 zephyr/kernel/libkernel.a(sched.c.obj)
                0x0000000000008bc0                z_sched_wake_thread
 .text.z_thread_timeout
                0x0000000000008c02        0x8 zephyr/kernel/libkernel.a(sched.c.obj)
                0x0000000000008c02                z_thread_timeout
 .text.z_unpend_first_thread
                0x0000000000008c0a       0x36 zephyr/kernel/libkernel.a(sched.c.obj)
                0x0000000000008c0a                z_unpend_first_thread
 .text.z_thread_abort
                0x0000000000008c40       0x44 zephyr/kernel/libkernel.a(sched.c.obj)
                0x0000000000008c40                z_thread_abort
 .text.z_sched_wake
                0x0000000000008c84       0x44 zephyr/kernel/libkernel.a(sched.c.obj)
                0x0000000000008c84                z_sched_wake
 .text.z_abort_timeout
                0x0000000000008cc8       0x2a zephyr/kernel/libkernel.a(timeout.c.obj)
                0x0000000000008cc8                z_abort_timeout
 .text.sys_clock_tick_get_32
                0x0000000000008cf2        0x8 zephyr/kernel/libkernel.a(timeout.c.obj)
                0x0000000000008cf2                sys_clock_tick_get_32
 .text.strnlen  0x0000000000008cfa       0x18 c:\ncs\toolchains\2d382dcd92\opt\zephyr-sdk\arm-zephyr-eabi\bin\../lib/gcc/../../picolibc/arm-zephyr-eabi/lib/thumb/v7e-m/nofp\libc.a(libc_string_strnlen.c.o)
                0x0000000000008cfa                strnlen
 .text.__ultoa_invert
                0x0000000000008d12       0x50 c:\ncs\toolchains\2d382dcd92\opt\zephyr-sdk\arm-zephyr-eabi\bin\../lib/gcc/../../picolibc/arm-zephyr-eabi/lib/thumb/v7e-m/nofp\libc.a(libc_tinystdio_vfprintf.c.o)
 .text.mulShiftAll64
                0x0000000000008d62      0x176 c:\ncs\toolchains\2d382dcd92\opt\zephyr-sdk\arm-zephyr-eabi\bin\../lib/gcc/../../picolibc/arm-zephyr-eabi/lib/thumb/v7e-m/nofp\libc.a(libc_tinystdio_dtoa_ryu.c.o)
 .text.__umul128
                0x0000000000008ed8       0x36 c:\ncs\toolchains\2d382dcd92\opt\zephyr-sdk\arm-zephyr-eabi\bin\../lib/gcc/../../picolibc/arm-zephyr-eabi/lib/thumb/v7e-m/nofp\libc.a(libc_tinystdio_ryu_umul128.c.o)
                0x0000000000008ed8                __umul128
 .text.__shiftright128
                0x0000000000008f0e       0x3e c:\ncs\toolchains\2d382dcd92\opt\zephyr-sdk\arm-zephyr-eabi\bin\../lib/gcc/../../picolibc/arm-zephyr-eabi/lib/thumb/v7e-m/nofp\libc.a(libc_tinystdio_ryu_umul128.c.o)
                0x0000000000008f0e                __shiftright128
 .text.memcpy   0x0000000000008f4c       0x1c c:\ncs\toolchains\2d382dcd92\opt\zephyr-sdk\arm-zephyr-eabi\bin\../lib/gcc/../../picolibc/arm-zephyr-eabi/lib/thumb/v7e-m/nofp\libc.a(memcpy.c.o)
                0x0000000000008f4c                __aeabi_memcpy
                0x0000000000008f4c                __aeabi_memcpy4
                0x0000000000008f4c                __aeabi_memcpy8
                0x0000000000008f4c                memcpy
 .text.memset   0x0000000000008f68       0x10 c:\ncs\toolchains\2d382dcd92\opt\zephyr-sdk\arm-zephyr-eabi\bin\../lib/gcc/../../picolibc/arm-zephyr-eabi/lib/thumb/v7e-m/nofp\libc.a(memset.c.o)
                0x0000000000008f68                memset
 .text.__dtox_engine
                0x0000000000008f78      0x17c c:\ncs\toolchains\2d382dcd92\opt\zephyr-sdk\arm-zephyr-eabi\bin\../lib/gcc/../../picolibc/arm-zephyr-eabi/lib/thumb/v7e-m/nofp\libc.a(libc_tinystdio_dtox_engine.c.o)
                0x0000000000008f78                __dtox_engine
 .text.fputc    0x00000000000090f4       0x28 c:\ncs\toolchains\2d382dcd92\opt\zephyr-sdk\arm-zephyr-eabi\bin\../lib/gcc/../../picolibc/arm-zephyr-eabi/lib/thumb/v7e-m/nofp\libc.a(libc_tinystdio_fputc.c.o)
                0x00000000000090f4                fputc
                0x00000000000090f4                putc
 *(SORT_BY_ALIGNMENT(.TEXT.*))
 .TEXT.__aeabi_read_tp
                0x000000000000911c        0xc zephyr/arch/arch/arm/core/cortex_m/libarch__arm__core__cortex_m.a(__aeabi_read_tp.S.obj)
                0x000000000000911c                __aeabi_read_tp
 *(SORT_BY_ALIGNMENT(.gnu.linkonce.t.*))
 *(SORT_BY_ALIGNMENT(.glue_7t))
 .glue_7t       0x0000000000009128        0x0 linker stubs
 *(SORT_BY_ALIGNMENT(.glue_7))
 .glue_7        0x0000000000009128        0x0 linker stubs
 *(SORT_BY_ALIGNMENT(.vfp11_veneer))
 .vfp11_veneer  0x0000000000009128        0x0 linker stubs
 *(SORT_BY_ALIGNMENT(.v4_bx))
 .v4_bx         0x0000000000009128        0x0 linker stubs
                0x0000000000009128                . = ALIGN (0x4)
                0x0000000000009128                __text_region_end = .

.ARM.exidx      0x0000000000009128        0x8
                0x0000000000009128                __exidx_start = .
 *(SORT_BY_ALIGNMENT(.ARM.exidx*) SORT_BY_ALIGNMENT(gnu.linkonce.armexidx.*))
 .ARM.exidx     0x0000000000009128        0x8 c:/ncs/toolchains/2d382dcd92/opt/zephyr-sdk/arm-zephyr-eabi/bin/../lib/gcc/arm-zephyr-eabi/12.2.0/thumb/v7e-m/nofp\libgcc.a(_udivmoddi4.o)
                0x0000000000009130                __exidx_end = .
                0x0000000000009130                __rodata_region_start = .

initlevel       0x0000000000009130       0x80
                0x0000000000009130                __init_start = .
                0x0000000000009130                __init_EARLY_start = .
 *(SORT_BY_NAME(SORT_BY_ALIGNMENT(.z_init_EARLY?_*)))
 *(SORT_BY_NAME(SORT_BY_ALIGNMENT(.z_init_EARLY??_*)))
                0x0000000000009130                __init_PRE_KERNEL_1_start = .
 *(SORT_BY_NAME(SORT_BY_ALIGNMENT(.z_init_PRE_KERNEL_1?_*)))
 .z_init_PRE_KERNEL_10_0_
                0x0000000000009130        0x8 zephyr/soc/soc/nrf52840/libsoc__nordic.a(soc.c.obj)
 *(SORT_BY_NAME(SORT_BY_ALIGNMENT(.z_init_PRE_KERNEL_1??_*)))
 .z_init_PRE_KERNEL_130_00075_
                0x0000000000009138        0x8 zephyr/drivers/clock_control/libdrivers__clock_control.a(clock_control_nrf.c.obj)
 .z_init_PRE_KERNEL_130_0_
                0x0000000000009140        0x8 modules/segger/libmodules__segger.a(SEGGER_RTT_zephyr.c.obj)
 .z_init_PRE_KERNEL_130_0_
                0x0000000000009148        0x8 zephyr/kernel/libkernel.a(mem_slab.c.obj)
 .z_init_PRE_KERNEL_140_00011_
                0x0000000000009150        0x8 zephyr/drivers/gpio/libdrivers__gpio.a(gpio_nrfx.c.obj)
 .z_init_PRE_KERNEL_140_00104_
                0x0000000000009158        0x8 zephyr/drivers/gpio/libdrivers__gpio.a(gpio_nrfx.c.obj)
 .z_init_PRE_KERNEL_140_0_
                0x0000000000009160        0x8 modules/nrf/drivers/hw_cc3xx/lib..__nrf__drivers__hw_cc3xx.a(hw_cc3xx.c.obj)
 .z_init_PRE_KERNEL_150_00112_
                0x0000000000009168        0x8 zephyr/drivers/serial/libdrivers__serial.a(uart_nrfx_uarte.c.obj)
 .z_init_PRE_KERNEL_160_0_
                0x0000000000009170        0x8 zephyr/drivers/console/libdrivers__console.a(uart_console.c.obj)
                0x0000000000009178                __init_PRE_KERNEL_2_start = .
 *(SORT_BY_NAME(SORT_BY_ALIGNMENT(.z_init_PRE_KERNEL_2?_*)))
 .z_init_PRE_KERNEL_20_0_
                0x0000000000009178        0x8 zephyr/drivers/timer/libdrivers__timer.a(nrf_rtc_timer.c.obj)
 *(SORT_BY_NAME(SORT_BY_ALIGNMENT(.z_init_PRE_KERNEL_2??_*)))
                0x0000000000009180                __init_POST_KERNEL_start = .
 *(SORT_BY_NAME(SORT_BY_ALIGNMENT(.z_init_POST_KERNEL?_*)))
 *(SORT_BY_NAME(SORT_BY_ALIGNMENT(.z_init_POST_KERNEL??_*)))
 .z_init_POST_KERNEL35_0_
                0x0000000000009180        0x8 zephyr/lib/libc/common/liblib__libc__common.a(malloc.c.obj)
 .z_init_POST_KERNEL40_0_
                0x0000000000009188        0x8 modules/nrf/drivers/hw_cc3xx/lib..__nrf__drivers__hw_cc3xx.a(hw_cc3xx.c.obj)
 .z_init_POST_KERNEL40_0_
                0x0000000000009190        0x8 zephyr/kernel/libkernel.a(system_work_q.c.obj)
 .z_init_POST_KERNEL50_00124_
                0x0000000000009198        0x8 zephyr/drivers/i2c/libdrivers__i2c.a(i2c_nrfx_twi.c.obj)
 .z_init_POST_KERNEL90_00106_
                0x00000000000091a0        0x8 zephyr/drivers/sensor/nordic/temp/libdrivers__sensor__nordic__temp.a(temp_nrf5.c.obj)
 .z_init_POST_KERNEL90_00125_
                0x00000000000091a8        0x8 zephyr/drivers/sensor/bosch/bma280/libdrivers__sensor__bosch__bma280.a(bma280.c.obj)
                0x00000000000091b0                __init_APPLICATION_start = .
 *(SORT_BY_NAME(SORT_BY_ALIGNMENT(.z_init_APPLICATION?_*)))
 *(SORT_BY_NAME(SORT_BY_ALIGNMENT(.z_init_APPLICATION??_*)))
                0x00000000000091b0                __init_SMP_start = .
 *(SORT_BY_NAME(SORT_BY_ALIGNMENT(.z_init_SMP?_*)))
 *(SORT_BY_NAME(SORT_BY_ALIGNMENT(.z_init_SMP??_*)))
                0x00000000000091b0                __init_end = .
                0x00000000000091b0                __deferred_init_list_start = .
 *(SORT_BY_ALIGNMENT(.z_deferred_init*))
                0x00000000000091b0                __deferred_init_list_end = .

device_area     0x00000000000091b0       0x8c
                0x00000000000091b0                _device_list_start = .
 *(SORT_BY_NAME(SORT_BY_ALIGNMENT(._device.static.*_?_*)))
 *(SORT_BY_NAME(SORT_BY_ALIGNMENT(._device.static.*_??_*)))
 ._device.static.1_30_
                0x00000000000091b0       0x14 zephyr/drivers/clock_control/libdrivers__clock_control.a(clock_control_nrf.c.obj)
                0x00000000000091b0                __device_dts_ord_75
 ._device.static.1_40_
                0x00000000000091c4       0x28 zephyr/drivers/gpio/libdrivers__gpio.a(gpio_nrfx.c.obj)
                0x00000000000091c4                __device_dts_ord_104
                0x00000000000091d8                __device_dts_ord_11
 ._device.static.1_50_
                0x00000000000091ec       0x14 zephyr/drivers/serial/libdrivers__serial.a(uart_nrfx_uarte.c.obj)
                0x00000000000091ec                __device_dts_ord_112
 ._device.static.3_50_
                0x0000000000009200       0x14 zephyr/drivers/i2c/libdrivers__i2c.a(i2c_nrfx_twi.c.obj)
                0x0000000000009200                __device_dts_ord_124
 ._device.static.3_90_
                0x0000000000009214       0x14 zephyr/drivers/sensor/bosch/bma280/libdrivers__sensor__bosch__bma280.a(bma280.c.obj)
                0x0000000000009214                __device_dts_ord_125
 ._device.static.3_90_
                0x0000000000009228       0x14 zephyr/drivers/sensor/nordic/temp/libdrivers__sensor__nordic__temp.a(temp_nrf5.c.obj)
                0x0000000000009228                __device_dts_ord_106
                0x000000000000923c                _device_list_end = .

sw_isr_table    0x000000000000923c      0x180
                0x000000000000923c                . = ALIGN (0x4)
 *(SORT_BY_ALIGNMENT(.gnu.linkonce.sw_isr_table*))
 .gnu.linkonce.sw_isr_table
                0x000000000000923c      0x180 zephyr/arch/common/libisr_tables.a(isr_tables.c.obj)
                0x000000000000923c                _sw_isr_table

initlevel_error
                0x0000000000009130        0x0
 *(SORT_BY_NAME(SORT_BY_ALIGNMENT(.z_init_[_A-Z0-9]*)))
                0x0000000000000001                ASSERT ((SIZEOF (initlevel_error) == 0x0), Undefined initialization levels used.)

app_shmem_regions
                0x00000000000093bc        0x0
                0x00000000000093bc                __app_shmem_regions_start = .
 *(SORT_BY_NAME(SORT_BY_ALIGNMENT(.app_regions.*)))
                0x00000000000093bc                __app_shmem_regions_end = .

k_p4wq_initparam_area
                0x00000000000093bc        0x0
                0x00000000000093bc                _k_p4wq_initparam_list_start = .
 *(SORT_BY_NAME(SORT_BY_ALIGNMENT(._k_p4wq_initparam.static.*)))
                0x00000000000093bc                _k_p4wq_initparam_list_end = .

_static_thread_data_area
                0x00000000000093bc        0x0
                0x00000000000093bc                __static_thread_data_list_start = .
 *(SORT_BY_NAME(SORT_BY_ALIGNMENT(.__static_thread_data.static.*)))
                0x00000000000093bc                __static_thread_data_list_end = .

device_deps     0x00000000000093bc        0x0
                0x00000000000093bc                __device_deps_start = .
 *(SORT_BY_NAME(SORT_BY_ALIGNMENT(.__device_deps_pass2*)))
                0x00000000000093bc                __device_deps_end = .

ztest           0x00000000000093bc        0x0
                0x00000000000093bc                _ztest_expected_result_entry_list_start = .
 *(SORT_BY_NAME(SORT_BY_ALIGNMENT(._ztest_expected_result_entry.static.*)))
                0x00000000000093bc                _ztest_expected_result_entry_list_end = .
                0x00000000000093bc                _ztest_suite_node_list_start = .
 *(SORT_BY_NAME(SORT_BY_ALIGNMENT(._ztest_suite_node.static.*)))
                0x00000000000093bc                _ztest_suite_node_list_end = .
                0x00000000000093bc                _ztest_unit_test_list_start = .
 *(SORT_BY_NAME(SORT_BY_ALIGNMENT(._ztest_unit_test.static.*)))
                0x00000000000093bc                _ztest_unit_test_list_end = .
                0x00000000000093bc                _ztest_test_rule_list_start = .
 *(SORT_BY_NAME(SORT_BY_ALIGNMENT(._ztest_test_rule.static.*)))
                0x00000000000093bc                _ztest_test_rule_list_end = .

init_array      0x00000000000093bc        0x0
 *(SORT_BY_NAME(SORT_BY_ALIGNMENT(.ctors*)))
 *(SORT_BY_NAME(SORT_BY_ALIGNMENT(.init_array*)))
                0x0000000000000001                ASSERT ((SIZEOF (init_array) == 0x0), GNU-style constructors required but STATIC_INIT_GNU not enabled)

bt_l2cap_fixed_chan_area
                0x00000000000093bc        0x0
                0x00000000000093bc                _bt_l2cap_fixed_chan_list_start = .
 *(SORT_BY_NAME(SORT_BY_ALIGNMENT(._bt_l2cap_fixed_chan.static.*)))
                0x00000000000093bc                _bt_l2cap_fixed_chan_list_end = .

bt_gatt_service_static_area
                0x00000000000093bc        0x0
                0x00000000000093bc                _bt_gatt_service_static_list_start = .
 *(SORT_BY_NAME(SORT_BY_ALIGNMENT(._bt_gatt_service_static.static.*)))
                0x00000000000093bc                _bt_gatt_service_static_list_end = .

log_strings_area
                0x00000000000093bc        0x0
                0x00000000000093bc                _log_strings_list_start = .
 *(SORT_BY_NAME(SORT_BY_ALIGNMENT(._log_strings.static.*)))
                0x00000000000093bc                _log_strings_list_end = .

log_const_area  0x00000000000093bc        0x0
                0x00000000000093bc                _log_const_list_start = .
 *(SORT_BY_NAME(SORT_BY_ALIGNMENT(._log_const.static.*)))
                0x00000000000093bc                _log_const_list_end = .

log_backend_area
                0x00000000000093bc        0x0
                0x00000000000093bc                _log_backend_list_start = .
 *(SORT_BY_NAME(SORT_BY_ALIGNMENT(._log_backend.static.*)))
                0x00000000000093bc                _log_backend_list_end = .

log_link_area   0x00000000000093bc        0x0
                0x00000000000093bc                _log_link_list_start = .
 *(SORT_BY_NAME(SORT_BY_ALIGNMENT(._log_link.static.*)))
                0x00000000000093bc                _log_link_list_end = .

tracing_backend_area
                0x00000000000093bc        0x0
                0x00000000000093bc                _tracing_backend_list_start = .
 *(SORT_BY_NAME(SORT_BY_ALIGNMENT(._tracing_backend.static.*)))
                0x00000000000093bc                _tracing_backend_list_end = .

zephyr_dbg_info
 *(SORT_BY_ALIGNMENT(.dbg_thread_info))

intc_table_area
                0x00000000000093bc        0x0
                0x00000000000093bc                _intc_table_list_start = .
 *(SORT_BY_NAME(SORT_BY_ALIGNMENT(._intc_table.static.*)))
                0x00000000000093bc                _intc_table_list_end = .

symbol_to_keep  0x00000000000093bc        0x0
                0x00000000000093bc                __symbol_to_keep_start = .
 *(SORT_BY_NAME(SORT_BY_ALIGNMENT(.symbol_to_keep*)))
                0x00000000000093bc                __symbol_to_keep_end = .

shell_area      0x00000000000093bc        0x0
                0x00000000000093bc                _shell_list_start = .
 *(SORT_BY_NAME(SORT_BY_ALIGNMENT(._shell.static.*)))
                0x00000000000093bc                _shell_list_end = .

shell_root_cmds_area
                0x00000000000093bc        0x0
                0x00000000000093bc                _shell_root_cmds_list_start = .
 *(SORT_BY_NAME(SORT_BY_ALIGNMENT(._shell_root_cmds.static.*)))
                0x00000000000093bc                _shell_root_cmds_list_end = .

shell_subcmds_area
                0x00000000000093bc        0x0
                0x00000000000093bc                _shell_subcmds_list_start = .
 *(SORT_BY_NAME(SORT_BY_ALIGNMENT(._shell_subcmds.static.*)))
                0x00000000000093bc                _shell_subcmds_list_end = .

shell_dynamic_subcmds_area
                0x00000000000093bc        0x0
                0x00000000000093bc                _shell_dynamic_subcmds_list_start = .
 *(SORT_BY_NAME(SORT_BY_ALIGNMENT(._shell_dynamic_subcmds.static.*)))
                0x00000000000093bc                _shell_dynamic_subcmds_list_end = .

cfb_font_area   0x00000000000093bc        0x0
                0x00000000000093bc                _cfb_font_list_start = .
 *(SORT_BY_NAME(SORT_BY_ALIGNMENT(._cfb_font.static.*)))
                0x00000000000093bc                _cfb_font_list_end = .

tdata           0x00000000000093bc        0x0
 *(SORT_BY_ALIGNMENT(.tdata) SORT_BY_ALIGNMENT(.tdata.*) SORT_BY_ALIGNMENT(.gnu.linkonce.td.*))

tbss            0x00000000000093bc        0x4
 *(SORT_BY_ALIGNMENT(.tbss) SORT_BY_ALIGNMENT(.tbss.*) SORT_BY_ALIGNMENT(.gnu.linkonce.tb.*) SORT_BY_ALIGNMENT(.tcommon))
 .tbss.z_tls_current
                0x00000000000093bc        0x4 zephyr/libzephyr.a(thread_entry.c.obj)
                0x00000000000093bc                z_tls_current
                0x00000000000093bc                PROVIDE (__tdata_start = LOADADDR (tdata))
                0x0000000000000001                PROVIDE (__tdata_align = ALIGNOF (tdata))
                0x0000000000000000                PROVIDE (__tdata_size = (((SIZEOF (tdata) + __tdata_align) - 0x1) & ~ ((__tdata_align - 0x1))))
                [!provide]                        PROVIDE (__tdata_end = (__tdata_start + __tdata_size))
                0x0000000000000004                PROVIDE (__tbss_align = ALIGNOF (tbss))